Component: ARM Compiler 5.06 update 6 (build 750) Tool: armlink [4d35ed]

==============================================================================

Section Cross References

    stm32f4xx_adc.o(i.ADC_DeInit) refers to stm32f4xx_rcc.o(i.RCC_APB2PeriphResetCmd) for RCC_APB2PeriphResetCmd
    stm32f4xx_can.o(i.CAN_DeInit) refers to stm32f4xx_rcc.o(i.RCC_APB1PeriphResetCmd) for RCC_APB1PeriphResetCmd
    stm32f4xx_can.o(i.CAN_GetITStatus) refers to stm32f4xx_can.o(i.CheckITStatus) for CheckITStatus
    stm32f4xx_cryp.o(i.CRYP_DeInit) refers to stm32f4xx_rcc.o(i.RCC_AHB2PeriphResetCmd) for RCC_AHB2PeriphResetCmd
    stm32f4xx_cryp_aes.o(i.CRYP_AES_CBC) refers to stm32f4xx_cryp.o(i.CRYP_KeyStructInit) for CRYP_KeyStructInit
    stm32f4xx_cryp_aes.o(i.CRYP_AES_CBC) refers to stm32f4xx_cryp.o(i.CRYP_FIFOFlush) for CRYP_FIFOFlush
    stm32f4xx_cryp_aes.o(i.CRYP_AES_CBC) refers to stm32f4xx_cryp.o(i.CRYP_Init) for CRYP_Init
    stm32f4xx_cryp_aes.o(i.CRYP_AES_CBC) refers to stm32f4xx_cryp.o(i.CRYP_KeyInit) for CRYP_KeyInit
    stm32f4xx_cryp_aes.o(i.CRYP_AES_CBC) refers to stm32f4xx_cryp.o(i.CRYP_Cmd) for CRYP_Cmd
    stm32f4xx_cryp_aes.o(i.CRYP_AES_CBC) refers to stm32f4xx_cryp.o(i.CRYP_GetFlagStatus) for CRYP_GetFlagStatus
    stm32f4xx_cryp_aes.o(i.CRYP_AES_CBC) refers to stm32f4xx_cryp.o(i.CRYP_IVInit) for CRYP_IVInit
    stm32f4xx_cryp_aes.o(i.CRYP_AES_CBC) refers to stm32f4xx_cryp.o(i.CRYP_GetCmdStatus) for CRYP_GetCmdStatus
    stm32f4xx_cryp_aes.o(i.CRYP_AES_CBC) refers to stm32f4xx_cryp.o(i.CRYP_DataIn) for CRYP_DataIn
    stm32f4xx_cryp_aes.o(i.CRYP_AES_CBC) refers to stm32f4xx_cryp.o(i.CRYP_DataOut) for CRYP_DataOut
    stm32f4xx_cryp_aes.o(i.CRYP_AES_CCM) refers to stm32f4xx_cryp.o(i.CRYP_KeyStructInit) for CRYP_KeyStructInit
    stm32f4xx_cryp_aes.o(i.CRYP_AES_CCM) refers to stm32f4xx_cryp.o(i.CRYP_FIFOFlush) for CRYP_FIFOFlush
    stm32f4xx_cryp_aes.o(i.CRYP_AES_CCM) refers to stm32f4xx_cryp.o(i.CRYP_KeyInit) for CRYP_KeyInit
    stm32f4xx_cryp_aes.o(i.CRYP_AES_CCM) refers to stm32f4xx_cryp.o(i.CRYP_IVInit) for CRYP_IVInit
    stm32f4xx_cryp_aes.o(i.CRYP_AES_CCM) refers to stm32f4xx_cryp.o(i.CRYP_Init) for CRYP_Init
    stm32f4xx_cryp_aes.o(i.CRYP_AES_CCM) refers to stm32f4xx_cryp.o(i.CRYP_PhaseConfig) for CRYP_PhaseConfig
    stm32f4xx_cryp_aes.o(i.CRYP_AES_CCM) refers to stm32f4xx_cryp.o(i.CRYP_DataIn) for CRYP_DataIn
    stm32f4xx_cryp_aes.o(i.CRYP_AES_CCM) refers to stm32f4xx_cryp.o(i.CRYP_Cmd) for CRYP_Cmd
    stm32f4xx_cryp_aes.o(i.CRYP_AES_CCM) refers to stm32f4xx_cryp.o(i.CRYP_GetCmdStatus) for CRYP_GetCmdStatus
    stm32f4xx_cryp_aes.o(i.CRYP_AES_CCM) refers to stm32f4xx_cryp.o(i.CRYP_GetFlagStatus) for CRYP_GetFlagStatus
    stm32f4xx_cryp_aes.o(i.CRYP_AES_CCM) refers to stm32f4xx_cryp.o(i.CRYP_DataOut) for CRYP_DataOut
    stm32f4xx_cryp_aes.o(i.CRYP_AES_CTR) refers to stm32f4xx_cryp.o(i.CRYP_KeyStructInit) for CRYP_KeyStructInit
    stm32f4xx_cryp_aes.o(i.CRYP_AES_CTR) refers to stm32f4xx_cryp.o(i.CRYP_KeyInit) for CRYP_KeyInit
    stm32f4xx_cryp_aes.o(i.CRYP_AES_CTR) refers to stm32f4xx_cryp.o(i.CRYP_Init) for CRYP_Init
    stm32f4xx_cryp_aes.o(i.CRYP_AES_CTR) refers to stm32f4xx_cryp.o(i.CRYP_IVInit) for CRYP_IVInit
    stm32f4xx_cryp_aes.o(i.CRYP_AES_CTR) refers to stm32f4xx_cryp.o(i.CRYP_FIFOFlush) for CRYP_FIFOFlush
    stm32f4xx_cryp_aes.o(i.CRYP_AES_CTR) refers to stm32f4xx_cryp.o(i.CRYP_Cmd) for CRYP_Cmd
    stm32f4xx_cryp_aes.o(i.CRYP_AES_CTR) refers to stm32f4xx_cryp.o(i.CRYP_GetCmdStatus) for CRYP_GetCmdStatus
    stm32f4xx_cryp_aes.o(i.CRYP_AES_CTR) refers to stm32f4xx_cryp.o(i.CRYP_DataIn) for CRYP_DataIn
    stm32f4xx_cryp_aes.o(i.CRYP_AES_CTR) refers to stm32f4xx_cryp.o(i.CRYP_GetFlagStatus) for CRYP_GetFlagStatus
    stm32f4xx_cryp_aes.o(i.CRYP_AES_CTR) refers to stm32f4xx_cryp.o(i.CRYP_DataOut) for CRYP_DataOut
    stm32f4xx_cryp_aes.o(i.CRYP_AES_ECB) refers to stm32f4xx_cryp.o(i.CRYP_KeyStructInit) for CRYP_KeyStructInit
    stm32f4xx_cryp_aes.o(i.CRYP_AES_ECB) refers to stm32f4xx_cryp.o(i.CRYP_FIFOFlush) for CRYP_FIFOFlush
    stm32f4xx_cryp_aes.o(i.CRYP_AES_ECB) refers to stm32f4xx_cryp.o(i.CRYP_Init) for CRYP_Init
    stm32f4xx_cryp_aes.o(i.CRYP_AES_ECB) refers to stm32f4xx_cryp.o(i.CRYP_KeyInit) for CRYP_KeyInit
    stm32f4xx_cryp_aes.o(i.CRYP_AES_ECB) refers to stm32f4xx_cryp.o(i.CRYP_Cmd) for CRYP_Cmd
    stm32f4xx_cryp_aes.o(i.CRYP_AES_ECB) refers to stm32f4xx_cryp.o(i.CRYP_GetFlagStatus) for CRYP_GetFlagStatus
    stm32f4xx_cryp_aes.o(i.CRYP_AES_ECB) refers to stm32f4xx_cryp.o(i.CRYP_GetCmdStatus) for CRYP_GetCmdStatus
    stm32f4xx_cryp_aes.o(i.CRYP_AES_ECB) refers to stm32f4xx_cryp.o(i.CRYP_DataIn) for CRYP_DataIn
    stm32f4xx_cryp_aes.o(i.CRYP_AES_ECB) refers to stm32f4xx_cryp.o(i.CRYP_DataOut) for CRYP_DataOut
    stm32f4xx_cryp_aes.o(i.CRYP_AES_GCM) refers to stm32f4xx_cryp.o(i.CRYP_KeyStructInit) for CRYP_KeyStructInit
    stm32f4xx_cryp_aes.o(i.CRYP_AES_GCM) refers to stm32f4xx_cryp.o(i.CRYP_FIFOFlush) for CRYP_FIFOFlush
[...]
    .ARM.Collect$$libinit$$00000016          0x08000224   Section       10  libinit2.o(.ARM.Collect$$libinit$$00000016)
    .ARM.Collect$$libinit$$00000017          0x0800022e   Section        0  libinit2.o(.ARM.Collect$$libinit$$00000017)
    .ARM.Collect$$libinit$$00000019          0x0800022e   Section        0  libinit2.o(.ARM.Collect$$libinit$$00000019)
    .ARM.Collect$$libinit$$0000001B          0x0800022e   Section        0  libinit2.o(.ARM.Collect$$libinit$$0000001B)
    .ARM.Collect$$libinit$$0000001D          0x0800022e   Section        0  libinit2.o(.ARM.Collect$$libinit$$0000001D)
    .ARM.Collect$$libinit$$0000001F          0x0800022e   Section        0  libinit2.o(.ARM.Collect$$libinit$$0000001F)
    .ARM.Collect$$libinit$$00000021          0x0800022e   Section        0  libinit2.o(.ARM.Collect$$libinit$$00000021)
    .ARM.Collect$$libinit$$00000023          0x0800022e   Section        0  libinit2.o(.ARM.Collect$$libinit$$00000023)
    .ARM.Collect$$libinit$$00000025          0x0800022e   Section        0  libinit2.o(.ARM.Collect$$libinit$$00000025)
    .ARM.Collect$$libinit$$0000002C          0x0800022e   Section        0  libinit2.o(.ARM.Collect$$libinit$$0000002C)
    .ARM.Collect$$libinit$$0000002E          0x0800022e   Section        0  libinit2.o(.ARM.Collect$$libinit$$0000002E)
    .ARM.Collect$$libinit$$00000030          0x0800022e   Section        0  libinit2.o(.ARM.Collect$$libinit$$00000030)
    .ARM.Collect$$libinit$$00000032          0x0800022e   Section        0  libinit2.o(.ARM.Collect$$libinit$$00000032)
    .ARM.Collect$$libinit$$00000033          0x0800022e   Section        2  libinit2.o(.ARM.Collect$$libinit$$00000033)
    .ARM.Collect$$libshutdown$$00000000      0x08000230   Section        2  libshutdown.o(.ARM.Collect$$libshutdown$$00000000)
    .ARM.Collect$$libshutdown$$00000002      0x08000232   Section        0  libshutdown2.o(.ARM.Collect$$libshutdown$$00000002)
    .ARM.Collect$$libshutdown$$00000004      0x08000232   Section        0  libshutdown2.o(.ARM.Collect$$libshutdown$$00000004)
    .ARM.Collect$$libshutdown$$00000007      0x08000232   Section        0  libshutdown2.o(.ARM.Collect$$libshutdown$$00000007)
    .ARM.Collect$$libshutdown$$0000000A      0x08000232   Section        0  libshutdown2.o(.ARM.Collect$$libshutdown$$0000000A)
    .ARM.Collect$$libshutdown$$0000000C      0x08000232   Section        0  libshutdown2.o(.ARM.Collect$$libshutdown$$0000000C)
    .ARM.Collect$$libshutdown$$0000000F      0x08000232   Section        0  libshutdown2.o(.ARM.Collect$$libshutdown$$0000000F)
    .ARM.Collect$$libshutdown$$00000010      0x08000232   Section        2  libshutdown2.o(.ARM.Collect$$libshutdown$$00000010)
    .ARM.Collect$$rtentry$$00000000          0x08000234   Section        0  __rtentry.o(.ARM.Collect$$rtentry$$00000000)
    .ARM.Collect$$rtentry$$00000002          0x08000234   Section        0  __rtentry2.o(.ARM.Collect$$rtentry$$00000002)
    .ARM.Collect$$rtentry$$00000004          0x08000234   Section        6  __rtentry4.o(.ARM.Collect$$rtentry$$00000004)
    .ARM.Collect$$rtentry$$00000009          0x0800023a   Section        0  __rtentry2.o(.ARM.Collect$$rtentry$$00000009)
    .ARM.Collect$$rtentry$$0000000A          0x0800023a   Section        4  __rtentry2.o(.ARM.Collect$$rtentry$$0000000A)
    .ARM.Collect$$rtentry$$0000000C          0x0800023e   Section        0  __rtentry2.o(.ARM.Collect$$rtentry$$0000000C)
    .ARM.Collect$$rtentry$$0000000D          0x0800023e   Section        8  __rtentry2.o(.ARM.Collect$$rtentry$$0000000D)
    .ARM.Collect$$rtexit$$00000000           0x08000246   Section        2  rtexit.o(.ARM.Collect$$rtexit$$00000000)
    .ARM.Collect$$rtexit$$00000002           0x08000248   Section        0  rtexit2.o(.ARM.Collect$$rtexit$$00000002)
    .ARM.Collect$$rtexit$$00000003           0x08000248   Section        4  rtexit2.o(.ARM.Collect$$rtexit$$00000003)
    .ARM.Collect$$rtexit$$00000004           0x0800024c   Section        6  rtexit2.o(.ARM.Collect$$rtexit$$00000004)
    .text                                    0x08000254   Section       64  startup_stm32f40_41xxx.o(.text)
    $v0                                      0x08000254   Number         0  startup_stm32f40_41xxx.o(.text)
    .text                                    0x08000294   Section        2  use_no_semi_2.o(.text)
    .text                                    0x08000298   Section        0  __2printf.o(.text)
    .text                                    0x080002b0   Section        0  _printf_str.o(.text)
    .text                                    0x08000304   Section        0  _printf_dec.o(.text)
    .text                                    0x0800037c   Section        0  __printf_flags_ss_wp.o(.text)
    .text                                    0x08000504   Section        0  heapauxi.o(.text)
    .text                                    0x0800050a   Section        2  use_no_semi.o(.text)
    .text                                    0x0800050c   Section        0  _printf_intcommon.o(.text)
    .text                                    0x080005be   Section        0  _printf_fp_dec.o(.text)
    _fp_digits                               0x080005c1   Thumb Code   432  _printf_fp_dec.o(.text)
    .text                                    0x080009dc   Section        0  _printf_char_common.o(.text)
    _printf_input_char                       0x080009dd   Thumb Code    10  _printf_char_common.o(.text)
    .text                                    0x08000a0c   Section        0  _printf_char.o(.text)
    .text                                    0x08000a38   Section        0  _printf_char_file.o(.text)
    .text                                    0x08000a5c   Section        8  rt_locale_intlibspace.o(.text)
    .text                                    0x08000a64   Section      138  lludiv10.o(.text)
    .text                                    0x08000af0   Section        0  _printf_fp_infnan.o(.text)
    .text                                    0x08000b70   Section        0  bigflt0.o(.text)
    .text                                    0x08000c54   Section        0  ferror.o(.text)
    .text                                    0x08000c5c   Section        8  libspace.o(.text)
    .text                                    0x08000c64   Section       74  sys_stackheap_outer.o(.text)
    .text                                    0x08000cae   Section        0  exit.o(.text)
    .text                                    0x08000cc0   Section      128  strcmpv7m.o(.text)
    CL$$btod_d2e                             0x08000d40   Section       62  btod.o(CL$$btod_d2e)
    CL$$btod_d2e_denorm_low                  0x08000d7e   Section       70  btod.o(CL$$btod_d2e_denorm_low)
    CL$$btod_d2e_norm_op1                    0x08000dc4   Section       96  btod.o(CL$$btod_d2e_norm_op1)
    CL$$btod_div_common                      0x08000e24   Section      824  btod.o(CL$$btod_div_common)
    CL$$btod_e2e                             0x0800115c   Section      220  btod.o(CL$$btod_e2e)
    CL$$btod_ediv                            0x08001238   Section       42  btod.o(CL$$btod_ediv)
    CL$$btod_emul                            0x08001262   Section       42  btod.o(CL$$btod_emul)
    CL$$btod_mult_common                     0x0800128c   Section      580  btod.o(CL$$btod_mult_common)
    i.Acceleration_Get                       0x080014d0   Section        0  computation.o(i.Acceleration_Get)
    i.AngularVelocity_Get                    0x08001590   Section        0  computation.o(i.AngularVelocity_Get)
    i.BMI055_Configuration                   0x08001638   Section        0  bmi055.o(i.BMI055_Configuration)
    i.BMI055_DataTransform                   0x0800188c   Section        0  bmi055.o(i.BMI055_DataTransform)
    i.BMI055_ReadBuffer                      0x080018b4   Section        0  bmi055.o(i.BMI055_ReadBuffer)
    i.BMI055_SendData                        0x08001918   Section        0  bmi055.o(i.BMI055_SendData)
    i.BUZZER_Configuration                   0x0800196c   Section        0  buzzer.o(i.BUZZER_Configuration)
    i.BusFault_Handler                       0x080019ac   Section        0  stm32f4xx_it.o(i.BusFault_Handler)
    i.Commanad_ChipErase                     0x080019b0   Section        0  command.o(i.Commanad_ChipErase)
    i.Command_Bmi055StartWork                0x080019d8   Section        0  command.o(i.Command_Bmi055StartWork)
    i.Command_Bmi055StopWork                 0x08001a24   Section        0  command.o(i.Command_Bmi055StopWork)
    i.Command_DataOutput                     0x08001ac4   Section        0  command.o(i.Command_DataOutput)
    i.Command_Execute                        0x08001d54   Section        0  command.o(i.Command_Execute)
    i.Command_StatusCheck                    0x08001e40   Section        0  command.o(i.Command_StatusCheck)
    i.DebugMon_Handler                       0x08001e68   Section        0  stm32f4xx_it.o(i.DebugMon_Handler)
    i.EXTI1_IRQHandler                       0x08001e6a   Section        0  bmi055.o(i.EXTI1_IRQHandler)
    i.EXTI3_IRQHandler                       0x08001e7a   Section        0  bmi055.o(i.EXTI3_IRQHandler)
    i.EXTI_ClearITPendingBit                 0x08001e8c   Section        0  stm32f4xx_exti.o(i.EXTI_ClearITPendingBit)
    i.EXTI_GetITStatus                       0x08001e98   Section        0  stm32f4xx_exti.o(i.EXTI_GetITStatus)
    i.EXTI_Init                              0x08001eb0   Section        0  stm32f4xx_exti.o(i.EXTI_Init)
    i.FLASH_PrefetchBufferCmd                0x08001f44   Section        0  stm32f4xx_flash.o(i.FLASH_PrefetchBufferCmd)
    i.FLASH_SetLatency                       0x08001f68   Section        0  stm32f4xx_flash.o(i.FLASH_SetLatency)
    i.GPIO_Init                              0x08001f74   Section        0  stm32f4xx_gpio.o(i.GPIO_Init)
    i.GPIO_PinAFConfig                       0x08002004   Section        0  stm32f4xx_gpio.o(i.GPIO_PinAFConfig)
    i.HardFault_Handler                      0x0800204a   Section        0  stm32f4xx_it.o(i.HardFault_Handler)
    i.LED_Init                               0x08002050   Section        0  led.o(i.LED_Init)
    i.MemManage_Handler                      0x08002088   Section        0  stm32f4xx_it.o(i.MemManage_Handler)
    i.NMI_Handler                            0x0800208c   Section        0  stm32f4xx_it.o(i.NMI_Handler)
    i.NVIC_Configuration                     0x0800208e   Section        0  sys.o(i.NVIC_Configuration)
    i.NVIC_Init                              0x0800209c   Section        0  misc.o(i.NVIC_Init)
    i.NVIC_PriorityGroupConfig               0x08002114   Section        0  misc.o(i.NVIC_PriorityGroupConfig)
    i.PendSV_Handler                         0x08002128   Section        0  stm32f4xx_it.o(i.PendSV_Handler)
    i.RCC_AHB1PeriphClockCmd                 0x0800212c   Section        0  stm32f4xx_rcc.o(i.RCC_AHB1PeriphClockCmd)
    i.RCC_APB1PeriphClockCmd                 0x0800214c   Section        0  stm32f4xx_rcc.o(i.RCC_APB1PeriphClockCmd)
    i.RCC_APB2PeriphClockCmd                 0x0800216c   Section        0  stm32f4xx_rcc.o(i.RCC_APB2PeriphClockCmd)
    i.RCC_Configuration                      0x0800218c   Section        0  sys.o(i.RCC_Configuration)
    i.RCC_DeInit                             0x080021f8   Section        0  stm32f4xx_rcc.o(i.RCC_DeInit)
    i.RCC_GetClocksFreq                      0x0800225c   Section        0  stm32f4xx_rcc.o(i.RCC_GetClocksFreq)
    i.RCC_GetFlagStatus                      0x08002344   Section        0  stm32f4xx_rcc.o(i.RCC_GetFlagStatus)
    i.RCC_GetSYSCLKSource                    0x08002384   Section        0  stm32f4xx_rcc.o(i.RCC_GetSYSCLKSource)
    i.RCC_HCLKConfig                         0x08002394   Section        0  stm32f4xx_rcc.o(i.RCC_HCLKConfig)
    i.RCC_HSEConfig                          0x080023ac   Section        0  stm32f4xx_rcc.o(i.RCC_HSEConfig)
    i.RCC_PCLK1Config                        0x080023bc   Section        0  stm32f4xx_rcc.o(i.RCC_PCLK1Config)
    i.RCC_PCLK2Config                        0x080023d4   Section        0  stm32f4xx_rcc.o(i.RCC_PCLK2Config)
    i.RCC_PLLCmd                             0x080023ec   Section        0  stm32f4xx_rcc.o(i.RCC_PLLCmd)
    i.RCC_PLLConfig                          0x080023f8   Section        0  stm32f4xx_rcc.o(i.RCC_PLLConfig)
    i.RCC_SYSCLKConfig                       0x0800241c   Section        0  stm32f4xx_rcc.o(i.RCC_SYSCLKConfig)
    i.RCC_WaitForHSEStartUp                  0x08002434   Section        0  stm32f4xx_rcc.o(i.RCC_WaitForHSEStartUp)
    i.SERVE_Configution                      0x0800246c   Section        0  serve.o(i.SERVE_Configution)
    i.SPI1_Configuration                     0x080025f0   Section        0  spi.o(i.SPI1_Configuration)
    i.SPI_Cmd                                0x08002698   Section        0  stm32f4xx_spi.o(i.SPI_Cmd)
    i.SPI_I2S_GetFlagStatus                  0x080026b0   Section        0  stm32f4xx_spi.o(i.SPI_I2S_GetFlagStatus)
    i.SPI_I2S_ReceiveData                    0x080026c2   Section        0  stm32f4xx_spi.o(i.SPI_I2S_ReceiveData)
    i.SPI_I2S_SendData                       0x080026c8   Section        0  stm32f4xx_spi.o(i.SPI_I2S_SendData)
    i.SPI_Init                               0x080026cc   Section        0  stm32f4xx_spi.o(i.SPI_Init)
    i.SPI_ReadWriteByte                      0x08002708   Section        0  spi.o(i.SPI_ReadWriteByte)
    i.SVC_Handler                            0x0800273c   Section        0  stm32f4xx_it.o(i.SVC_Handler)
    i.SYSCFG_EXTILineConfig                  0x08002740   Section        0  stm32f4xx_syscfg.o(i.SYSCFG_EXTILineConfig)
    i.SetSysClock                            0x08002780   Section        0  system_stm32f4xx.o(i.SetSysClock)
    SetSysClock                              0x08002781   Thumb Code   220  system_stm32f4xx.o(i.SetSysClock)
    i.SysTick_Handler                        0x0800286c   Section        0  stm32f4xx_it.o(i.SysTick_Handler)
    i.SystemInit                             0x08002870   Section        0  system_stm32f4xx.o(i.SystemInit)
    i.TIM4_IRQHandler                        0x080028d8   Section        0  bmi055.o(i.TIM4_IRQHandler)
    i.TIM_ARRPreloadConfig                   0x08002988   Section        0  stm32f4xx_tim.o(i.TIM_ARRPreloadConfig)
    i.TIM_ClearITPendingBit                  0x080029a0   Section        0  stm32f4xx_tim.o(i.TIM_ClearITPendingBit)
    i.TIM_Cmd                                0x080029a6   Section        0  stm32f4xx_tim.o(i.TIM_Cmd)
    i.TIM_GetITStatus                        0x080029be   Section        0  stm32f4xx_tim.o(i.TIM_GetITStatus)
    i.TIM_ITConfig                           0x080029e0   Section        0  stm32f4xx_tim.o(i.TIM_ITConfig)
    i.TIM_OC1Init                            0x080029f4   Section        0  stm32f4xx_tim.o(i.TIM_OC1Init)
    i.TIM_OC1PreloadConfig                   0x08002a70   Section        0  stm32f4xx_tim.o(i.TIM_OC1PreloadConfig)
    i.TIM_OC2Init                            0x08002a84   Section        0  stm32f4xx_tim.o(i.TIM_OC2Init)
    i.TIM_OC2PreloadConfig                   0x08002b28   Section        0  stm32f4xx_tim.o(i.TIM_OC2PreloadConfig)
    i.TIM_OC3Init                            0x08002b44   Section        0  stm32f4xx_tim.o(i.TIM_OC3Init)
    i.TIM_OC3PreloadConfig                   0x08002be4   Section        0  stm32f4xx_tim.o(i.TIM_OC3PreloadConfig)
    i.TIM_OC4Init                            0x08002bf8   Section        0  stm32f4xx_tim.o(i.TIM_OC4Init)
    i.TIM_OC4PreloadConfig                   0x08002c70   Section        0  stm32f4xx_tim.o(i.TIM_OC4PreloadConfig)
    i.TIM_SetCompare1                        0x08002c8a   Section        0  stm32f4xx_tim.o(i.TIM_SetCompare1)
    i.TIM_SetCompare2                        0x08002c8e   Section        0  stm32f4xx_tim.o(i.TIM_SetCompare2)
    i.TIM_SetCompare3                        0x08002c92   Section        0  stm32f4xx_tim.o(i.TIM_SetCompare3)
    i.TIM_SetCompare4                        0x08002c96   Section        0  stm32f4xx_tim.o(i.TIM_SetCompare4)
    i.TIM_SetCounter                         0x08002c9a   Section        0  stm32f4xx_tim.o(i.TIM_SetCounter)
    i.TIM_TimeBaseInit                       0x08002ca0   Section        0  stm32f4xx_tim.o(i.TIM_TimeBaseInit)
    i.USART1_Configuration                   0x08002d24   Section        0  usart.o(i.USART1_Configuration)
    i.USART1_IRQHandler                      0x08002dd4   Section        0  usart.o(i.USART1_IRQHandler)
    i.USART2_IRQHandler                      0x08002e7c   Section        0  usart.o(i.USART2_IRQHandler)
    i.USART3_IRQHandler                      0x08002f10   Section        0  usart.o(i.USART3_IRQHandler)
    i.USART_ClearITPendingBit                0x08002fa4   Section        0  stm32f4xx_usart.o(i.USART_ClearITPendingBit)
    i.USART_Cmd                              0x08002fc2   Section        0  stm32f4xx_usart.o(i.USART_Cmd)
    i.USART_GetITStatus                      0x08002fda   Section        0  stm32f4xx_usart.o(i.USART_GetITStatus)
    i.USART_ITConfig                         0x0800302e   Section        0  stm32f4xx_usart.o(i.USART_ITConfig)
    i.USART_Init                             0x08003078   Section        0  stm32f4xx_usart.o(i.USART_Init)
    i.USART_ReceiveData                      0x0800314c   Section        0  stm32f4xx_usart.o(i.USART_ReceiveData)
    i.UsageFault_Handler                     0x08003156   Section        0  stm32f4xx_it.o(i.UsageFault_Handler)
    i.W25N_BlockErase                        0x0800315c   Section        0  w25n.o(i.W25N_BlockErase)
    i.W25N_ChipErase                         0x080031b4   Section        0  w25n.o(i.W25N_ChipErase)
    i.W25N_Configuration                     0x080031cc   Section        0  w25n.o(i.W25N_Configuration)
    i.W25N_DataReceive                       0x0800322c   Section        0  w25n.o(i.W25N_DataReceive)
    i.W25N_DataWrirte                        0x080032d8   Section        0  w25n.o(i.W25N_DataWrirte)
    i.W25N_SendData                          0x08003378   Section        0  w25n.o(i.W25N_SendData)
    i.W25N_WaitBusy                          0x080033b8   Section        0  w25n.o(i.W25N_WaitBusy)
    i.W25N_WriteEnable                       0x080033f8   Section        0  w25n.o(i.W25N_WriteEnable)
    i.__ARM_fpclassify                       0x08003424   Section        0  fpclassify.o(i.__ARM_fpclassify)
    i._is_digit                              0x08003454   Section        0  __printf_wp.o(i._is_digit)
    i._sys_exit                              0x08003462   Section        0  usart.o(i._sys_exit)
    i.delay_ms                               0x08003468   Section        0  delay.o(i.delay_ms)
    i.delay_us                               0x08003480   Section        0  delay.o(i.delay_us)
    i.fputc                                  0x080034c4   Section        0  usart.o(i.fputc)
    i.main                                   0x080034e0   Section        0  main.o(i.main)
    locale$$code                             0x08003548   Section       44  lc_numeric_c.o(locale$$code)
    x$fpl$ddiv                               0x08003574   Section      688  ddiv.o(x$fpl$ddiv)
    $v0                                      0x08003574   Number         0  ddiv.o(x$fpl$ddiv)
    ddiv_entry                               0x0800357b   Thumb Code     0  ddiv.o(x$fpl$ddiv)
    x$fpl$dflt                               0x08003824   Section       46  dflt_clz.o(x$fpl$dflt)
    $v0                                      0x08003824   Number         0  dflt_clz.o(x$fpl$dflt)
    x$fpl$dmul                               0x08003854   Section      340  dmul.o(x$fpl$dmul)
    $v0                                      0x08003854   Number         0  dmul.o(x$fpl$dmul)
    x$fpl$dnaninf                            0x080039a8   Section      156  dnaninf.o(x$fpl$dnaninf)
    $v0                                      0x080039a8   Number         0  dnaninf.o(x$fpl$dnaninf)
    x$fpl$dretinf                            0x08003a44   Section       12  dretinf.o(x$fpl$dretinf)
    $v0                                      0x08003a44   Number         0  dretinf.o(x$fpl$dretinf)
    x$fpl$fpinit                             0x08003a50   Section       10  fpinit.o(x$fpl$fpinit)
    $v0                                      0x08003a50   Number         0  fpinit.o(x$fpl$fpinit)
    x$fpl$printf1                            0x08003a5a   Section        4  printf1.o(x$fpl$printf1)
    $v0                                      0x08003a5a   Number         0  printf1.o(x$fpl$printf1)
    .constdata                               0x08003a5e   Section       17  __printf_flags_ss_wp.o(.constdata)
    x$fpl$usenofp                            0x08003a5e   Section        0  usenofp.o(x$fpl$usenofp)
    maptable                                 0x08003a5e   Data          17  __printf_flags_ss_wp.o(.constdata)
    .constdata                               0x08003a70   Section      148  bigflt0.o(.constdata)
    tenpwrs_x                                0x08003a70   Data          60  bigflt0.o(.constdata)
    tenpwrs_i                                0x08003aac   Data          64  bigflt0.o(.constdata)
    locale$$data                             0x08003b24   Section       28  lc_numeric_c.o(locale$$data)
    __lcnum_c_name                           0x08003b28   Data           2  lc_numeric_c.o(locale$$data)
    __lcnum_c_start                          0x08003b30   Data           0  lc_numeric_c.o(locale$$data)
    __lcnum_c_point                          0x08003b3c   Data           0  lc_numeric_c.o(locale$$data)
    __lcnum_c_thousands                      0x08003b3e   Data           0  lc_numeric_c.o(locale$$data)
    __lcnum_c_grouping                       0x08003b3f   Data           0  lc_numeric_c.o(locale$$data)
    __lcnum_c_end                            0x08003b40   Data           0  lc_numeric_c.o(locale$$data)
    .data                                    0x20000000   Section       16  stm32f4xx_rcc.o(.data)
    APBAHBPrescTable                         0x20000000   Data          16  stm32f4xx_rcc.o(.data)
    .data                                    0x20000010   Section       10  usart.o(.data)
    .data                                    0x20000020   Section       50  bmi055.o(.data)
    data                                     0x20000050   Data           2  bmi055.o(.data)
    .data                                    0x20000052   Section        6  w25n.o(.data)
    length                                   0x20000054   Data           2  w25n.o(.data)
    i                                        0x20000056   Data           2  w25n.o(.data)
    .bss                                     0x20000058   Section       60  usart.o(.bss)
    .bss                                     0x20000094   Section     2048  bmi055.o(.bss)
    .bss                                     0x20000898   Section      136  computation.o(.bss)
    acc                                      0x200008f0   Data          24  computation.o(.bss)
    gyr                                      0x20000908   Data          24  computation.o(.bss)
    .bss                                     0x20000920   Section       96  libspace.o(.bss)
    HEAP                                     0x20000980   Section      512  startup_stm32f40_41xxx.o(HEAP)
    Heap_Mem                                 0x20000980   Data         512  startup_stm32f40_41xxx.o(HEAP)
    STACK                                    0x20000b80   Section     1024  startup_stm32f40_41xxx.o(STACK)
    Stack_Mem                                0x20000b80   Data        1024  startup_stm32f40_41xxx.o(STACK)
    __initial_sp                             0x20000f80   Data           0  startup_stm32f40_41xxx.o(STACK)

    Global Symbols

    Symbol Name                              Value     Ov Type        Size  Object(Section)

    BuildAttributes$$THM_ISAv4$E$P$D$K$B$S$7EM$VFPi3$EXTD16$VFPS$VFMA$PE$A:L22UL41UL21$X:L11$S22US41US21$IEEE1$IW$USESV6$~STKCKD$USESV7$~SHL$OTIME$ROPI$IEEEX$EBA8$UX$STANDARDLIB$REQ8$PRES8$EABIv2 0x00000000   Number         0  anon$$obj.o ABSOLUTE
    __ARM_use_no_argv                        0x00000000   Number         0  main.o ABSOLUTE
    _printf_flags                            0x00000000   Number         0  printf_stubs.o ABSOLUTE
    _printf_return_value                     0x00000000   Number         0  printf_stubs.o ABSOLUTE
    _printf_sizespec                         0x00000000   Number         0  printf_stubs.o ABSOLUTE
    _printf_widthprec                        0x00000000   Number         0  printf_stubs.o ABSOLUTE
    __ARM_exceptions_init                     - Undefined Weak Reference
    __alloca_initialize                       - Undefined Weak Reference
    __arm_preinit_                            - Undefined Weak Reference
    __cpp_initialize__aeabi_                  - Undefined Weak Reference
    __cxa_finalize                            - Undefined Weak Reference
    __sigvec_lookup                           - Undefined Weak Reference
    _atexit_init                              - Undefined Weak Reference
    _call_atexit_fns                          - Undefined Weak Reference
    _clock_init                               - Undefined Weak Reference
    _fp_trap_init                             - Undefined Weak Reference
    _fp_trap_shutdown                         - Undefined Weak Reference
    _get_lc_collate                           - Undefined Weak Reference
    _get_lc_monetary                          - Undefined Weak Reference
    _get_lc_time                              - Undefined Weak Reference
    _getenv_init                              - Undefined Weak Reference
    _handle_redirection                       - Undefined Weak Reference
    _init_alloc                               - Undefined Weak Reference
    _init_user_alloc                          - Undefined Weak Reference
    _initio                                   - Undefined Weak Reference
    _mutex_acquire                            - Undefined Weak Reference
    _mutex_release                            - Undefined Weak Reference
    _printf_mbtowc                            - Undefined Weak Reference
    _printf_wc                                - Undefined Weak Reference
    _rand_init                                - Undefined Weak Reference
    _signal_finish                            - Undefined Weak Reference
    _signal_init                              - Undefined Weak Reference
    _terminate_alloc                          - Undefined Weak Reference
    _terminate_user_alloc                     - Undefined Weak Reference
    _terminateio                              - Undefined Weak Reference
    __Vectors_Size                           0x00000188   Number         0  startup_stm32f40_41xxx.o ABSOLUTE
    __Vectors                                0x08000000   Data           4  startup_stm32f40_41xxx.o(RESET)
    __Vectors_End                            0x08000188   Data           0  startup_stm32f40_41xxx.o(RESET)
    __main                                   0x08000189   Thumb Code     8  __main.o(!!!main)
    __scatterload                            0x08000191   Thumb Code     0  __scatter.o(!!!scatter)
    __scatterload_rt2                        0x08000191   Thumb Code    44  __scatter.o(!!!scatter)
    __scatterload_rt2_thumb_only             0x08000191   Thumb Code     0  __scatter.o(!!!scatter)
    __scatterload_null                       0x0800019f   Thumb Code     0  __scatter.o(!!!scatter)
    __scatterload_copy                       0x080001c5   Thumb Code    26  __scatter_copy.o(!!handler_copy)
    __scatterload_zeroinit                   0x080001e1   Thumb Code    28  __scatter_zi.o(!!handler_zi)
    _printf_f                                0x080001fd   Thumb Code     0  _printf_f.o(.ARM.Collect$$_printf_percent$$00000003)
    _printf_percent                          0x080001fd   Thumb Code     0  _printf_percent.o(.ARM.Collect$$_printf_percent$$00000000)
    _printf_d                                0x08000203   Thumb Code     0  _printf_d.o(.ARM.Collect$$_printf_percent$$00000009)
    _printf_u                                0x08000209   Thumb Code     0  _printf_u.o(.ARM.Collect$$_printf_percent$$0000000A)
    _printf_c                                0x0800020f   Thumb Code     0  _printf_c.o(.ARM.Collect$$_printf_percent$$00000013)
    _printf_percent_end                      0x08000215   Thumb Code     0  _printf_percent_end.o(.ARM.Collect$$_printf_percent$$00000017)
    __rt_lib_init                            0x08000219   Thumb Code     0  libinit.o(.ARM.Collect$$libinit$$00000000)
    __rt_lib_init_fp_1                       0x0800021b   Thumb Code     0  libinit2.o(.ARM.Collect$$libinit$$00000001)
    __rt_lib_init_heap_1                     0x0800021f   Thumb Code     0  libinit2.o(.ARM.Collect$$libinit$$0000000A)
    __rt_lib_init_lc_common                  0x0800021f   Thumb Code     0  libinit2.o(.ARM.Collect$$libinit$$0000000F)
    __rt_lib_init_preinit_1                  0x0800021f   Thumb Code     0  libinit2.o(.ARM.Collect$$libinit$$00000004)
    __rt_lib_init_rand_1                     0x0800021f   Thumb Code     0  libinit2.o(.ARM.Collect$$libinit$$0000000E)
    __rt_lib_init_user_alloc_1               0x0800021f   Thumb Code     0  libinit2.o(.ARM.Collect$$libinit$$0000000C)
    __rt_lib_init_lc_collate_1               0x08000225   Thumb Code     0  libinit2.o(.ARM.Collect$$libinit$$00000011)
    __rt_lib_init_lc_ctype_1                 0x08000225   Thumb Code     0  libinit2.o(.ARM.Collect$$libinit$$00000013)
    __rt_lib_init_lc_monetary_1              0x08000225   Thumb Code     0  libinit2.o(.ARM.Collect$$libinit$$00000015)
    __rt_lib_init_lc_numeric_2               0x08000225   Thumb Code     0  libinit2.o(.ARM.Collect$$libinit$$00000016)
    __rt_lib_init_alloca_1                   0x0800022f   Thumb Code     0  libinit2.o(.ARM.Collect$$libinit$$0000002E)
    __rt_lib_init_argv_1                     0x0800022f   Thumb Code     0  libinit2.o(.ARM.Collect$$libinit$$0000002C)
    __rt_lib_init_atexit_1                   0x0800022f   Thumb Code     0  libinit2.o(.ARM.Collect$$libinit$$0000001B)
    __rt_lib_init_clock_1                    0x0800022f   Thumb Code     0  libinit2.o(.ARM.Collect$$libinit$$00000021)
    __rt_lib_init_cpp_1                      0x0800022f   Thumb Code     0  libinit2.o(.ARM.Collect$$libinit$$00000032)
    __rt_lib_init_exceptions_1               0x0800022f   Thumb Code     0  libinit2.o(.ARM.Collect$$libinit$$00000030)
    __rt_lib_init_fp_trap_1                  0x0800022f   Thumb Code     0  libinit2.o(.ARM.Collect$$libinit$$0000001F)
    __rt_lib_init_getenv_1                   0x0800022f   Thumb Code     0  libinit2.o(.ARM.Collect$$libinit$$00000023)
    __rt_lib_init_lc_numeric_1               0x0800022f   Thumb Code     0  libinit2.o(.ARM.Collect$$libinit$$00000017)
    __rt_lib_init_lc_time_1                  0x0800022f   Thumb Code     0  libinit2.o(.ARM.Collect$$libinit$$00000019)
    __rt_lib_init_return                     0x0800022f   Thumb Code     0  libinit2.o(.ARM.Collect$$libinit$$00000033)
    __rt_lib_init_signal_1                   0x0800022f   Thumb Code     0  libinit2.o(.ARM.Collect$$libinit$$0000001D)
    __rt_lib_init_stdio_1                    0x0800022f   Thumb Code     0  libinit2.o(.ARM.Collect$$libinit$$00000025)
    __rt_lib_shutdown                        0x08000231   Thumb Code     0  libshutdown.o(.ARM.Collect$$libshutdown$$00000000)
    __rt_lib_shutdown_cpp_1                  0x08000233   Thumb Code     0  libshutdown2.o(.ARM.Collect$$libshutdown$$00000002)
    __rt_lib_shutdown_fp_trap_1              0x08000233   Thumb Code     0  libshutdown2.o(.ARM.Collect$$libshutdown$$00000007)
    __rt_lib_shutdown_heap_1                 0x08000233   Thumb Code     0  libshutdown2.o(.ARM.Collect$$libshutdown$$0000000F)
    __rt_lib_shutdown_return                 0x08000233   Thumb Code     0  libshutdown2.o(.ARM.Collect$$libshutdown$$00000010)
    __rt_lib_shutdown_signal_1               0x08000233   Thumb Code     0  libshutdown2.o(.ARM.Collect$$libshutdown$$0000000A)
    __rt_lib_shutdown_stdio_1                0x08000233   Thumb Code     0  libshutdown2.o(.ARM.Collect$$libshutdown$$00000004)
    __rt_lib_shutdown_user_alloc_1           0x08000233   Thumb Code     0  libshutdown2.o(.ARM.Collect$$libshutdown$$0000000C)
    __rt_entry                               0x08000235   Thumb Code     0  __rtentry.o(.ARM.Collect$$rtentry$$00000000)
    __rt_entry_presh_1                       0x08000235   Thumb Code     0  __rtentry2.o(.ARM.Collect$$rtentry$$00000002)
    __rt_entry_sh                            0x08000235   Thumb Code     0  __rtentry4.o(.ARM.Collect$$rtentry$$00000004)
    __rt_entry_li                            0x0800023b   Thumb Code     0  __rtentry2.o(.ARM.Collect$$rtentry$$0000000A)
    __rt_entry_postsh_1                      0x0800023b   Thumb Code     0  __rtentry2.o(.ARM.Collect$$rtentry$$00000009)
    __rt_entry_main                          0x0800023f   Thumb Code     0  __rtentry2.o(.ARM.Collect$$rtentry$$0000000D)
    __rt_entry_postli_1                      0x0800023f   Thumb Code     0  __rtentry2.o(.ARM.Collect$$rtentry$$0000000C)
    __rt_exit                                0x08000247   Thumb Code     0  rtexit.o(.ARM.Collect$$rtexit$$00000000)
    __rt_exit_ls                             0x08000249   Thumb Code     0  rtexit2.o(.ARM.Collect$$rtexit$$00000003)
    __rt_exit_prels_1                        0x08000249   Thumb Code     0  rtexit2.o(.ARM.Collect$$rtexit$$00000002)
    __rt_exit_exit                           0x0800024d   Thumb Code     0  rtexit2.o(.ARM.Collect$$rtexit$$00000004)
    Reset_Handler                            0x08000255   Thumb Code     8  startup_stm32f40_41xxx.o(.text)
    ADC_IRQHandler                           0x0800026f   Thumb Code     0  startup_stm32f40_41xxx.o(.text)
    CAN1_RX0_IRQHandler                      0x0800026f   Thumb Code     0  startup_stm32f40_41xxx.o(.text)
    CAN1_RX1_IRQHandler                      0x0800026f   Thumb Code     0  startup_stm32f40_41xxx.o(.text)
    CAN1_SCE_IRQHandler                      0x0800026f   Thumb Code     0  startup_stm32f40_41xxx.o(.text)
    CAN1_TX_IRQHandler                       0x0800026f   Thumb Code     0  startup_stm32f40_41xxx.o(.text)
    CAN2_RX0_IRQHandler                      0x0800026f   Thumb Code     0  startup_stm32f40_41xxx.o(.text)
    CAN2_RX1_IRQHandler                      0x0800026f   Thumb Code     0  startup_stm32f40_41xxx.o(.text)
    CAN2_SCE_IRQHandler                      0x0800026f   Thumb Code     0  startup_stm32f40_41xxx.o(.text)
    CAN2_TX_IRQHandler                       0x0800026f   Thumb Code     0  startup_stm32f40_41xxx.o(.text)
    CRYP_IRQHandler                          0x0800026f   Thumb Code     0  startup_stm32f40_41xxx.o(.text)
    DCMI_IRQHandler                          0x0800026f   Thumb Code     0  startup_stm32f40_41xxx.o(.text)
    DMA1_Stream0_IRQHandler                  0x0800026f   Thumb Code     0  startup_stm32f40_41xxx.o(.text)
    DMA1_Stream1_IRQHandler                  0x0800026f   Thumb Code     0  startup_stm32f40_41xxx.o(.text)
    DMA1_Stream2_IRQHandler                  0x0800026f   Thumb Code     0  startup_stm32f40_41xxx.o(.text)
    DMA1_Stream3_IRQHandler                  0x0800026f   Thumb Code     0  startup_stm32f40_41xxx.o(.text)
    DMA1_Stream4_IRQHandler                  0x0800026f   Thumb Code     0  startup_stm32f40_41xxx.o(.text)
    DMA1_Stream5_IRQHandler                  0x0800026f   Thumb Code     0  startup_stm32f40_41xxx.o(.text)
    DMA1_Stream6_IRQHandler                  0x0800026f   Thumb Code     0  startup_stm32f40_41xxx.o(.text)
    DMA1_Stream7_IRQHandler                  0x0800026f   Thumb Code     0  startup_stm32f40_41xxx.o(.text)
    DMA2_Stream0_IRQHandler                  0x0800026f   Thumb Code     0  startup_stm32f40_41xxx.o(.text)
    DMA2_Stream1_IRQHandler                  0x0800026f   Thumb Code     0  startup_stm32f40_41xxx.o(.text)
    DMA2_Stream2_IRQHandler                  0x0800026f   Thumb Code     0  startup_stm32f40_41xxx.o(.text)
    DMA2_Stream3_IRQHandler                  0x0800026f   Thumb Code     0  startup_stm32f40_41xxx.o(.text)
    DMA2_Stream4_IRQHandler                  0x0800026f   Thumb Code     0  startup_stm32f40_41xxx.o(.text)
    DMA2_Stream5_IRQHandler                  0x0800026f   Thumb Code     0  startup_stm32f40_41xxx.o(.text)
    DMA2_Stream6_IRQHandler                  0x0800026f   Thumb Code     0  startup_stm32f40_41xxx.o(.text)
    DMA2_Stream7_IRQHandler                  0x0800026f   Thumb Code     0  startup_stm32f40_41xxx.o(.text)
    ETH_IRQHandler                           0x0800026f   Thumb Code     0  startup_stm32f40_41xxx.o(.text)
    ETH_WKUP_IRQHandler                      0x0800026f   Thumb Code     0  startup_stm32f40_41xxx.o(.text)
    EXTI0_IRQHandler                         0x0800026f   Thumb Code     0  startup_stm32f40_41xxx.o(.text)
    EXTI15_10_IRQHandler                     0x0800026f   Thumb Code     0  startup_stm32f40_41xxx.o(.text)
    EXTI2_IRQHandler                         0x0800026f   Thumb Code     0  startup_stm32f40_41xxx.o(.text)
    EXTI4_IRQHandler                         0x0800026f   Thumb Code     0  startup_stm32f40_41xxx.o(.text)
    EXTI9_5_IRQHandler                       0x0800026f   Thumb Code     0  startup_stm32f40_41xxx.o(.text)
    FLASH_IRQHandler                         0x0800026f   Thumb Code     0  startup_stm32f40_41xxx.o(.text)
    FPU_IRQHandler                           0x0800026f   Thumb Code     0  startup_stm32f40_41xxx.o(.text)
    FSMC_IRQHandler                          0x0800026f   Thumb Code     0  startup_stm32f40_41xxx.o(.text)
    HASH_RNG_IRQHandler                      0x0800026f   Thumb Code     0  startup_stm32f40_41xxx.o(.text)
    I2C1_ER_IRQHandler                       0x0800026f   Thumb Code     0  startup_stm32f40_41xxx.o(.text)
    I2C1_EV_IRQHandler                       0x0800026f   Thumb Code     0  startup_stm32f40_41xxx.o(.text)
    I2C2_ER_IRQHandler                       0x0800026f   Thumb Code     0  startup_stm32f40_41xxx.o(.text)
    I2C2_EV_IRQHandler                       0x0800026f   Thumb Code     0  startup_stm32f40_41xxx.o(.text)
    I2C3_ER_IRQHandler                       0x0800026f   Thumb Code     0  startup_stm32f40_41xxx.o(.text)
    I2C3_EV_IRQHandler                       0x0800026f   Thumb Code     0  startup_stm32f40_41xxx.o(.text)
    OTG_FS_IRQHandler                        0x0800026f   Thumb Code     0  startup_stm32f40_41xxx.o(.text)
    OTG_FS_WKUP_IRQHandler                   0x0800026f   Thumb Code     0  startup_stm32f40_41xxx.o(.text)
    OTG_HS_EP1_IN_IRQHandler                 0x0800026f   Thumb Code     0  startup_stm32f40_41xxx.o(.text)
    OTG_HS_EP1_OUT_IRQHandler                0x0800026f   Thumb Code     0  startup_stm32f40_41xxx.o(.text)
    OTG_HS_IRQHandler                        0x0800026f   Thumb Code     0  startup_stm32f40_41xxx.o(.text)
    OTG_HS_WKUP_IRQHandler                   0x0800026f   Thumb Code     0  startup_stm32f40_41xxx.o(.text)
    PVD_IRQHandler                           0x0800026f   Thumb Code     0  startup_stm32f40_41xxx.o(.text)
    RCC_IRQHandler                           0x0800026f   Thumb Code     0  startup_stm32f40_41xxx.o(.text)
    RTC_Alarm_IRQHandler                     0x0800026f   Thumb Code     0  startup_stm32f40_41xxx.o(.text)
    RTC_WKUP_IRQHandler                      0x0800026f   Thumb Code     0  startup_stm32f40_41xxx.o(.text)
    SDIO_IRQHandler                          0x0800026f   Thumb Code     0  startup_stm32f40_41xxx.o(.text)
    SPI1_IRQHandler                          0x0800026f   Thumb Code     0  startup_stm32f40_41xxx.o(.text)
    SPI2_IRQHandler                          0x0800026f   Thumb Code     0  startup_stm32f40_41xxx.o(.text)
    SPI3_IRQHandler                          0x0800026f   Thumb Code     0  startup_stm32f40_41xxx.o(.text)
    TAMP_STAMP_IRQHandler                    0x0800026f   Thumb Code     0  startup_stm32f40_41xxx.o(.text)
    TIM1_BRK_TIM9_IRQHandler                 0x0800026f   Thumb Code     0  startup_stm32f40_41xxx.o(.text)
    TIM1_CC_IRQHandler                       0x0800026f   Thumb Code     0  startup_stm32f40_41xxx.o(.text)
    TIM1_TRG_COM_TIM11_IRQHandler            0x0800026f   Thumb Code     0  startup_stm32f40_41xxx.o(.text)
    TIM1_UP_TIM10_IRQHandler                 0x0800026f   Thumb Code     0  startup_stm32f40_41xxx.o(.text)
    TIM2_IRQHandler                          0x0800026f   Thumb Code     0  startup_stm32f40_41xxx.o(.text)
    TIM3_IRQHandler                          0x0800026f   Thumb Code     0  startup_stm32f40_41xxx.o(.text)
    TIM5_IRQHandler                          0x0800026f   Thumb Code     0  startup_stm32f40_41xxx.o(.text)
    TIM6_DAC_IRQHandler                      0x0800026f   Thumb Code     0  startup_stm32f40_41xxx.o(.text)
    TIM7_IRQHandler                          0x0800026f   Thumb Code     0  startup_stm32f40_41xxx.o(.text)
    TIM8_BRK_TIM12_IRQHandler                0x0800026f   Thumb Code     0  startup_stm32f40_41xxx.o(.text)
    TIM8_CC_IRQHandler                       0x0800026f   Thumb Code     0  startup_stm32f40_41xxx.o(.text)
    TIM8_TRG_COM_TIM14_IRQHandler            0x0800026f   Thumb Code     0  startup_stm32f40_41xxx.o(.text)
    TIM8_UP_TIM13_IRQHandler                 0x0800026f   Thumb Code     0  startup_stm32f40_41xxx.o(.text)
    UART4_IRQHandler                         0x0800026f   Thumb Code     0  startup_stm32f40_41xxx.o(.text)
    UART5_IRQHandler                         0x0800026f   Thumb Code     0  startup_stm32f40_41xxx.o(.text)
    USART6_IRQHandler                        0x0800026f   Thumb Code     0  startup_stm32f40_41xxx.o(.text)
    WWDG_IRQHandler                          0x0800026f   Thumb Code     0  startup_stm32f40_41xxx.o(.text)
    __user_initial_stackheap                 0x08000271   Thumb Code     0  startup_stm32f40_41xxx.o(.text)
    __use_no_semihosting                     0x08000295   Thumb Code     2  use_no_semi_2.o(.text)
    __2printf                                0x08000299   Thumb Code    20  __2printf.o(.text)
    _printf_str                              0x080002b1   Thumb Code    82  _printf_str.o(.text)
    _printf_int_dec                          0x08000305   Thumb Code   104  _printf_dec.o(.text)
    __printf                                 0x0800037d   Thumb Code   388  __printf_flags_ss_wp.o(.text)
    __use_two_region_memory                  0x08000505   Thumb Code     2  heapauxi.o(.text)
    __rt_heap_escrow$2region                 0x08000507   Thumb Code     2  heapauxi.o(.text)
    __rt_heap_expand$2region                 0x08000509   Thumb Code     2  heapauxi.o(.text)
    __I$use$semihosting                      0x0800050b   Thumb Code     0  use_no_semi.o(.text)
    __use_no_semihosting_swi                 0x0800050b   Thumb Code     2  use_no_semi.o(.text)
    _printf_int_common                       0x0800050d   Thumb Code   178  _printf_intcommon.o(.text)
    __lib_sel_fp_printf                      0x080005bf   Thumb Code     2  _printf_fp_dec.o(.text)
    _printf_fp_dec_real                      0x08000771   Thumb Code   620  _printf_fp_dec.o(.text)
    _printf_char_common                      0x080009e7   Thumb Code    32  _printf_char_common.o(.text)
    _printf_cs_common                        0x08000a0d   Thumb Code    20  _printf_char.o(.text)
    _printf_char                             0x08000a21   Thumb Code    16  _printf_char.o(.text)
    _printf_string                           0x08000a31   Thumb Code     8  _printf_char.o(.text)
    _printf_char_file                        0x08000a39   Thumb Code    32  _printf_char_file.o(.text)
    __rt_locale                              0x08000a5d   Thumb Code     8  rt_locale_intlibspace.o(.text)
    _ll_udiv10                               0x08000a65   Thumb Code   138  lludiv10.o(.text)
    _printf_fp_infnan                        0x08000af1   Thumb Code   112  _printf_fp_infnan.o(.text)
    _btod_etento                             0x08000b71   Thumb Code   224  bigflt0.o(.text)
    ferror                                   0x08000c55   Thumb Code     8  ferror.o(.text)
    __user_libspace                          0x08000c5d   Thumb Code     8  libspace.o(.text)
    __user_perproc_libspace                  0x08000c5d   Thumb Code     0  libspace.o(.text)
    __user_perthread_libspace                0x08000c5d   Thumb Code     0  libspace.o(.text)
    __user_setup_stackheap                   0x08000c65   Thumb Code    74  sys_stackheap_outer.o(.text)
    exit                                     0x08000caf   Thumb Code    18  exit.o(.text)
    strcmp                                   0x08000cc1   Thumb Code   128  strcmpv7m.o(.text)
    _btod_d2e                                0x08000d41   Thumb Code    62  btod.o(CL$$btod_d2e)
    _d2e_denorm_low                          0x08000d7f   Thumb Code    70  btod.o(CL$$btod_d2e_denorm_low)
    _d2e_norm_op1                            0x08000dc5   Thumb Code    96  btod.o(CL$$btod_d2e_norm_op1)
    __btod_div_common                        0x08000e25   Thumb Code   696  btod.o(CL$$btod_div_common)
    _e2e                                     0x0800115d   Thumb Code   220  btod.o(CL$$btod_e2e)
    _btod_ediv                               0x08001239   Thumb Code    42  btod.o(CL$$btod_ediv)
    _btod_emul                               0x08001263   Thumb Code    42  btod.o(CL$$btod_emul)
    __btod_mult_common                       0x0800128d   Thumb Code   580  btod.o(CL$$btod_mult_common)
    Acceleration_Get                         0x080014d1   Thumb Code   160  computation.o(i.Acceleration_Get)
    AngularVelocity_Get                      0x08001591   Thumb Code   144  computation.o(i.AngularVelocity_Get)
    BMI055_Configuration                     0x08001639   Thumb Code   542  bmi055.o(i.BMI055_Configuration)
    BMI055_DataTransform                     0x0800188d   Thumb Code    34  bmi055.o(i.BMI055_DataTransform)
    BMI055_ReadBuffer                        0x080018b5   Thumb Code    90  bmi055.o(i.BMI055_ReadBuffer)
    BMI055_SendData                          0x08001919   Thumb Code    76  bmi055.o(i.BMI055_SendData)
    BUZZER_Configuration                     0x0800196d   Thumb Code    54  buzzer.o(i.BUZZER_Configuration)
    BusFault_Handler                         0x080019ad   Thumb Code     4  stm32f4xx_it.o(i.BusFault_Handler)
    Commanad_ChipErase                       0x080019b1   Thumb Code    14  command.o(i.Commanad_ChipErase)
    Command_Bmi055StartWork                  0x080019d9   Thumb Code    34  command.o(i.Command_Bmi055StartWork)
    Command_Bmi055StopWork                   0x08001a25   Thumb Code    88  command.o(i.Command_Bmi055StopWork)
    Command_DataOutput                       0x08001ac5   Thumb Code   482  command.o(i.Command_DataOutput)
    Command_Execute                          0x08001d55   Thumb Code   192  command.o(i.Command_Execute)
    Command_StatusCheck                      0x08001e41   Thumb Code    10  command.o(i.Command_StatusCheck)
    DebugMon_Handler                         0x08001e69   Thumb Code     2  stm32f4xx_it.o(i.DebugMon_Handler)
    EXTI1_IRQHandler                         0x08001e6b   Thumb Code    16  bmi055.o(i.EXTI1_IRQHandler)
    EXTI3_IRQHandler                         0x08001e7b   Thumb Code    16  bmi055.o(i.EXTI3_IRQHandler)
    EXTI_ClearITPendingBit                   0x08001e8d   Thumb Code     6  stm32f4xx_exti.o(i.EXTI_ClearITPendingBit)
    EXTI_GetITStatus                         0x08001e99   Thumb Code    20  stm32f4xx_exti.o(i.EXTI_GetITStatus)
    EXTI_Init                                0x08001eb1   Thumb Code   142  stm32f4xx_exti.o(i.EXTI_Init)
    FLASH_PrefetchBufferCmd                  0x08001f45   Thumb Code    30  stm32f4xx_flash.o(i.FLASH_PrefetchBufferCmd)
    FLASH_SetLatency                         0x08001f69   Thumb Code     6  stm32f4xx_flash.o(i.FLASH_SetLatency)
    GPIO_Init                                0x08001f75   Thumb Code   144  stm32f4xx_gpio.o(i.GPIO_Init)
    GPIO_PinAFConfig                         0x08002005   Thumb Code    70  stm32f4xx_gpio.o(i.GPIO_PinAFConfig)
    HardFault_Handler                        0x0800204b   Thumb Code     4  stm32f4xx_it.o(i.HardFault_Handler)
    LED_Init                                 0x08002051   Thumb Code    46  led.o(i.LED_Init)
    MemManage_Handler                        0x08002089   Thumb Code     4  stm32f4xx_it.o(i.MemManage_Handler)
    NMI_Handler                              0x0800208d   Thumb Code     2  stm32f4xx_it.o(i.NMI_Handler)
    NVIC_Configuration                       0x0800208f   Thumb Code    12  sys.o(i.NVIC_Configuration)
    NVIC_Init                                0x0800209d   Thumb Code   106  misc.o(i.NVIC_Init)
    NVIC_PriorityGroupConfig                 0x08002115   Thumb Code    10  misc.o(i.NVIC_PriorityGroupConfig)
    PendSV_Handler                           0x08002129   Thumb Code     2  stm32f4xx_it.o(i.PendSV_Handler)
    RCC_AHB1PeriphClockCmd                   0x0800212d   Thumb Code    26  stm32f4xx_rcc.o(i.RCC_AHB1PeriphClockCmd)
    RCC_APB1PeriphClockCmd                   0x0800214d   Thumb Code    26  stm32f4xx_rcc.o(i.RCC_APB1PeriphClockCmd)
    RCC_APB2PeriphClockCmd                   0x0800216d   Thumb Code    26  stm32f4xx_rcc.o(i.RCC_APB2PeriphClockCmd)
    RCC_Configuration                        0x0800218d   Thumb Code   108  sys.o(i.RCC_Configuration)
    RCC_DeInit                               0x080021f9   Thumb Code    82  stm32f4xx_rcc.o(i.RCC_DeInit)
    RCC_GetClocksFreq                        0x0800225d   Thumb Code   214  stm32f4xx_rcc.o(i.RCC_GetClocksFreq)
    RCC_GetFlagStatus                        0x08002345   Thumb Code    60  stm32f4xx_rcc.o(i.RCC_GetFlagStatus)
    RCC_GetSYSCLKSource                      0x08002385   Thumb Code    10  stm32f4xx_rcc.o(i.RCC_GetSYSCLKSource)
    RCC_HCLKConfig                           0x08002395   Thumb Code    18  stm32f4xx_rcc.o(i.RCC_HCLKConfig)
    RCC_HSEConfig                            0x080023ad   Thumb Code    12  stm32f4xx_rcc.o(i.RCC_HSEConfig)
    RCC_PCLK1Config                          0x080023bd   Thumb Code    18  stm32f4xx_rcc.o(i.RCC_PCLK1Config)
    RCC_PCLK2Config                          0x080023d5   Thumb Code    20  stm32f4xx_rcc.o(i.RCC_PCLK2Config)
    RCC_PLLCmd                               0x080023ed   Thumb Code     6  stm32f4xx_rcc.o(i.RCC_PLLCmd)
    RCC_PLLConfig                            0x080023f9   Thumb Code    30  stm32f4xx_rcc.o(i.RCC_PLLConfig)
    RCC_SYSCLKConfig                         0x0800241d   Thumb Code    18  stm32f4xx_rcc.o(i.RCC_SYSCLKConfig)
    RCC_WaitForHSEStartUp                    0x08002435   Thumb Code    56  stm32f4xx_rcc.o(i.RCC_WaitForHSEStartUp)
    SERVE_Configution                        0x0800246d   Thumb Code   372  serve.o(i.SERVE_Configution)
    SPI1_Configuration                       0x080025f1   Thumb Code   160  spi.o(i.SPI1_Configuration)
    SPI_Cmd                                  0x08002699   Thumb Code    24  stm32f4xx_spi.o(i.SPI_Cmd)
    SPI_I2S_GetFlagStatus                    0x080026b1   Thumb Code    18  stm32f4xx_spi.o(i.SPI_I2S_GetFlagStatus)
    SPI_I2S_ReceiveData                      0x080026c3   Thumb Code     6  stm32f4xx_spi.o(i.SPI_I2S_ReceiveData)
    SPI_I2S_SendData                         0x080026c9   Thumb Code     4  stm32f4xx_spi.o(i.SPI_I2S_SendData)
    SPI_Init                                 0x080026cd   Thumb Code    60  stm32f4xx_spi.o(i.SPI_Init)
    SPI_ReadWriteByte                        0x08002709   Thumb Code    52  spi.o(i.SPI_ReadWriteByte)
    SVC_Handler                              0x0800273d   Thumb Code     2  stm32f4xx_it.o(i.SVC_Handler)
    SYSCFG_EXTILineConfig                    0x08002741   Thumb Code    60  stm32f4xx_syscfg.o(i.SYSCFG_EXTILineConfig)
    SysTick_Handler                          0x0800286d   Thumb Code     2  stm32f4xx_it.o(i.SysTick_Handler)
    SystemInit                               0x08002871   Thumb Code    88  system_stm32f4xx.o(i.SystemInit)
    TIM4_IRQHandler                          0x080028d9   Thumb Code   108  bmi055.o(i.TIM4_IRQHandler)
    TIM_ARRPreloadConfig                     0x08002989   Thumb Code    24  stm32f4xx_tim.o(i.TIM_ARRPreloadConfig)
    TIM_ClearITPendingBit                    0x080029a1   Thumb Code     6  stm32f4xx_tim.o(i.TIM_ClearITPendingBit)
    TIM_Cmd                                  0x080029a7   Thumb Code    24  stm32f4xx_tim.o(i.TIM_Cmd)
    TIM_GetITStatus                          0x080029bf   Thumb Code    34  stm32f4xx_tim.o(i.TIM_GetITStatus)
    TIM_ITConfig                             0x080029e1   Thumb Code    18  stm32f4xx_tim.o(i.TIM_ITConfig)
    TIM_OC1Init                              0x080029f5   Thumb Code   114  stm32f4xx_tim.o(i.TIM_OC1Init)
    TIM_OC1PreloadConfig                     0x08002a71   Thumb Code    18  stm32f4xx_tim.o(i.TIM_OC1PreloadConfig)
    TIM_OC2Init                              0x08002a85   Thumb Code   154  stm32f4xx_tim.o(i.TIM_OC2Init)
    TIM_OC2PreloadConfig                     0x08002b29   Thumb Code    26  stm32f4xx_tim.o(i.TIM_OC2PreloadConfig)
    TIM_OC3Init                              0x08002b45   Thumb Code   150  stm32f4xx_tim.o(i.TIM_OC3Init)
    TIM_OC3PreloadConfig                     0x08002be5   Thumb Code    18  stm32f4xx_tim.o(i.TIM_OC3PreloadConfig)
    TIM_OC4Init                              0x08002bf9   Thumb Code   112  stm32f4xx_tim.o(i.TIM_OC4Init)
    TIM_OC4PreloadConfig                     0x08002c71   Thumb Code    26  stm32f4xx_tim.o(i.TIM_OC4PreloadConfig)
    TIM_SetCompare1                          0x08002c8b   Thumb Code     4  stm32f4xx_tim.o(i.TIM_SetCompare1)
    TIM_SetCompare2                          0x08002c8f   Thumb Code     4  stm32f4xx_tim.o(i.TIM_SetCompare2)
    TIM_SetCompare3                          0x08002c93   Thumb Code     4  stm32f4xx_tim.o(i.TIM_SetCompare3)
    TIM_SetCompare4                          0x08002c97   Thumb Code     4  stm32f4xx_tim.o(i.TIM_SetCompare4)
    TIM_SetCounter                           0x08002c9b   Thumb Code     4  stm32f4xx_tim.o(i.TIM_SetCounter)
    TIM_TimeBaseInit                         0x08002ca1   Thumb Code   104  stm32f4xx_tim.o(i.TIM_TimeBaseInit)
    USART1_Configuration                     0x08002d25   Thumb Code   166  usart.o(i.USART1_Configuration)
    USART1_IRQHandler                        0x08002dd5   Thumb Code   156  usart.o(i.USART1_IRQHandler)
    USART2_IRQHandler                        0x08002e7d   Thumb Code   132  usart.o(i.USART2_IRQHandler)
    USART3_IRQHandler                        0x08002f11   Thumb Code   132  usart.o(i.USART3_IRQHandler)
    USART_ClearITPendingBit                  0x08002fa5   Thumb Code    30  stm32f4xx_usart.o(i.USART_ClearITPendingBit)
    USART_Cmd                                0x08002fc3   Thumb Code    24  stm32f4xx_usart.o(i.USART_Cmd)
    USART_GetITStatus                        0x08002fdb   Thumb Code    84  stm32f4xx_usart.o(i.USART_GetITStatus)
    USART_ITConfig                           0x0800302f   Thumb Code    74  stm32f4xx_usart.o(i.USART_ITConfig)
    USART_Init                               0x08003079   Thumb Code   204  stm32f4xx_usart.o(i.USART_Init)
    USART_ReceiveData                        0x0800314d   Thumb Code    10  stm32f4xx_usart.o(i.USART_ReceiveData)
    UsageFault_Handler                       0x08003157   Thumb Code     4  stm32f4xx_it.o(i.UsageFault_Handler)
    W25N_BlockErase                          0x0800315d   Thumb Code    74  w25n.o(i.W25N_BlockErase)
    W25N_ChipErase                           0x080031b5   Thumb Code    24  w25n.o(i.W25N_ChipErase)
    W25N_Configuration                       0x080031cd   Thumb Code    84  w25n.o(i.W25N_Configuration)
    W25N_DataReceive                         0x0800322d   Thumb Code   156  w25n.o(i.W25N_DataReceive)
    W25N_DataWrirte                          0x080032d9   Thumb Code   144  w25n.o(i.W25N_DataWrirte)
    W25N_SendData                            0x08003379   Thumb Code    50  w25n.o(i.W25N_SendData)
    W25N_WaitBusy                            0x080033b9   Thumb Code    56  w25n.o(i.W25N_WaitBusy)
    W25N_WriteEnable                         0x080033f9   Thumb Code    32  w25n.o(i.W25N_WriteEnable)
    __ARM_fpclassify                         0x08003425   Thumb Code    48  fpclassify.o(i.__ARM_fpclassify)
    _is_digit                                0x08003455   Thumb Code    14  __printf_wp.o(i._is_digit)
    _sys_exit                                0x08003463   Thumb Code     6  usart.o(i._sys_exit)
    delay_ms                                 0x08003469   Thumb Code    24  delay.o(i.delay_ms)
    delay_us                                 0x08003481   Thumb Code    66  delay.o(i.delay_us)
    fputc                                    0x080034c5   Thumb Code    22  usart.o(i.fputc)
    main                                     0x080034e1   Thumb Code    84  main.o(i.main)
    _get_lc_numeric                          0x08003549   Thumb Code    44  lc_numeric_c.o(locale$$code)
    __aeabi_ddiv                             0x08003575   Thumb Code     0  ddiv.o(x$fpl$ddiv)
    _ddiv                                    0x08003575   Thumb Code   552  ddiv.o(x$fpl$ddiv)
    __aeabi_i2d                              0x08003825   Thumb Code     0  dflt_clz.o(x$fpl$dflt)
    _dflt                                    0x08003825   Thumb Code    46  dflt_clz.o(x$fpl$dflt)
    __aeabi_dmul                             0x08003855   Thumb Code     0  dmul.o(x$fpl$dmul)
    _dmul                                    0x08003855   Thumb Code   332  dmul.o(x$fpl$dmul)
    __fpl_dnaninf                            0x080039a9   Thumb Code   156  dnaninf.o(x$fpl$dnaninf)
    __fpl_dretinf                            0x08003a45   Thumb Code    12  dretinf.o(x$fpl$dretinf)
    _fp_init                                 0x08003a51   Thumb Code    10  fpinit.o(x$fpl$fpinit)
    __fplib_config_fpu_vfp                   0x08003a59   Thumb Code     0  fpinit.o(x$fpl$fpinit)
    __fplib_config_pureend_doubles           0x08003a59   Thumb Code     0  fpinit.o(x$fpl$fpinit)
    _printf_fp_dec                           0x08003a5b   Thumb Code     4  printf1.o(x$fpl$printf1)
    __I$use$fp                               0x08003a5e   Number         0  usenofp.o(x$fpl$usenofp)
    Region$$Table$$Base                      0x08003b04   Number         0  anon$$obj.o(Region$$Table)
    Region$$Table$$Limit                     0x08003b24   Number         0  anon$$obj.o(Region$$Table)
    __stdout                                 0x20000010   Data           4  usart.o(.data)
    USART1_RX_STA                            0x20000014   Data           2  usart.o(.data)
    USART2_RX_STA                            0x20000016   Data           2  usart.o(.data)
    USART3_RX_STA                            0x20000018   Data           2  usart.o(.data)
    location                                 0x20000020   Data           1  bmi055.o(.data)
    n                                        0x20000021   Data           1  bmi055.o(.data)
    acc_16                                   0x20000022   Data           2  bmi055.o(.data)
    gyr_16                                   0x20000024   Data           2  bmi055.o(.data)
    acc                                      0x20000028   Data           8  bmi055.o(.data)
    gyr                                      0x20000030   Data           8  bmi055.o(.data)
    data_number                              0x20000038   Data           4  bmi055.o(.data)
    final_number                             0x2000003c   Data           4  bmi055.o(.data)
    dt                                       0x20000040   Data           8  bmi055.o(.data)
    ACC_Range                                0x20000048   Data           4  bmi055.o(.data)
    GYR_Range                                0x2000004c   Data           4  bmi055.o(.data)
    page                                     0x20000052   Data           2  w25n.o(.data)
    USART1_RX_BUF                            0x20000058   Data          20  usart.o(.bss)
    USART2_RX_BUF                            0x2000006c   Data          20  usart.o(.bss)
    USART3_RX_BUF                            0x20000080   Data          20  usart.o(.bss)
    bmi_buffer                               0x20000094   Data        2048  bmi055.o(.bss)
    dq                                       0x20000898   Data          32  computation.o(.bss)
    w                                        0x200008b8   Data          24  computation.o(.bss)
    q                                        0x200008d0   Data          32  computation.o(.bss)
    __libspace_start                         0x20000920   Data          96  libspace.o(.bss)
    __temporary_stack_top$libspace           0x20000980   Data           0  libspace.o(.bss)



==============================================================================

Memory Map of the image

  Image Entry point : 0x08000189

  Load Region LR_IROM1 (Base: 0x08000000, Size: 0x00003b98, Max: 0x00100000, ABSOLUTE)

    Execution Region ER_IROM1 (Exec base: 0x08000000, Load base: 0x08000000, Size: 0x00003b40, Max: 0x00100000, ABSOLUTE)

    Exec Addr    Load Addr    Size         Type   Attr      Idx    E Section Name        Object

    0x08000000   0x08000000   0x00000188   Data   RO         4840    RESET               startup_stm32f40_41xxx.o
    0x08000188   0x08000188   0x00000008   Code   RO         5626  * !!!main             c_w.l(__main.o)
    0x08000190   0x08000190   0x00000034   Code   RO         6058    !!!scatter          c_w.l(__scatter.o)
    0x080001c4   0x080001c4   0x0000001a   Code   RO         6060    !!handler_copy      c_w.l(__scatter_copy.o)
    0x080001de   0x080001de   0x00000002   PAD
    0x080001e0   0x080001e0   0x0000001c   Code   RO         6062    !!handler_zi        c_w.l(__scatter_zi.o)
    0x080001fc   0x080001fc   0x00000000   Code   RO         5621    .ARM.Collect$$_printf_percent$$00000000  c_w.l(_printf_percent.o)
    0x080001fc   0x080001fc   0x00000006   Code   RO         5620    .ARM.Collect$$_printf_percent$$00000003  c_w.l(_printf_f.o)
    0x08000202   0x08000202   0x00000006   Code   RO         5618    .ARM.Collect$$_printf_percent$$00000009  c_w.l(_printf_d.o)
    0x08000208   0x08000208   0x00000006   Code   RO         5619    .ARM.Collect$$_printf_percent$$0000000A  c_w.l(_printf_u.o)
    0x0800020e   0x0800020e   0x00000006   Code   RO         5617    .ARM.Collect$$_printf_percent$$00000013  c_w.l(_printf_c.o)
    0x08000214   0x08000214   0x00000004   Code   RO         5756    .ARM.Collect$$_printf_percent$$00000017  c_w.l(_printf_percent_end.o)
    0x08000218   0x08000218   0x00000002   Code   RO         5926    .ARM.Collect$$libinit$$00000000  c_w.l(libinit.o)
    0x0800021a   0x0800021a   0x00000004   Code   RO         5927    .ARM.Collect$$libinit$$00000001  c_w.l(libinit2.o)
    0x0800021e   0x0800021e   0x00000000   Code   RO         5930    .ARM.Collect$$libinit$$00000004  c_w.l(libinit2.o)
    0x0800021e   0x0800021e   0x00000000   Code   RO         5933    .ARM.Collect$$libinit$$0000000A  c_w.l(libinit2.o)
    0x0800021e   0x0800021e   0x00000000   Code   RO         5935    .ARM.Collect$$libinit$$0000000C  c_w.l(libinit2.o)
    0x0800021e   0x0800021e   0x00000000   Code   RO         5937    .ARM.Collect$$libinit$$0000000E  c_w.l(libinit2.o)
    0x0800021e   0x0800021e   0x00000006   Code   RO         5938    .ARM.Collect$$libinit$$0000000F  c_w.l(libinit2.o)
    0x08000224   0x08000224   0x00000000   Code   RO         5940    .ARM.Collect$$libinit$$00000011  c_w.l(libinit2.o)
    0x08000224   0x08000224   0x00000000   Code   RO         5942    .ARM.Collect$$libinit$$00000013  c_w.l(libinit2.o)
    0x08000224   0x08000224   0x00000000   Code   RO         5944    .ARM.Collect$$libinit$$00000015  c_w.l(libinit2.o)
    0x08000224   0x08000224   0x0000000a   Code   RO         5945    .ARM.Collect$$libinit$$00000016  c_w.l(libinit2.o)
    0x0800022e   0x0800022e   0x00000000   Code   RO         5946    .ARM.Collect$$libinit$$00000017  c_w.l(libinit2.o)
    0x0800022e   0x0800022e   0x00000000   Code   RO         5948    .ARM.Collect$$libinit$$00000019  c_w.l(libinit2.o)
    0x0800022e   0x0800022e   0x00000000   Code   RO         5950    .ARM.Collect$$libinit$$0000001B  c_w.l(libinit2.o)
    0x0800022e   0x0800022e   0x00000000   Code   RO         5952    .ARM.Collect$$libinit$$0000001D  c_w.l(libinit2.o)
    0x0800022e   0x0800022e   0x00000000   Code   RO         5954    .ARM.Collect$$libinit$$0000001F  c_w.l(libinit2.o)
    0x0800022e   0x0800022e   0x00000000   Code   RO         5956    .ARM.Collect$$libinit$$00000021  c_w.l(libinit2.o)
    0x0800022e   0x0800022e   0x00000000   Code   RO         5958    .ARM.Collect$$libinit$$00000023  c_w.l(libinit2.o)
    0x0800022e   0x0800022e   0x00000000   Code   RO         5960    .ARM.Collect$$libinit$$00000025  c_w.l(libinit2.o)
    0x0800022e   0x0800022e   0x00000000   Code   RO         5964    .ARM.Collect$$libinit$$0000002C  c_w.l(libinit2.o)
    0x0800022e   0x0800022e   0x00000000   Code   RO         5966    .ARM.Collect$$libinit$$0000002E  c_w.l(libinit2.o)
    0x0800022e   0x0800022e   0x00000000   Code   RO         5968    .ARM.Collect$$libinit$$00000030  c_w.l(libinit2.o)
    0x0800022e   0x0800022e   0x00000000   Code   RO         5970    .ARM.Collect$$libinit$$00000032  c_w.l(libinit2.o)
    0x0800022e   0x0800022e   0x00000002   Code   RO         5971    .ARM.Collect$$libinit$$00000033  c_w.l(libinit2.o)
    0x08000230   0x08000230   0x00000002   Code   RO         6008    .ARM.Collect$$libshutdown$$00000000  c_w.l(libshutdown.o)
    0x08000232   0x08000232   0x00000000   Code   RO         6017    .ARM.Collect$$libshutdown$$00000002  c_w.l(libshutdown2.o)
    0x08000232   0x08000232   0x00000000   Code   RO         6019    .ARM.Collect$$libshutdown$$00000004  c_w.l(libshutdown2.o)
    0x08000232   0x08000232   0x00000000   Code   RO         6022    .ARM.Collect$$libshutdown$$00000007  c_w.l(libshutdown2.o)
    0x08000232   0x08000232   0x00000000   Code   RO         6025    .ARM.Collect$$libshutdown$$0000000A  c_w.l(libshutdown2.o)
    0x08000232   0x08000232   0x00000000   Code   RO         6027    .ARM.Collect$$libshutdown$$0000000C  c_w.l(libshutdown2.o)
    0x08000232   0x08000232   0x00000000   Code   RO         6030    .ARM.Collect$$libshutdown$$0000000F  c_w.l(libshutdown2.o)
    0x08000232   0x08000232   0x00000002   Code   RO         6031    .ARM.Collect$$libshutdown$$00000010  c_w.l(libshutdown2.o)
    0x08000234   0x08000234   0x00000000   Code   RO         5692    .ARM.Collect$$rtentry$$00000000  c_w.l(__rtentry.o)
    0x08000234   0x08000234   0x00000000   Code   RO         5833    .ARM.Collect$$rtentry$$00000002  c_w.l(__rtentry2.o)
    0x08000234   0x08000234   0x00000006   Code   RO         5845    .ARM.Collect$$rtentry$$00000004  c_w.l(__rtentry4.o)
    0x0800023a   0x0800023a   0x00000000   Code   RO         5835    .ARM.Collect$$rtentry$$00000009  c_w.l(__rtentry2.o)
    0x0800023a   0x0800023a   0x00000004   Code   RO         5836    .ARM.Collect$$rtentry$$0000000A  c_w.l(__rtentry2.o)
    0x0800023e   0x0800023e   0x00000000   Code   RO         5838    .ARM.Collect$$rtentry$$0000000C  c_w.l(__rtentry2.o)
    0x0800023e   0x0800023e   0x00000008   Code   RO         5839    .ARM.Collect$$rtentry$$0000000D  c_w.l(__rtentry2.o)
    0x08000246   0x08000246   0x00000002   Code   RO         5976    .ARM.Collect$$rtexit$$00000000  c_w.l(rtexit.o)
    0x08000248   0x08000248   0x00000000   Code   RO         5988    .ARM.Collect$$rtexit$$00000002  c_w.l(rtexit2.o)
    0x08000248   0x08000248   0x00000004   Code   RO         5989    .ARM.Collect$$rtexit$$00000003  c_w.l(rtexit2.o)
    0x0800024c   0x0800024c   0x00000006   Code   RO         5990    .ARM.Collect$$rtexit$$00000004  c_w.l(rtexit2.o)
    0x08000252   0x08000252   0x00000002   PAD
    0x08000254   0x08000254   0x00000040   Code   RO         4841    .text               startup_stm32f40_41xxx.o
    0x08000294   0x08000294   0x00000002   Code   RO         5583    .text               c_w.l(use_no_semi_2.o)
    0x08000296   0x08000296   0x00000002   PAD
    0x08000298   0x08000298   0x00000018   Code   RO         5587    .text               c_w.l(__2printf.o)
    0x080002b0   0x080002b0   0x00000052   Code   RO         5593    .text               c_w.l(_printf_str.o)
    0x08000302   0x08000302   0x00000002   PAD
    0x08000304   0x08000304   0x00000078   Code   RO         5595    .text               c_w.l(_printf_dec.o)
    0x0800037c   0x0800037c   0x00000188   Code   RO         5614    .text               c_w.l(__printf_flags_ss_wp.o)
    0x08000504   0x08000504   0x00000006   Code   RO         5624    .text               c_w.l(heapauxi.o)
    0x0800050a   0x0800050a   0x00000002   Code   RO         5690    .text               c_w.l(use_no_semi.o)
    0x0800050c   0x0800050c   0x000000b2   Code   RO         5699    .text               c_w.l(_printf_intcommon.o)
    0x080005be   0x080005be   0x0000041e   Code   RO         5703    .text               c_w.l(_printf_fp_dec.o)
    0x080009dc   0x080009dc   0x00000030   Code   RO         5705    .text               c_w.l(_printf_char_common.o)
    0x08000a0c   0x08000a0c   0x0000002c   Code   RO         5711    .text               c_w.l(_printf_char.o)
    0x08000a38   0x08000a38   0x00000024   Code   RO         5713    .text               c_w.l(_printf_char_file.o)
    0x08000a5c   0x08000a5c   0x00000008   Code   RO         5850    .text               c_w.l(rt_locale_intlibspace.o)
    0x08000a64   0x08000a64   0x0000008a   Code   RO         5857    .text               c_w.l(lludiv10.o)
    0x08000aee   0x08000aee   0x00000002   PAD
    0x08000af0   0x08000af0   0x00000080   Code   RO         5862    .text               c_w.l(_printf_fp_infnan.o)
    0x08000b70   0x08000b70   0x000000e4   Code   RO         5868    .text               c_w.l(bigflt0.o)
    0x08000c54   0x08000c54   0x00000008   Code   RO         5893    .text               c_w.l(ferror.o)
    0x08000c5c   0x08000c5c   0x00000008   Code   RO         5910    .text               c_w.l(libspace.o)
    0x08000c64   0x08000c64   0x0000004a   Code   RO         5913    .text               c_w.l(sys_stackheap_outer.o)
    0x08000cae   0x08000cae   0x00000012   Code   RO         5917    .text               c_w.l(exit.o)
    0x08000cc0   0x08000cc0   0x00000080   Code   RO         5919    .text               c_w.l(strcmpv7m.o)
    0x08000d40   0x08000d40   0x0000003e   Code   RO         5871    CL$$btod_d2e        c_w.l(btod.o)
    0x08000d7e   0x08000d7e   0x00000046   Code   RO         5873    CL$$btod_d2e_denorm_low  c_w.l(btod.o)
    0x08000dc4   0x08000dc4   0x00000060   Code   RO         5872    CL$$btod_d2e_norm_op1  c_w.l(btod.o)
    0x08000e24   0x08000e24   0x00000338   Code   RO         5881    CL$$btod_div_common  c_w.l(btod.o)
    0x0800115c   0x0800115c   0x000000dc   Code   RO         5878    CL$$btod_e2e        c_w.l(btod.o)
    0x08001238   0x08001238   0x0000002a   Code   RO         5875    CL$$btod_ediv       c_w.l(btod.o)
    0x08001262   0x08001262   0x0000002a   Code   RO         5874    CL$$btod_emul       c_w.l(btod.o)
    0x0800128c   0x0800128c   0x00000244   Code   RO         5880    CL$$btod_mult_common  c_w.l(btod.o)
    0x080014d0   0x080014d0   0x000000c0   Code   RO         5520    i.Acceleration_Get  computation.o
    0x08001590   0x08001590   0x000000a8   Code   RO         5521    i.AngularVelocity_Get  computation.o
    0x08001638   0x08001638   0x00000254   Code   RO         5063    i.BMI055_Configuration  bmi055.o
    0x0800188c   0x0800188c   0x00000028   Code   RO         5064    i.BMI055_DataTransform  bmi055.o
    0x080018b4   0x080018b4   0x00000064   Code   RO         5065    i.BMI055_ReadBuffer  bmi055.o
    0x08001918   0x08001918   0x00000054   Code   RO         5067    i.BMI055_SendData   bmi055.o
    0x0800196c   0x0800196c   0x00000040   Code   RO         5263    i.BUZZER_Configuration  buzzer.o
    0x080019ac   0x080019ac   0x00000004   Code   RO         5362    i.BusFault_Handler  stm32f4xx_it.o
    0x080019b0   0x080019b0   0x00000028   Code   RO         5470    i.Commanad_ChipErase  command.o
    0x080019d8   0x080019d8   0x0000004c   Code   RO         5471    i.Command_Bmi055StartWork  command.o
    0x08001a24   0x08001a24   0x000000a0   Code   RO         5472    i.Command_Bmi055StopWork  command.o
    0x08001ac4   0x08001ac4   0x00000290   Code   RO         5473    i.Command_DataOutput  command.o
    0x08001d54   0x08001d54   0x000000ec   Code   RO         5474    i.Command_Execute   command.o
    0x08001e40   0x08001e40   0x00000028   Code   RO         5475    i.Command_StatusCheck  command.o
    0x08001e68   0x08001e68   0x00000002   Code   RO         5363    i.DebugMon_Handler  stm32f4xx_it.o
    0x08001e6a   0x08001e6a   0x00000010   Code   RO         5068    i.EXTI1_IRQHandler  bmi055.o
    0x08001e7a   0x08001e7a   0x00000010   Code   RO         5069    i.EXTI3_IRQHandler  bmi055.o
    0x08001e8a   0x08001e8a   0x00000002   PAD
    0x08001e8c   0x08001e8c   0x0000000c   Code   RO         1357    i.EXTI_ClearITPendingBit  stm32f4xx_exti.o
    0x08001e98   0x08001e98   0x00000018   Code   RO         1361    i.EXTI_GetITStatus  stm32f4xx_exti.o
    0x08001eb0   0x08001eb0   0x00000094   Code   RO         1362    i.EXTI_Init         stm32f4xx_exti.o
    0x08001f44   0x08001f44   0x00000024   Code   RO         1450    i.FLASH_PrefetchBufferCmd  stm32f4xx_flash.o
    0x08001f68   0x08001f68   0x0000000c   Code   RO         1455    i.FLASH_SetLatency  stm32f4xx_flash.o
    0x08001f74   0x08001f74   0x00000090   Code   RO         1833    i.GPIO_Init         stm32f4xx_gpio.o
    0x08002004   0x08002004   0x00000046   Code   RO         1834    i.GPIO_PinAFConfig  stm32f4xx_gpio.o
    0x0800204a   0x0800204a   0x00000004   Code   RO         5364    i.HardFault_Handler  stm32f4xx_it.o
    0x0800204e   0x0800204e   0x00000002   PAD
    0x08002050   0x08002050   0x00000038   Code   RO         5140    i.LED_Init          led.o
    0x08002088   0x08002088   0x00000004   Code   RO         5365    i.MemManage_Handler  stm32f4xx_it.o
    0x0800208c   0x0800208c   0x00000002   Code   RO         5366    i.NMI_Handler       stm32f4xx_it.o
    0x0800208e   0x0800208e   0x0000000c   Code   RO         5313    i.NVIC_Configuration  sys.o
    0x0800209a   0x0800209a   0x00000002   PAD
    0x0800209c   0x0800209c   0x00000078   Code   RO            3    i.NVIC_Init         misc.o
    0x08002114   0x08002114   0x00000014   Code   RO            4    i.NVIC_PriorityGroupConfig  misc.o
    0x08002128   0x08002128   0x00000002   Code   RO         5367    i.PendSV_Handler    stm32f4xx_it.o
    0x0800212a   0x0800212a   0x00000002   PAD
    0x0800212c   0x0800212c   0x00000020   Code   RO         2697    i.RCC_AHB1PeriphClockCmd  stm32f4xx_rcc.o
    0x0800214c   0x0800214c   0x00000020   Code   RO         2706    i.RCC_APB1PeriphClockCmd  stm32f4xx_rcc.o
    0x0800216c   0x0800216c   0x00000020   Code   RO         2709    i.RCC_APB2PeriphClockCmd  stm32f4xx_rcc.o
    0x0800218c   0x0800218c   0x0000006c   Code   RO         5314    i.RCC_Configuration  sys.o
    0x080021f8   0x080021f8   0x00000064   Code   RO         2717    i.RCC_DeInit        stm32f4xx_rcc.o
    0x0800225c   0x0800225c   0x000000e8   Code   RO         2718    i.RCC_GetClocksFreq  stm32f4xx_rcc.o
    0x08002344   0x08002344   0x00000040   Code   RO         2719    i.RCC_GetFlagStatus  stm32f4xx_rcc.o
    0x08002384   0x08002384   0x00000010   Code   RO         2721    i.RCC_GetSYSCLKSource  stm32f4xx_rcc.o
    0x08002394   0x08002394   0x00000018   Code   RO         2722    i.RCC_HCLKConfig    stm32f4xx_rcc.o
    0x080023ac   0x080023ac   0x00000010   Code   RO         2723    i.RCC_HSEConfig     stm32f4xx_rcc.o
    0x080023bc   0x080023bc   0x00000018   Code   RO         2733    i.RCC_PCLK1Config   stm32f4xx_rcc.o
    0x080023d4   0x080023d4   0x00000018   Code   RO         2734    i.RCC_PCLK2Config   stm32f4xx_rcc.o
    0x080023ec   0x080023ec   0x0000000c   Code   RO         2735    i.RCC_PLLCmd        stm32f4xx_rcc.o
    0x080023f8   0x080023f8   0x00000024   Code   RO         2736    i.RCC_PLLConfig     stm32f4xx_rcc.o
    0x0800241c   0x0800241c   0x00000018   Code   RO         2747    i.RCC_SYSCLKConfig  stm32f4xx_rcc.o
    0x08002434   0x08002434   0x00000038   Code   RO         2749    i.RCC_WaitForHSEStartUp  stm32f4xx_rcc.o
    0x0800246c   0x0800246c   0x00000184   Code   RO         5240    i.SERVE_Configution  serve.o
    0x080025f0   0x080025f0   0x000000a8   Code   RO         5031    i.SPI1_Configuration  spi.o
    0x08002698   0x08002698   0x00000018   Code   RO         3814    i.SPI_Cmd           stm32f4xx_spi.o
    0x080026b0   0x080026b0   0x00000012   Code   RO         3822    i.SPI_I2S_GetFlagStatus  stm32f4xx_spi.o
    0x080026c2   0x080026c2   0x00000006   Code   RO         3825    i.SPI_I2S_ReceiveData  stm32f4xx_spi.o
    0x080026c8   0x080026c8   0x00000004   Code   RO         3826    i.SPI_I2S_SendData  stm32f4xx_spi.o
    0x080026cc   0x080026cc   0x0000003c   Code   RO         3827    i.SPI_Init          stm32f4xx_spi.o
    0x08002708   0x08002708   0x00000034   Code   RO         5033    i.SPI_ReadWriteByte  spi.o
    0x0800273c   0x0800273c   0x00000002   Code   RO         5368    i.SVC_Handler       stm32f4xx_it.o
    0x0800273e   0x0800273e   0x00000002   PAD
    0x08002740   0x08002740   0x00000040   Code   RO         3975    i.SYSCFG_EXTILineConfig  stm32f4xx_syscfg.o
    0x08002780   0x08002780   0x000000ec   Code   RO         5433    i.SetSysClock       system_stm32f4xx.o
    0x0800286c   0x0800286c   0x00000002   Code   RO         5369    i.SysTick_Handler   stm32f4xx_it.o
    0x0800286e   0x0800286e   0x00000002   PAD
    0x08002870   0x08002870   0x00000068   Code   RO         5435    i.SystemInit        system_stm32f4xx.o
    0x080028d8   0x080028d8   0x000000b0   Code   RO         5070    i.TIM4_IRQHandler   bmi055.o
    0x08002988   0x08002988   0x00000018   Code   RO         4032    i.TIM_ARRPreloadConfig  stm32f4xx_tim.o
    0x080029a0   0x080029a0   0x00000006   Code   RO         4039    i.TIM_ClearITPendingBit  stm32f4xx_tim.o
    0x080029a6   0x080029a6   0x00000018   Code   RO         4044    i.TIM_Cmd           stm32f4xx_tim.o
    0x080029be   0x080029be   0x00000022   Code   RO         4065    i.TIM_GetITStatus   stm32f4xx_tim.o
    0x080029e0   0x080029e0   0x00000012   Code   RO         4069    i.TIM_ITConfig      stm32f4xx_tim.o
    0x080029f2   0x080029f2   0x00000002   PAD
    0x080029f4   0x080029f4   0x0000007c   Code   RO         4073    i.TIM_OC1Init       stm32f4xx_tim.o
    0x08002a70   0x08002a70   0x00000012   Code   RO         4076    i.TIM_OC1PreloadConfig  stm32f4xx_tim.o
    0x08002a82   0x08002a82   0x00000002   PAD
    0x08002a84   0x08002a84   0x000000a4   Code   RO         4078    i.TIM_OC2Init       stm32f4xx_tim.o
    0x08002b28   0x08002b28   0x0000001a   Code   RO         4081    i.TIM_OC2PreloadConfig  stm32f4xx_tim.o
    0x08002b42   0x08002b42   0x00000002   PAD
    0x08002b44   0x08002b44   0x000000a0   Code   RO         4083    i.TIM_OC3Init       stm32f4xx_tim.o
    0x08002be4   0x08002be4   0x00000012   Code   RO         4086    i.TIM_OC3PreloadConfig  stm32f4xx_tim.o
    0x08002bf6   0x08002bf6   0x00000002   PAD
    0x08002bf8   0x08002bf8   0x00000078   Code   RO         4088    i.TIM_OC4Init       stm32f4xx_tim.o
    0x08002c70   0x08002c70   0x0000001a   Code   RO         4090    i.TIM_OC4PreloadConfig  stm32f4xx_tim.o
    0x08002c8a   0x08002c8a   0x00000004   Code   RO         4106    i.TIM_SetCompare1   stm32f4xx_tim.o
    0x08002c8e   0x08002c8e   0x00000004   Code   RO         4107    i.TIM_SetCompare2   stm32f4xx_tim.o
    0x08002c92   0x08002c92   0x00000004   Code   RO         4108    i.TIM_SetCompare3   stm32f4xx_tim.o
    0x08002c96   0x08002c96   0x00000004   Code   RO         4109    i.TIM_SetCompare4   stm32f4xx_tim.o
    0x08002c9a   0x08002c9a   0x00000004   Code   RO         4110    i.TIM_SetCounter    stm32f4xx_tim.o
    0x08002c9e   0x08002c9e   0x00000002   PAD
    0x08002ca0   0x08002ca0   0x00000084   Code   RO         4116    i.TIM_TimeBaseInit  stm32f4xx_tim.o
    0x08002d24   0x08002d24   0x000000b0   Code   RO         4903    i.USART1_Configuration  usart.o
    0x08002dd4   0x08002dd4   0x000000a8   Code   RO         4904    i.USART1_IRQHandler  usart.o
    0x08002e7c   0x08002e7c   0x00000094   Code   RO         4907    i.USART2_IRQHandler  usart.o
    0x08002f10   0x08002f10   0x00000094   Code   RO         4910    i.USART3_IRQHandler  usart.o
    0x08002fa4   0x08002fa4   0x0000001e   Code   RO         4591    i.USART_ClearITPendingBit  stm32f4xx_usart.o
    0x08002fc2   0x08002fc2   0x00000018   Code   RO         4594    i.USART_Cmd         stm32f4xx_usart.o
    0x08002fda   0x08002fda   0x00000054   Code   RO         4598    i.USART_GetITStatus  stm32f4xx_usart.o
    0x0800302e   0x0800302e   0x0000004a   Code   RO         4600    i.USART_ITConfig    stm32f4xx_usart.o
    0x08003078   0x08003078   0x000000d4   Code   RO         4601    i.USART_Init        stm32f4xx_usart.o
    0x0800314c   0x0800314c   0x0000000a   Code   RO         4608    i.USART_ReceiveData  stm32f4xx_usart.o
    0x08003156   0x08003156   0x00000004   Code   RO         5370    i.UsageFault_Handler  stm32f4xx_it.o
    0x0800315a   0x0800315a   0x00000002   PAD
    0x0800315c   0x0800315c   0x00000058   Code   RO         5160    i.W25N_BlockErase   w25n.o
    0x080031b4   0x080031b4   0x00000018   Code   RO         5162    i.W25N_ChipErase    w25n.o
    0x080031cc   0x080031cc   0x00000060   Code   RO         5163    i.W25N_Configuration  w25n.o
    0x0800322c   0x0800322c   0x000000ac   Code   RO         5164    i.W25N_DataReceive  w25n.o
    0x080032d8   0x080032d8   0x000000a0   Code   RO         5165    i.W25N_DataWrirte   w25n.o
    0x08003378   0x08003378   0x00000040   Code   RO         5167    i.W25N_SendData     w25n.o
    0x080033b8   0x080033b8   0x00000040   Code   RO         5168    i.W25N_WaitBusy     w25n.o
    0x080033f8   0x080033f8   0x0000002c   Code   RO         5169    i.W25N_WriteEnable  w25n.o
    0x08003424   0x08003424   0x00000030   Code   RO         5815    i.__ARM_fpclassify  m_wm.l(fpclassify.o)
    0x08003454   0x08003454   0x0000000e   Code   RO         5607    i._is_digit         c_w.l(__printf_wp.o)
    0x08003462   0x08003462   0x00000006   Code   RO         4912    i._sys_exit         usart.o
    0x08003468   0x08003468   0x00000018   Code   RO         5286    i.delay_ms          delay.o
    0x08003480   0x08003480   0x00000042   Code   RO         5287    i.delay_us          delay.o
    0x080034c2   0x080034c2   0x00000002   PAD
    0x080034c4   0x080034c4   0x0000001c   Code   RO         4913    i.fputc             usart.o
    0x080034e0   0x080034e0   0x00000068   Code   RO         5342    i.main              main.o
    0x08003548   0x08003548   0x0000002c   Code   RO         5900    locale$$code        c_w.l(lc_numeric_c.o)
    0x08003574   0x08003574   0x000002b0   Code   RO         5637    x$fpl$ddiv          fz_wm.l(ddiv.o)
    0x08003824   0x08003824   0x0000002e   Code   RO         5641    x$fpl$dflt          fz_wm.l(dflt_clz.o)
    0x08003852   0x08003852   0x00000002   PAD
    0x08003854   0x08003854   0x00000154   Code   RO         5646    x$fpl$dmul          fz_wm.l(dmul.o)
    0x080039a8   0x080039a8   0x0000009c   Code   RO         5766    x$fpl$dnaninf       fz_wm.l(dnaninf.o)
    0x08003a44   0x08003a44   0x0000000c   Code   RO         5768    x$fpl$dretinf       fz_wm.l(dretinf.o)
    0x08003a50   0x08003a50   0x0000000a   Code   RO         5983    x$fpl$fpinit        fz_wm.l(fpinit.o)
    0x08003a5a   0x08003a5a   0x00000004   Code   RO         5648    x$fpl$printf1       fz_wm.l(printf1.o)
    0x08003a5e   0x08003a5e   0x00000000   Code   RO         5780    x$fpl$usenofp       fz_wm.l(usenofp.o)
    0x08003a5e   0x08003a5e   0x00000011   Data   RO         5615    .constdata          c_w.l(__printf_flags_ss_wp.o)
    0x08003a6f   0x08003a6f   0x00000001   PAD
    0x08003a70   0x08003a70   0x00000094   Data   RO         5869    .constdata          c_w.l(bigflt0.o)
    0x08003b04   0x08003b04   0x00000020   Data   RO         6056    Region$$Table       anon$$obj.o
    0x08003b24   0x08003b24   0x0000001c   Data   RO         5899    locale$$data        c_w.l(lc_numeric_c.o)


    Execution Region RW_IRAM1 (Exec base: 0x20000000, Load base: 0x08003b40, Size: 0x00000f80, Max: 0x00020000, ABSOLUTE)

    Exec Addr    Load Addr    Size         Type   Attr      Idx    E Section Name        Object

    0x20000000   0x08003b40   0x00000010   Data   RW         2750    .data               stm32f4xx_rcc.o
    0x20000010   0x08003b50   0x0000000a   Data   RW         4915    .data               usart.o
    0x2000001a   0x08003b5a   0x00000006   PAD
    0x20000020   0x08003b60   0x00000032   Data   RW         5072    .data               bmi055.o
    0x20000052   0x08003b92   0x00000006   Data   RW         5170    .data               w25n.o
    0x20000058        -       0x0000003c   Zero   RW         4914    .bss                usart.o
    0x20000094        -       0x00000800   Zero   RW         5071    .bss                bmi055.o
    0x20000894   0x08003b98   0x00000004   PAD
    0x20000898        -       0x00000088   Zero   RW         5527    .bss                computation.o
    0x20000920        -       0x00000060   Zero   RW         5911    .bss                c_w.l(libspace.o)
    0x20000980        -       0x00000200   Zero   RW         4839    HEAP                startup_stm32f40_41xxx.o
    0x20000b80        -       0x00000400   Zero   RW         4838    STACK               startup_stm32f40_41xxx.o


==============================================================================

Image component sizes


      Code (inc. data)   RO Data    RW Data    ZI Data      Debug   Object Name

      1028        146          0         50       2048       7146   bmi055.o
        64         10          0          0          0        559   buzzer.o
      1208        388          0          0          0       3793   command.o
       360         56          0          0        136       2085   computation.o
        90          0          0          0          0       1038   delay.o
        56         10          0          0          0        515   led.o
       104         20          0          0          0        503   main.o
       140         24          0          0          0     293651   misc.o
       388         16          0          0          0        900   serve.o
       220          8          0          0          0       1665   spi.o
        64         26        392          0       1536        832   startup_stm32f40_41xxx.o
       184         16          0          0          0       2160   stm32f4xx_exti.o
        48         12          0          0          0       1057   stm32f4xx_flash.o
       214          0          0          0          0       1851   stm32f4xx_gpio.o
        26          0          0          0          0       4094   stm32f4xx_it.o
       724        102          0         16          0      10871   stm32f4xx_rcc.o
       112          0          0          0          0       3534   stm32f4xx_spi.o
        64          4          0          0          0        640   stm32f4xx_syscfg.o
       914         66          0          0          0      12234   stm32f4xx_tim.o
       434          8          0          0          0       4952   stm32f4xx_usart.o
       120          0          0          0          0       1073   sys.o
       340         32          0          0          0       1621   system_stm32f4xx.o
       674         60          0         10         60       6473   usart.o
       712         92          0          6          0       5219   w25n.o

    ----------------------------------------------------------------------
      8314       1096        424         88       3784     368466   Object Totals
         0          0         32          0          0          0   (incl. Generated)
        26          0          0          6          4          0   (incl. Padding)

    ----------------------------------------------------------------------

      Code (inc. data)   RO Data    RW Data    ZI Data      Debug   Library Member Name

        24          4          0          0          0         84   __2printf.o
         8          0          0          0          0         68   __main.o
       392          4         17          0          0         92   __printf_flags_ss_wp.o
        14          0          0          0          0         68   __printf_wp.o
         0          0          0          0          0          0   __rtentry.o
        12          0          0          0          0          0   __rtentry2.o
         6          0          0          0          0          0   __rtentry4.o
        52          8          0          0          0          0   __scatter.o
        26          0          0          0          0          0   __scatter_copy.o
        28          0          0          0          0          0   __scatter_zi.o
         6          0          0          0          0          0   _printf_c.o
        44          0          0          0          0        108   _printf_char.o
        48          6          0          0          0         96   _printf_char_common.o
        36          4          0          0          0         80   _printf_char_file.o
         6          0          0          0          0          0   _printf_d.o
       120         16          0          0          0         92   _printf_dec.o
         6          0          0          0          0          0   _printf_f.o
      1054          0          0          0          0        216   _printf_fp_dec.o
       128         16          0          0          0         84   _printf_fp_infnan.o
       178          0          0          0          0         88   _printf_intcommon.o
         0          0          0          0          0          0   _printf_percent.o
         4          0          0          0          0          0   _printf_percent_end.o
        82          0          0          0          0         80   _printf_str.o
         6          0          0          0          0          0   _printf_u.o
       228          4        148          0          0         96   bigflt0.o
      1936        128          0          0          0        672   btod.o
        18          0          0          0          0         80   exit.o
         8          0          0          0          0         68   ferror.o
         6          0          0          0          0        152   heapauxi.o
        44         10         28          0          0         76   lc_numeric_c.o
         2          0          0          0          0          0   libinit.o
        22          0          0          0          0          0   libinit2.o
         2          0          0          0          0          0   libshutdown.o
         2          0          0          0          0          0   libshutdown2.o
         8          4          0          0         96         68   libspace.o
       138          0          0          0          0         80   lludiv10.o
         8          4          0          0          0         68   rt_locale_intlibspace.o
         2          0          0          0          0          0   rtexit.o
        10          0          0          0          0          0   rtexit2.o
       128          0          0          0          0         68   strcmpv7m.o
        74          0          0          0          0         80   sys_stackheap_outer.o
         2          0          0          0          0         68   use_no_semi.o
         2          0          0          0          0         68   use_no_semi_2.o
       688        140          0          0          0        256   ddiv.o
        46          0          0          0          0        116   dflt_clz.o
       340         12          0          0          0        152   dmul.o
       156          4          0          0          0        140   dnaninf.o
        12          0          0          0          0        116   dretinf.o
        10          0          0          0          0        116   fpinit.o
         4          0          0          0          0        116   printf1.o
         0          0          0          0          0          0   usenofp.o
        48          0          0          0          0        124   fpclassify.o

    ----------------------------------------------------------------------
      6236        364        194          0         96       3936   Library Totals
        12          0          1          0          0          0   (incl. Padding)

    ----------------------------------------------------------------------

      Code (inc. data)   RO Data    RW Data    ZI Data      Debug   Library Name

      4920        208        193          0         96       2800   c_w.l
      1256        156          0          0          0       1012   fz_wm.l
        48          0          0          0          0        124   m_wm.l

    ----------------------------------------------------------------------
      6236        364        194          0         96       3936   Library Totals

    ----------------------------------------------------------------------

==============================================================================


      Code (inc. data)   RO Data    RW Data    ZI Data      Debug   

     14550       1460        618         88       3880     360294   Grand Totals
     14550       1460        618         88       3880     360294   ELF Image Totals
     14550       1460        618         88          0          0   ROM Totals

==============================================================================

    Total RO  Size (Code + RO Data)                15168 (  14.81kB)
    Total RW  Size (RW Data + ZI Data)              3968 (   3.88kB)
    Total ROM Size (Code + RO Data + RW Data)      15256 (  14.90kB)

==============================================================================

