Component: ARM Compiler 5.06 update 6 (build 750) Tool: armlink [4d35ed]

==============================================================================

Section Cross References

    stm32f4xx_adc.o(i.ADC_DeInit) refers to stm32f4xx_rcc.o(i.RCC_APB2PeriphResetCmd) for RCC_APB2PeriphResetCmd
    stm32f4xx_can.o(i.CAN_DeInit) refers to stm32f4xx_rcc.o(i.RCC_APB1PeriphResetCmd) for RCC_APB1PeriphResetCmd
    stm32f4xx_can.o(i.CAN_GetITStatus) refers to stm32f4xx_can.o(i.CheckITStatus) for CheckITStatus
    stm32f4xx_cryp.o(i.CRYP_DeInit) refers to stm32f4xx_rcc.o(i.RCC_AHB2PeriphResetCmd) for RCC_AHB2PeriphResetCmd
    stm32f4xx_cryp_aes.o(i.CRYP_AES_CBC) refers to stm32f4xx_cryp.o(i.CRYP_KeyStructInit) for CRYP_KeyStructInit
    stm32f4xx_cryp_aes.o(i.CRYP_AES_CBC) refers to stm32f4xx_cryp.o(i.CRYP_FIFOFlush) for CRYP_FIFOFlush
    stm32f4xx_cryp_aes.o(i.CRYP_AES_CBC) refers to stm32f4xx_cryp.o(i.CRYP_Init) for CRYP_Init
    stm32f4xx_cryp_aes.o(i.CRYP_AES_CBC) refers to stm32f4xx_cryp.o(i.CRYP_KeyInit) for CRYP_KeyInit
    stm32f4xx_cryp_aes.o(i.CRYP_AES_CBC) refers to stm32f4xx_cryp.o(i.CRYP_Cmd) for CRYP_Cmd
    stm32f4xx_cryp_aes.o(i.CRYP_AES_CBC) refers to stm32f4xx_cryp.o(i.CRYP_GetFlagStatus) for CRYP_GetFlagStatus
    stm32f4xx_cryp_aes.o(i.CRYP_AES_CBC) refers to stm32f4xx_cryp.o(i.CRYP_IVInit) for CRYP_IVInit
    stm32f4xx_cryp_aes.o(i.CRYP_AES_CBC) refers to stm32f4xx_cryp.o(i.CRYP_GetCmdStatus) for CRYP_GetCmdStatus
    stm32f4xx_cryp_aes.o(i.CRYP_AES_CBC) refers to stm32f4xx_cryp.o(i.CRYP_DataIn) for CRYP_DataIn
    stm32f4xx_cryp_aes.o(i.CRYP_AES_CBC) refers to stm32f4xx_cryp.o(i.CRYP_DataOut) for CRYP_DataOut
    stm32f4xx_cryp_aes.o(i.CRYP_AES_CCM) refers to stm32f4xx_cryp.o(i.CRYP_KeyStructInit) for CRYP_KeyStructInit
    stm32f4xx_cryp_aes.o(i.CRYP_AES_CCM) refers to stm32f4xx_cryp.o(i.CRYP_FIFOFlush) for CRYP_FIFOFlush
    stm32f4xx_cryp_aes.o(i.CRYP_AES_CCM) refers to stm32f4xx_cryp.o(i.CRYP_KeyInit) for CRYP_KeyInit
    stm32f4xx_cryp_aes.o(i.CRYP_AES_CCM) refers to stm32f4xx_cryp.o(i.CRYP_IVInit) for CRYP_IVInit
    stm32f4xx_cryp_aes.o(i.CRYP_AES_CCM) refers to stm32f4xx_cryp.o(i.CRYP_Init) for CRYP_Init
    stm32f4xx_cryp_aes.o(i.CRYP_AES_CCM) refers to stm32f4xx_cryp.o(i.CRYP_PhaseConfig) for CRYP_PhaseConfig
    stm32f4xx_cryp_aes.o(i.CRYP_AES_CCM) refers to stm32f4xx_cryp.o(i.CRYP_DataIn) for CRYP_DataIn
    stm32f4xx_cryp_aes.o(i.CRYP_AES_CCM) refers to stm32f4xx_cryp.o(i.CRYP_Cmd) for CRYP_Cmd
    stm32f4xx_cryp_aes.o(i.CRYP_AES_CCM) refers to stm32f4xx_cryp.o(i.CRYP_GetCmdStatus) for CRYP_GetCmdStatus
    stm32f4xx_cryp_aes.o(i.CRYP_AES_CCM) refers to stm32f4xx_cryp.o(i.CRYP_GetFlagStatus) for CRYP_GetFlagStatus
    stm32f4xx_cryp_aes.o(i.CRYP_AES_CCM) refers to stm32f4xx_cryp.o(i.CRYP_DataOut) for CRYP_DataOut
    stm32f4xx_cryp_aes.o(i.CRYP_AES_CTR) refers to stm32f4xx_cryp.o(i.CRYP_KeyStructInit) for CRYP_KeyStructInit
    stm32f4xx_cryp_aes.o(i.CRYP_AES_CTR) refers to stm32f4xx_cryp.o(i.CRYP_KeyInit) for CRYP_KeyInit
    stm32f4xx_cryp_aes.o(i.CRYP_AES_CTR) refers to stm32f4xx_cryp.o(i.CRYP_Init) for CRYP_Init
    stm32f4xx_cryp_aes.o(i.CRYP_AES_CTR) refers to stm32f4xx_cryp.o(i.CRYP_IVInit) for CRYP_IVInit
    stm32f4xx_cryp_aes.o(i.CRYP_AES_CTR) refers to stm32f4xx_cryp.o(i.CRYP_FIFOFlush) for CRYP_FIFOFlush
    stm32f4xx_cryp_aes.o(i.CRYP_AES_CTR) refers to stm32f4xx_cryp.o(i.CRYP_Cmd) for CRYP_Cmd
    stm32f4xx_cryp_aes.o(i.CRYP_AES_CTR) refers to stm32f4xx_cryp.o(i.CRYP_GetCmdStatus) for CRYP_GetCmdStatus
    stm32f4xx_cryp_aes.o(i.CRYP_AES_CTR) refers to stm32f4xx_cryp.o(i.CRYP_DataIn) for CRYP_DataIn
    stm32f4xx_cryp_aes.o(i.CRYP_AES_CTR) refers to stm32f4xx_cryp.o(i.CRYP_GetFlagStatus) for CRYP_GetFlagStatus
    stm32f4xx_cryp_aes.o(i.CRYP_AES_CTR) refers to stm32f4xx_cryp.o(i.CRYP_DataOut) for CRYP_DataOut
    stm32f4xx_cryp_aes.o(i.CRYP_AES_ECB) refers to stm32f4xx_cryp.o(i.CRYP_KeyStructInit) for CRYP_KeyStructInit
    stm32f4xx_cryp_aes.o(i.CRYP_AES_ECB) refers to stm32f4xx_cryp.o(i.CRYP_FIFOFlush) for CRYP_FIFOFlush
    stm32f4xx_cryp_aes.o(i.CRYP_AES_ECB) refers to stm32f4xx_cryp.o(i.CRYP_Init) for CRYP_Init
    stm32f4xx_cryp_aes.o(i.CRYP_AES_ECB) refers to stm32f4xx_cryp.o(i.CRYP_KeyInit) for CRYP_KeyInit
    stm32f4xx_cryp_aes.o(i.CRYP_AES_ECB) refers to stm32f4xx_cryp.o(i.CRYP_Cmd) for CRYP_Cmd
    stm32f4xx_cryp_aes.o(i.CRYP_AES_ECB) refers to stm32f4xx_cryp.o(i.CRYP_GetFlagStatus) for CRYP_GetFlagStatus
    stm32f4xx_cryp_aes.o(i.CRYP_AES_ECB) refers to stm32f4xx_cryp.o(i.CRYP_GetCmdStatus) for CRYP_GetCmdStatus
    stm32f4xx_cryp_aes.o(i.CRYP_AES_ECB) refers to stm32f4xx_cryp.o(i.CRYP_DataIn) for CRYP_DataIn
    stm32f4xx_cryp_aes.o(i.CRYP_AES_ECB) refers to stm32f4xx_cryp.o(i.CRYP_DataOut) for CRYP_DataOut
    stm32f4xx_cryp_aes.o(i.CRYP_AES_GCM) refers to stm32f4xx_cryp.o(i.CRYP_KeyStructInit) for CRYP_KeyStructInit
    stm32f4xx_cryp_aes.o(i.CRYP_AES_GCM) refers to stm32f4xx_cryp.o(i.CRYP_FIFOFlush) for CRYP_FIFOFlush
[...]
    .bss                                     0x20000170   Section     2096  bmi055.o(.bss)
    .bss                                     0x200009a0   Section      144  bmp388.o(.bss)
    .bss                                     0x20000a30   Section      160  computation.o(.bss)
    .bss                                     0x20000ad0   Section       96  libspace.o(.bss)
    HEAP                                     0x20000b30   Section      512  startup_stm32f40_41xxx.o(HEAP)
    Heap_Mem                                 0x20000b30   Data         512  startup_stm32f40_41xxx.o(HEAP)
    STACK                                    0x20000d30   Section     1024  startup_stm32f40_41xxx.o(STACK)
    Stack_Mem                                0x20000d30   Data        1024  startup_stm32f40_41xxx.o(STACK)
    __initial_sp                             0x20001130   Data           0  startup_stm32f40_41xxx.o(STACK)

    Global Symbols

    Symbol Name                              Value     Ov Type        Size  Object(Section)

    BuildAttributes$$THM_ISAv4$E$P$D$K$B$S$7EM$VFPi3$EXTD16$VFPS$VFMA$PE$A:L22UL41UL21$X:L11$S22US41US21$IEEE1$IW$USESV6$~STKCKD$USESV7$~SHL$OTIME$ROPI$IEEEX$EBA8$UX$STANDARDLIB$REQ8$PRES8$EABIv2 0x00000000   Number         0  anon$$obj.o ABSOLUTE
    __ARM_use_no_argv                        0x00000000   Number         0  main.o ABSOLUTE
    _printf_flags                            0x00000000   Number         0  printf_stubs.o ABSOLUTE
    _printf_return_value                     0x00000000   Number         0  printf_stubs.o ABSOLUTE
    _printf_sizespec                         0x00000000   Number         0  printf_stubs.o ABSOLUTE
    _printf_widthprec                        0x00000000   Number         0  printf_stubs.o ABSOLUTE
    __ARM_exceptions_init                     - Undefined Weak Reference
    __alloca_initialize                       - Undefined Weak Reference
    __arm_preinit_                            - Undefined Weak Reference
    __cpp_initialize__aeabi_                  - Undefined Weak Reference
    __cxa_finalize                            - Undefined Weak Reference
    __sigvec_lookup                           - Undefined Weak Reference
    _atexit_init                              - Undefined Weak Reference
    _call_atexit_fns                          - Undefined Weak Reference
    _clock_init                               - Undefined Weak Reference
    _fp_trap_init                             - Undefined Weak Reference
    _fp_trap_shutdown                         - Undefined Weak Reference
    _get_lc_collate                           - Undefined Weak Reference
    _get_lc_monetary                          - Undefined Weak Reference
    _get_lc_time                              - Undefined Weak Reference
    _getenv_init                              - Undefined Weak Reference
    _handle_redirection                       - Undefined Weak Reference
    _init_alloc                               - Undefined Weak Reference
    _init_user_alloc                          - Undefined Weak Reference
    _initio                                   - Undefined Weak Reference
    _mutex_acquire                            - Undefined Weak Reference
    _mutex_release                            - Undefined Weak Reference
    _printf_mbtowc                            - Undefined Weak Reference
    _printf_wc                                - Undefined Weak Reference
    _rand_init                                - Undefined Weak Reference
    _signal_finish                            - Undefined Weak Reference
    _signal_init                              - Undefined Weak Reference
    _terminate_alloc                          - Undefined Weak Reference
    _terminate_user_alloc                     - Undefined Weak Reference
    _terminateio                              - Undefined Weak Reference
    __Vectors_Size                           0x00000188   Number         0  startup_stm32f40_41xxx.o ABSOLUTE
    __Vectors                                0x08000000   Data           4  startup_stm32f40_41xxx.o(RESET)
    __Vectors_End                            0x08000188   Data           0  startup_stm32f40_41xxx.o(RESET)
    __main                                   0x08000189   Thumb Code     8  __main.o(!!!main)
    __scatterload                            0x08000191   Thumb Code     0  __scatter.o(!!!scatter)
    __scatterload_rt2                        0x08000191   Thumb Code    44  __scatter.o(!!!scatter)
    __scatterload_rt2_thumb_only             0x08000191   Thumb Code     0  __scatter.o(!!!scatter)
    __scatterload_null                       0x0800019f   Thumb Code     0  __scatter.o(!!!scatter)
    __decompress                             0x080001c5   Thumb Code    90  __dczerorl2.o(!!dczerorl2)
    __decompress1                            0x080001c5   Thumb Code     0  __dczerorl2.o(!!dczerorl2)
    __scatterload_zeroinit                   0x08000221   Thumb Code    28  __scatter_zi.o(!!handler_zi)
    _printf_f                                0x0800023d   Thumb Code     0  _printf_f.o(.ARM.Collect$$_printf_percent$$00000003)
    _printf_percent                          0x0800023d   Thumb Code     0  _printf_percent.o(.ARM.Collect$$_printf_percent$$00000000)
    _printf_d                                0x08000243   Thumb Code     0  _printf_d.o(.ARM.Collect$$_printf_percent$$00000009)
    _printf_u                                0x08000249   Thumb Code     0  _printf_u.o(.ARM.Collect$$_printf_percent$$0000000A)
    _printf_c                                0x0800024f   Thumb Code     0  _printf_c.o(.ARM.Collect$$_printf_percent$$00000013)
    _printf_percent_end                      0x08000255   Thumb Code     0  _printf_percent_end.o(.ARM.Collect$$_printf_percent$$00000017)
    __rt_lib_init                            0x08000259   Thumb Code     0  libinit.o(.ARM.Collect$$libinit$$00000000)
    __rt_lib_init_fp_1                       0x0800025b   Thumb Code     0  libinit2.o(.ARM.Collect$$libinit$$00000001)
    __rt_lib_init_heap_1                     0x0800025f   Thumb Code     0  libinit2.o(.ARM.Collect$$libinit$$0000000A)
    __rt_lib_init_lc_common                  0x0800025f   Thumb Code     0  libinit2.o(.ARM.Collect$$libinit$$0000000F)
    __rt_lib_init_preinit_1                  0x0800025f   Thumb Code     0  libinit2.o(.ARM.Collect$$libinit$$00000004)
    __rt_lib_init_rand_1                     0x0800025f   Thumb Code     0  libinit2.o(.ARM.Collect$$libinit$$0000000E)
    __rt_lib_init_user_alloc_1               0x0800025f   Thumb Code     0  libinit2.o(.ARM.Collect$$libinit$$0000000C)
    __rt_lib_init_lc_collate_1               0x08000265   Thumb Code     0  libinit2.o(.ARM.Collect$$libinit$$00000011)
    __rt_lib_init_lc_ctype_1                 0x08000265   Thumb Code     0  libinit2.o(.ARM.Collect$$libinit$$00000013)
    __rt_lib_init_lc_monetary_1              0x08000265   Thumb Code     0  libinit2.o(.ARM.Collect$$libinit$$00000015)
    __rt_lib_init_lc_numeric_2               0x08000265   Thumb Code     0  libinit2.o(.ARM.Collect$$libinit$$00000016)
    __rt_lib_init_alloca_1                   0x0800026f   Thumb Code     0  libinit2.o(.ARM.Collect$$libinit$$0000002E)
    __rt_lib_init_argv_1                     0x0800026f   Thumb Code     0  libinit2.o(.ARM.Collect$$libinit$$0000002C)
    __rt_lib_init_atexit_1                   0x0800026f   Thumb Code     0  libinit2.o(.ARM.Collect$$libinit$$0000001B)
    __rt_lib_init_clock_1                    0x0800026f   Thumb Code     0  libinit2.o(.ARM.Collect$$libinit$$00000021)
    __rt_lib_init_cpp_1                      0x0800026f   Thumb Code     0  libinit2.o(.ARM.Collect$$libinit$$00000032)
    __rt_lib_init_exceptions_1               0x0800026f   Thumb Code     0  libinit2.o(.ARM.Collect$$libinit$$00000030)
    __rt_lib_init_fp_trap_1                  0x0800026f   Thumb Code     0  libinit2.o(.ARM.Collect$$libinit$$0000001F)
    __rt_lib_init_getenv_1                   0x0800026f   Thumb Code     0  libinit2.o(.ARM.Collect$$libinit$$00000023)
    __rt_lib_init_lc_numeric_1               0x0800026f   Thumb Code     0  libinit2.o(.ARM.Collect$$libinit$$00000017)
    __rt_lib_init_lc_time_1                  0x0800026f   Thumb Code     0  libinit2.o(.ARM.Collect$$libinit$$00000019)
    __rt_lib_init_return                     0x0800026f   Thumb Code     0  libinit2.o(.ARM.Collect$$libinit$$00000033)
    __rt_lib_init_signal_1                   0x0800026f   Thumb Code     0  libinit2.o(.ARM.Collect$$libinit$$0000001D)
    __rt_lib_init_stdio_1                    0x0800026f   Thumb Code     0  libinit2.o(.ARM.Collect$$libinit$$00000025)
    __rt_lib_shutdown                        0x08000271   Thumb Code     0  libshutdown.o(.ARM.Collect$$libshutdown$$00000000)
    __rt_lib_shutdown_cpp_1                  0x08000273   Thumb Code     0  libshutdown2.o(.ARM.Collect$$libshutdown$$00000002)
    __rt_lib_shutdown_fp_trap_1              0x08000273   Thumb Code     0  libshutdown2.o(.ARM.Collect$$libshutdown$$00000007)
    __rt_lib_shutdown_heap_1                 0x08000273   Thumb Code     0  libshutdown2.o(.ARM.Collect$$libshutdown$$0000000F)
    __rt_lib_shutdown_return                 0x08000273   Thumb Code     0  libshutdown2.o(.ARM.Collect$$libshutdown$$00000010)
    __rt_lib_shutdown_signal_1               0x08000273   Thumb Code     0  libshutdown2.o(.ARM.Collect$$libshutdown$$0000000A)
    __rt_lib_shutdown_stdio_1                0x08000273   Thumb Code     0  libshutdown2.o(.ARM.Collect$$libshutdown$$00000004)
    __rt_lib_shutdown_user_alloc_1           0x08000273   Thumb Code     0  libshutdown2.o(.ARM.Collect$$libshutdown$$0000000C)
    __rt_entry                               0x08000275   Thumb Code     0  __rtentry.o(.ARM.Collect$$rtentry$$00000000)
    __rt_entry_presh_1                       0x08000275   Thumb Code     0  __rtentry2.o(.ARM.Collect$$rtentry$$00000002)
    __rt_entry_sh                            0x08000275   Thumb Code     0  __rtentry4.o(.ARM.Collect$$rtentry$$00000004)
    __rt_entry_li                            0x0800027b   Thumb Code     0  __rtentry2.o(.ARM.Collect$$rtentry$$0000000A)
    __rt_entry_postsh_1                      0x0800027b   Thumb Code     0  __rtentry2.o(.ARM.Collect$$rtentry$$00000009)
    __rt_entry_main                          0x0800027f   Thumb Code     0  __rtentry2.o(.ARM.Collect$$rtentry$$0000000D)
    __rt_entry_postli_1                      0x0800027f   Thumb Code     0  __rtentry2.o(.ARM.Collect$$rtentry$$0000000C)
    __rt_exit                                0x08000287   Thumb Code     0  rtexit.o(.ARM.Collect$$rtexit$$00000000)
    __rt_exit_ls                             0x08000289   Thumb Code     0  rtexit2.o(.ARM.Collect$$rtexit$$00000003)
    __rt_exit_prels_1                        0x08000289   Thumb Code     0  rtexit2.o(.ARM.Collect$$rtexit$$00000002)
    __rt_exit_exit                           0x0800028d   Thumb Code     0  rtexit2.o(.ARM.Collect$$rtexit$$00000004)
    Reset_Handler                            0x08000295   Thumb Code     8  startup_stm32f40_41xxx.o(.text)
    ADC_IRQHandler                           0x080002af   Thumb Code     0  startup_stm32f40_41xxx.o(.text)
    CAN1_RX0_IRQHandler                      0x080002af   Thumb Code     0  startup_stm32f40_41xxx.o(.text)
    CAN1_RX1_IRQHandler                      0x080002af   Thumb Code     0  startup_stm32f40_41xxx.o(.text)
    CAN1_SCE_IRQHandler                      0x080002af   Thumb Code     0  startup_stm32f40_41xxx.o(.text)
    CAN1_TX_IRQHandler                       0x080002af   Thumb Code     0  startup_stm32f40_41xxx.o(.text)
    CAN2_RX0_IRQHandler                      0x080002af   Thumb Code     0  startup_stm32f40_41xxx.o(.text)
    CAN2_RX1_IRQHandler                      0x080002af   Thumb Code     0  startup_stm32f40_41xxx.o(.text)
    CAN2_SCE_IRQHandler                      0x080002af   Thumb Code     0  startup_stm32f40_41xxx.o(.text)
    CAN2_TX_IRQHandler                       0x080002af   Thumb Code     0  startup_stm32f40_41xxx.o(.text)
    CRYP_IRQHandler                          0x080002af   Thumb Code     0  startup_stm32f40_41xxx.o(.text)
    DCMI_IRQHandler                          0x080002af   Thumb Code     0  startup_stm32f40_41xxx.o(.text)
    DMA1_Stream0_IRQHandler                  0x080002af   Thumb Code     0  startup_stm32f40_41xxx.o(.text)
    DMA1_Stream1_IRQHandler                  0x080002af   Thumb Code     0  startup_stm32f40_41xxx.o(.text)
    DMA1_Stream2_IRQHandler                  0x080002af   Thumb Code     0  startup_stm32f40_41xxx.o(.text)
    DMA1_Stream3_IRQHandler                  0x080002af   Thumb Code     0  startup_stm32f40_41xxx.o(.text)
    DMA1_Stream4_IRQHandler                  0x080002af   Thumb Code     0  startup_stm32f40_41xxx.o(.text)
    DMA1_Stream5_IRQHandler                  0x080002af   Thumb Code     0  startup_stm32f40_41xxx.o(.text)
    DMA1_Stream6_IRQHandler                  0x080002af   Thumb Code     0  startup_stm32f40_41xxx.o(.text)
    DMA1_Stream7_IRQHandler                  0x080002af   Thumb Code     0  startup_stm32f40_41xxx.o(.text)
    DMA2_Stream0_IRQHandler                  0x080002af   Thumb Code     0  startup_stm32f40_41xxx.o(.text)
    DMA2_Stream1_IRQHandler                  0x080002af   Thumb Code     0  startup_stm32f40_41xxx.o(.text)
    DMA2_Stream2_IRQHandler                  0x080002af   Thumb Code     0  startup_stm32f40_41xxx.o(.text)
    DMA2_Stream3_IRQHandler                  0x080002af   Thumb Code     0  startup_stm32f40_41xxx.o(.text)
    DMA2_Stream4_IRQHandler                  0x080002af   Thumb Code     0  startup_stm32f40_41xxx.o(.text)
    DMA2_Stream5_IRQHandler                  0x080002af   Thumb Code     0  startup_stm32f40_41xxx.o(.text)
    DMA2_Stream6_IRQHandler                  0x080002af   Thumb Code     0  startup_stm32f40_41xxx.o(.text)
    DMA2_Stream7_IRQHandler                  0x080002af   Thumb Code     0  startup_stm32f40_41xxx.o(.text)
    ETH_IRQHandler                           0x080002af   Thumb Code     0  startup_stm32f40_41xxx.o(.text)
    ETH_WKUP_IRQHandler                      0x080002af   Thumb Code     0  startup_stm32f40_41xxx.o(.text)
    EXTI0_IRQHandler                         0x080002af   Thumb Code     0  startup_stm32f40_41xxx.o(.text)
    EXTI15_10_IRQHandler                     0x080002af   Thumb Code     0  startup_stm32f40_41xxx.o(.text)
    EXTI2_IRQHandler                         0x080002af   Thumb Code     0  startup_stm32f40_41xxx.o(.text)
    EXTI4_IRQHandler                         0x080002af   Thumb Code     0  startup_stm32f40_41xxx.o(.text)
    EXTI9_5_IRQHandler                       0x080002af   Thumb Code     0  startup_stm32f40_41xxx.o(.text)
    FLASH_IRQHandler                         0x080002af   Thumb Code     0  startup_stm32f40_41xxx.o(.text)
    FPU_IRQHandler                           0x080002af   Thumb Code     0  startup_stm32f40_41xxx.o(.text)
    FSMC_IRQHandler                          0x080002af   Thumb Code     0  startup_stm32f40_41xxx.o(.text)
    HASH_RNG_IRQHandler                      0x080002af   Thumb Code     0  startup_stm32f40_41xxx.o(.text)
    I2C1_ER_IRQHandler                       0x080002af   Thumb Code     0  startup_stm32f40_41xxx.o(.text)
    I2C1_EV_IRQHandler                       0x080002af   Thumb Code     0  startup_stm32f40_41xxx.o(.text)
    I2C2_ER_IRQHandler                       0x080002af   Thumb Code     0  startup_stm32f40_41xxx.o(.text)
    I2C2_EV_IRQHandler                       0x080002af   Thumb Code     0  startup_stm32f40_41xxx.o(.text)
    I2C3_ER_IRQHandler                       0x080002af   Thumb Code     0  startup_stm32f40_41xxx.o(.text)
    I2C3_EV_IRQHandler                       0x080002af   Thumb Code     0  startup_stm32f40_41xxx.o(.text)
    OTG_FS_IRQHandler                        0x080002af   Thumb Code     0  startup_stm32f40_41xxx.o(.text)
    OTG_FS_WKUP_IRQHandler                   0x080002af   Thumb Code     0  startup_stm32f40_41xxx.o(.text)
    OTG_HS_EP1_IN_IRQHandler                 0x080002af   Thumb Code     0  startup_stm32f40_41xxx.o(.text)
    OTG_HS_EP1_OUT_IRQHandler                0x080002af   Thumb Code     0  startup_stm32f40_41xxx.o(.text)
    OTG_HS_IRQHandler                        0x080002af   Thumb Code     0  startup_stm32f40_41xxx.o(.text)
    OTG_HS_WKUP_IRQHandler                   0x080002af   Thumb Code     0  startup_stm32f40_41xxx.o(.text)
    PVD_IRQHandler                           0x080002af   Thumb Code     0  startup_stm32f40_41xxx.o(.text)
    RCC_IRQHandler                           0x080002af   Thumb Code     0  startup_stm32f40_41xxx.o(.text)
    RTC_Alarm_IRQHandler                     0x080002af   Thumb Code     0  startup_stm32f40_41xxx.o(.text)
    RTC_WKUP_IRQHandler                      0x080002af   Thumb Code     0  startup_stm32f40_41xxx.o(.text)
    SDIO_IRQHandler                          0x080002af   Thumb Code     0  startup_stm32f40_41xxx.o(.text)
    SPI1_IRQHandler                          0x080002af   Thumb Code     0  startup_stm32f40_41xxx.o(.text)
    SPI2_IRQHandler                          0x080002af   Thumb Code     0  startup_stm32f40_41xxx.o(.text)
    SPI3_IRQHandler                          0x080002af   Thumb Code     0  startup_stm32f40_41xxx.o(.text)
    TAMP_STAMP_IRQHandler                    0x080002af   Thumb Code     0  startup_stm32f40_41xxx.o(.text)
    TIM1_BRK_TIM9_IRQHandler                 0x080002af   Thumb Code     0  startup_stm32f40_41xxx.o(.text)
    TIM1_CC_IRQHandler                       0x080002af   Thumb Code     0  startup_stm32f40_41xxx.o(.text)
    TIM1_TRG_COM_TIM11_IRQHandler            0x080002af   Thumb Code     0  startup_stm32f40_41xxx.o(.text)
    TIM1_UP_TIM10_IRQHandler                 0x080002af   Thumb Code     0  startup_stm32f40_41xxx.o(.text)
    TIM2_IRQHandler                          0x080002af   Thumb Code     0  startup_stm32f40_41xxx.o(.text)
    TIM3_IRQHandler                          0x080002af   Thumb Code     0  startup_stm32f40_41xxx.o(.text)
    TIM5_IRQHandler                          0x080002af   Thumb Code     0  startup_stm32f40_41xxx.o(.text)
    TIM6_DAC_IRQHandler                      0x080002af   Thumb Code     0  startup_stm32f40_41xxx.o(.text)
    TIM7_IRQHandler                          0x080002af   Thumb Code     0  startup_stm32f40_41xxx.o(.text)
    TIM8_BRK_TIM12_IRQHandler                0x080002af   Thumb Code     0  startup_stm32f40_41xxx.o(.text)
    TIM8_CC_IRQHandler                       0x080002af   Thumb Code     0  startup_stm32f40_41xxx.o(.text)
    TIM8_TRG_COM_TIM14_IRQHandler            0x080002af   Thumb Code     0  startup_stm32f40_41xxx.o(.text)
    TIM8_UP_TIM13_IRQHandler                 0x080002af   Thumb Code     0  startup_stm32f40_41xxx.o(.text)
    UART4_IRQHandler                         0x080002af   Thumb Code     0  startup_stm32f40_41xxx.o(.text)
    UART5_IRQHandler                         0x080002af   Thumb Code     0  startup_stm32f40_41xxx.o(.text)
    USART6_IRQHandler                        0x080002af   Thumb Code     0  startup_stm32f40_41xxx.o(.text)
    WWDG_IRQHandler                          0x080002af   Thumb Code     0  startup_stm32f40_41xxx.o(.text)
    __user_initial_stackheap                 0x080002b1   Thumb Code     0  startup_stm32f40_41xxx.o(.text)
    __use_no_semihosting                     0x080002d5   Thumb Code     2  use_no_semi_2.o(.text)
    __2printf                                0x080002d9   Thumb Code    20  __2printf.o(.text)
    _printf_str                              0x080002f1   Thumb Code    82  _printf_str.o(.text)
    _printf_int_dec                          0x08000345   Thumb Code   104  _printf_dec.o(.text)
    __printf                                 0x080003bd   Thumb Code   388  __printf_flags_ss_wp.o(.text)
    __aeabi_memclr4                          0x08000545   Thumb Code     0  rt_memclr_w.o(.text)
    __aeabi_memclr8                          0x08000545   Thumb Code     0  rt_memclr_w.o(.text)
    __rt_memclr_w                            0x08000545   Thumb Code    78  rt_memclr_w.o(.text)
    _memset_w                                0x08000549   Thumb Code     0  rt_memclr_w.o(.text)
    __use_two_region_memory                  0x08000593   Thumb Code     2  heapauxi.o(.text)
    __rt_heap_escrow$2region                 0x08000595   Thumb Code     2  heapauxi.o(.text)
    __rt_heap_expand$2region                 0x08000597   Thumb Code     2  heapauxi.o(.text)
    __I$use$semihosting                      0x08000599   Thumb Code     0  use_no_semi.o(.text)
    __use_no_semihosting_swi                 0x08000599   Thumb Code     2  use_no_semi.o(.text)
    __read_errno                             0x0800059b   Thumb Code    10  _rserrno.o(.text)
    __set_errno                              0x080005a5   Thumb Code    12  _rserrno.o(.text)
    _printf_int_common                       0x080005b1   Thumb Code   178  _printf_intcommon.o(.text)
    __lib_sel_fp_printf                      0x08000663   Thumb Code     2  _printf_fp_dec.o(.text)
    _printf_fp_dec_real                      0x08000815   Thumb Code   620  _printf_fp_dec.o(.text)
    _printf_char_common                      0x08000a8b   Thumb Code    32  _printf_char_common.o(.text)
    _printf_cs_common                        0x08000ab1   Thumb Code    20  _printf_char.o(.text)
    _printf_char                             0x08000ac5   Thumb Code    16  _printf_char.o(.text)
    _printf_string                           0x08000ad5   Thumb Code     8  _printf_char.o(.text)
    _printf_char_file                        0x08000add   Thumb Code    32  _printf_char_file.o(.text)
    __rt_locale                              0x08000b01   Thumb Code     8  rt_locale_intlibspace.o(.text)
    __aeabi_errno_addr                       0x08000b09   Thumb Code     8  rt_errno_addr_intlibspace.o(.text)
    __errno$intlibspace                      0x08000b09   Thumb Code     0  rt_errno_addr_intlibspace.o(.text)
    __rt_errno_addr$intlibspace              0x08000b09   Thumb Code     0  rt_errno_addr_intlibspace.o(.text)
    _ll_udiv10                               0x08000b11   Thumb Code   138  lludiv10.o(.text)
    _printf_fp_infnan                        0x08000b9d   Thumb Code   112  _printf_fp_infnan.o(.text)
    _btod_etento                             0x08000c1d   Thumb Code   224  bigflt0.o(.text)
    ferror                                   0x08000d01   Thumb Code     8  ferror.o(.text)
    __user_libspace                          0x08000d09   Thumb Code     8  libspace.o(.text)
    __user_perproc_libspace                  0x08000d09   Thumb Code     0  libspace.o(.text)
    __user_perthread_libspace                0x08000d09   Thumb Code     0  libspace.o(.text)
    __user_setup_stackheap                   0x08000d11   Thumb Code    74  sys_stackheap_outer.o(.text)
    exit                                     0x08000d5b   Thumb Code    18  exit.o(.text)
    strcmp                                   0x08000d6d   Thumb Code   128  strcmpv7m.o(.text)
    _btod_d2e                                0x08000ded   Thumb Code    62  btod.o(CL$$btod_d2e)
    _d2e_denorm_low                          0x08000e2b   Thumb Code    70  btod.o(CL$$btod_d2e_denorm_low)
    _d2e_norm_op1                            0x08000e71   Thumb Code    96  btod.o(CL$$btod_d2e_norm_op1)
    __btod_div_common                        0x08000ed1   Thumb Code   696  btod.o(CL$$btod_div_common)
    _e2e                                     0x08001209   Thumb Code   220  btod.o(CL$$btod_e2e)
    _btod_ediv                               0x080012e5   Thumb Code    42  btod.o(CL$$btod_ediv)
    _btod_emul                               0x0800130f   Thumb Code    42  btod.o(CL$$btod_emul)
    __btod_mult_common                       0x08001339   Thumb Code   580  btod.o(CL$$btod_mult_common)
    ATGM336H_Configuration                   0x0800157d   Thumb Code   110  atgm336h.o(i.ATGM336H_Configuration)
    AccelerationSolution                     0x080015fd   Thumb Code  1392  computation.o(i.AccelerationSolution)
    Acceleration_Get                         0x08001b91   Thumb Code   196  computation.o(i.Acceleration_Get)
    AngularVelocity_Get                      0x08001c75   Thumb Code   182  computation.o(i.AngularVelocity_Get)
    AttitudeAngle_Init                       0x08001d45   Thumb Code   356  computation.o(i.AttitudeAngle_Init)
    AttitudeSolution                         0x08001ec1   Thumb Code  1418  computation.o(i.AttitudeSolution)
    BMI055_Configuration                     0x0800244d   Thumb Code   590  bmi055.o(i.BMI055_Configuration)
    BMI055_DataTransform                     0x080026d9   Thumb Code    34  bmi055.o(i.BMI055_DataTransform)
    BMI055_ReadBuffer                        0x08002701   Thumb Code    90  bmi055.o(i.BMI055_ReadBuffer)
    BMI055_SendData                          0x08002765   Thumb Code    76  bmi055.o(i.BMI055_SendData)
    BMP388_Calibration                       0x080027b9   Thumb Code   694  bmp388.o(i.BMP388_Calibration)
    BMP388_Configuration                     0x08002ad1   Thumb Code   140  bmp388.o(i.BMP388_Configuration)
    BMP388_ReadBuffer                        0x08002b69   Thumb Code    68  bmp388.o(i.BMP388_ReadBuffer)
    BMP388_ReadData                          0x08002bb5   Thumb Code    56  bmp388.o(i.BMP388_ReadData)
    BMP388_SendData                          0x08002bf9   Thumb Code    72  bmp388.o(i.BMP388_SendData)
    BUZZER_Configuration                     0x08002c4d   Thumb Code    54  buzzer.o(i.BUZZER_Configuration)
    BusFault_Handler                         0x08002c8d   Thumb Code     4  stm32f4xx_it.o(i.BusFault_Handler)
    Commanad_ChipErase                       0x08002c91   Thumb Code    30  command.o(i.Commanad_ChipErase)
    Command_AccelerationDisplay              0x08002cc9   Thumb Code    48  command.o(i.Command_AccelerationDisplay)
    Command_AttitudeSolution                 0x08002d2d   Thumb Code   218  command.o(i.Command_AttitudeSolution)
    Command_BMI055_DataDisplay               0x08002e55   Thumb Code    86  command.o(i.Command_BMI055_DataDisplay)
    Command_BMI055_DataStorage               0x08002eed   Thumb Code  1340  command.o(i.Command_BMI055_DataStorage)
    Command_BMI055_OFFSET                    0x0800342d   Thumb Code   616  command.o(i.Command_BMI055_OFFSET)
    Command_Bmi055StartWork                  0x080036f5   Thumb Code   202  command.o(i.Command_Bmi055StartWork)
    Command_Bmi055StopWork                   0x08003809   Thumb Code   112  command.o(i.Command_Bmi055StopWork)
    Command_DataOutput                       0x080038cd   Thumb Code   628  command.o(i.Command_DataOutput)
    Command_Execute                          0x08003c11   Thumb Code   444  command.o(i.Command_Execute)
    Command_PositionDisplay                  0x08003e2d   Thumb Code    48  command.o(i.Command_PositionDisplay)
    Command_Q_Init                           0x08003ea1   Thumb Code  1588  command.o(i.Command_Q_Init)
    Command_StatusCheck                      0x08004525   Thumb Code    10  command.o(i.Command_StatusCheck)
    Command_VelocityDisplay                  0x0800454d   Thumb Code    48  command.o(i.Command_VelocityDisplay)
    DebugMon_Handler                         0x080045c1   Thumb Code     2  stm32f4xx_it.o(i.DebugMon_Handler)
    EXTI1_IRQHandler                         0x080045c3   Thumb Code    16  bmi055.o(i.EXTI1_IRQHandler)
    EXTI3_IRQHandler                         0x080045d3   Thumb Code    16  bmi055.o(i.EXTI3_IRQHandler)
    EXTI_ClearITPendingBit                   0x080045e5   Thumb Code     6  stm32f4xx_exti.o(i.EXTI_ClearITPendingBit)
    EXTI_GetITStatus                         0x080045f1   Thumb Code    20  stm32f4xx_exti.o(i.EXTI_GetITStatus)
    EXTI_Init                                0x08004609   Thumb Code   142  stm32f4xx_exti.o(i.EXTI_Init)
    FLASH_PrefetchBufferCmd                  0x0800469d   Thumb Code    30  stm32f4xx_flash.o(i.FLASH_PrefetchBufferCmd)
    FLASH_SetLatency                         0x080046c1   Thumb Code     6  stm32f4xx_flash.o(i.FLASH_SetLatency)
    GPIO_Init                                0x080046cd   Thumb Code   144  stm32f4xx_gpio.o(i.GPIO_Init)
    GPIO_PinAFConfig                         0x0800475d   Thumb Code    70  stm32f4xx_gpio.o(i.GPIO_PinAFConfig)
    HardFault_Handler                        0x080047a3   Thumb Code     4  stm32f4xx_it.o(i.HardFault_Handler)
    I2C1_Configuration                       0x080047a9   Thumb Code   134  iic.o(i.I2C1_Configuration)
    I2C2_Configuration                       0x0800483d   Thumb Code   136  iic.o(i.I2C2_Configuration)
    I2C_Cmd                                  0x080048d1   Thumb Code    24  stm32f4xx_i2c.o(i.I2C_Cmd)
    I2C_Init                                 0x080048e9   Thumb Code   218  stm32f4xx_i2c.o(i.I2C_Init)
    LED_Init                                 0x080049d1   Thumb Code    46  led.o(i.LED_Init)
    MemManage_Handler                        0x08004a09   Thumb Code     4  stm32f4xx_it.o(i.MemManage_Handler)
    NMI_Handler                              0x08004a0d   Thumb Code     2  stm32f4xx_it.o(i.NMI_Handler)
    NVIC_Configuration                       0x08004a0f   Thumb Code    12  sys.o(i.NVIC_Configuration)
    NVIC_Init                                0x08004a1d   Thumb Code   106  misc.o(i.NVIC_Init)
    NVIC_PriorityGroupConfig                 0x08004a95   Thumb Code    10  misc.o(i.NVIC_PriorityGroupConfig)
    PID_Output                               0x08004aa9   Thumb Code   286  control.o(i.PID_Output)
    PendSV_Handler                           0x08004bc7   Thumb Code     2  stm32f4xx_it.o(i.PendSV_Handler)
    PitchChannel_Output                      0x08004bc9   Thumb Code   102  control.o(i.PitchChannel_Output)
    Pitch_Get                                0x08004c39   Thumb Code   144  computation.o(i.Pitch_Get)
    PositionSolution                         0x08004cd5   Thumb Code   218  computation.o(i.PositionSolution)
    RCC_AHB1PeriphClockCmd                   0x08004dbd   Thumb Code    26  stm32f4xx_rcc.o(i.RCC_AHB1PeriphClockCmd)
    RCC_APB1PeriphClockCmd                   0x08004ddd   Thumb Code    26  stm32f4xx_rcc.o(i.RCC_APB1PeriphClockCmd)
    RCC_APB2PeriphClockCmd                   0x08004dfd   Thumb Code    26  stm32f4xx_rcc.o(i.RCC_APB2PeriphClockCmd)
    RCC_Configuration                        0x08004e1d   Thumb Code   108  sys.o(i.RCC_Configuration)
    RCC_DeInit                               0x08004e89   Thumb Code    82  stm32f4xx_rcc.o(i.RCC_DeInit)
    RCC_GetClocksFreq                        0x08004eed   Thumb Code   214  stm32f4xx_rcc.o(i.RCC_GetClocksFreq)
    RCC_GetFlagStatus                        0x08004fd5   Thumb Code    60  stm32f4xx_rcc.o(i.RCC_GetFlagStatus)
    RCC_GetSYSCLKSource                      0x08005015   Thumb Code    10  stm32f4xx_rcc.o(i.RCC_GetSYSCLKSource)
    RCC_HCLKConfig                           0x08005025   Thumb Code    18  stm32f4xx_rcc.o(i.RCC_HCLKConfig)
    RCC_HSEConfig                            0x0800503d   Thumb Code    12  stm32f4xx_rcc.o(i.RCC_HSEConfig)
    RCC_PCLK1Config                          0x0800504d   Thumb Code    18  stm32f4xx_rcc.o(i.RCC_PCLK1Config)
    RCC_PCLK2Config                          0x08005065   Thumb Code    20  stm32f4xx_rcc.o(i.RCC_PCLK2Config)
    RCC_PLLCmd                               0x0800507d   Thumb Code     6  stm32f4xx_rcc.o(i.RCC_PLLCmd)
    RCC_PLLConfig                            0x08005089   Thumb Code    30  stm32f4xx_rcc.o(i.RCC_PLLConfig)
    RCC_SYSCLKConfig                         0x080050ad   Thumb Code    18  stm32f4xx_rcc.o(i.RCC_SYSCLKConfig)
    RCC_WaitForHSEStartUp                    0x080050c5   Thumb Code    56  stm32f4xx_rcc.o(i.RCC_WaitForHSEStartUp)
    RollChannel_Output                       0x080050fd   Thumb Code   102  control.o(i.RollChannel_Output)
    Roll_Get                                 0x0800516d   Thumb Code   304  computation.o(i.Roll_Get)
    SERVE_Configution                        0x080052b1   Thumb Code   372  serve.o(i.SERVE_Configution)
    SPI1_Configuration                       0x08005435   Thumb Code   160  spi.o(i.SPI1_Configuration)
    SPI_Cmd                                  0x080054dd   Thumb Code    24  stm32f4xx_spi.o(i.SPI_Cmd)
    SPI_I2S_GetFlagStatus                    0x080054f5   Thumb Code    18  stm32f4xx_spi.o(i.SPI_I2S_GetFlagStatus)
    SPI_I2S_ReceiveData                      0x08005507   Thumb Code     6  stm32f4xx_spi.o(i.SPI_I2S_ReceiveData)
    SPI_I2S_SendData                         0x0800550d   Thumb Code     4  stm32f4xx_spi.o(i.SPI_I2S_SendData)
    SPI_Init                                 0x08005511   Thumb Code    60  stm32f4xx_spi.o(i.SPI_Init)
    SPI_ReadWriteByte                        0x0800554d   Thumb Code    52  spi.o(i.SPI_ReadWriteByte)
    SVC_Handler                              0x08005581   Thumb Code     2  stm32f4xx_it.o(i.SVC_Handler)
    SYSCFG_EXTILineConfig                    0x08005585   Thumb Code    60  stm32f4xx_syscfg.o(i.SYSCFG_EXTILineConfig)
    SysTick_Handler                          0x080056b1   Thumb Code     2  stm32f4xx_it.o(i.SysTick_Handler)
    SystemInit                               0x080056b5   Thumb Code    88  system_stm32f4xx.o(i.SystemInit)
    TIM4_IRQHandler                          0x0800571d   Thumb Code   102  bmi055.o(i.TIM4_IRQHandler)
    TIM_ARRPreloadConfig                     0x0800578d   Thumb Code    24  stm32f4xx_tim.o(i.TIM_ARRPreloadConfig)
    TIM_ClearITPendingBit                    0x080057a5   Thumb Code     6  stm32f4xx_tim.o(i.TIM_ClearITPendingBit)
    TIM_Cmd                                  0x080057ab   Thumb Code    24  stm32f4xx_tim.o(i.TIM_Cmd)
    TIM_GetITStatus                          0x080057c3   Thumb Code    34  stm32f4xx_tim.o(i.TIM_GetITStatus)
    TIM_ITConfig                             0x080057e5   Thumb Code    18  stm32f4xx_tim.o(i.TIM_ITConfig)
    TIM_OC1Init                              0x080057f9   Thumb Code   114  stm32f4xx_tim.o(i.TIM_OC1Init)
    TIM_OC1PreloadConfig                     0x08005875   Thumb Code    18  stm32f4xx_tim.o(i.TIM_OC1PreloadConfig)
    TIM_OC2Init                              0x08005889   Thumb Code   154  stm32f4xx_tim.o(i.TIM_OC2Init)
    TIM_OC2PreloadConfig                     0x0800592d   Thumb Code    26  stm32f4xx_tim.o(i.TIM_OC2PreloadConfig)
    TIM_OC3Init                              0x08005949   Thumb Code   150  stm32f4xx_tim.o(i.TIM_OC3Init)
    TIM_OC3PreloadConfig                     0x080059e9   Thumb Code    18  stm32f4xx_tim.o(i.TIM_OC3PreloadConfig)
    TIM_OC4Init                              0x080059fd   Thumb Code   112  stm32f4xx_tim.o(i.TIM_OC4Init)
    TIM_OC4PreloadConfig                     0x08005a75   Thumb Code    26  stm32f4xx_tim.o(i.TIM_OC4PreloadConfig)
    TIM_SetCompare1                          0x08005a8f   Thumb Code     4  stm32f4xx_tim.o(i.TIM_SetCompare1)
    TIM_SetCompare2                          0x08005a93   Thumb Code     4  stm32f4xx_tim.o(i.TIM_SetCompare2)
    TIM_SetCompare3                          0x08005a97   Thumb Code     4  stm32f4xx_tim.o(i.TIM_SetCompare3)
    TIM_SetCompare4                          0x08005a9b   Thumb Code     4  stm32f4xx_tim.o(i.TIM_SetCompare4)
    TIM_SetCounter                           0x08005a9f   Thumb Code     4  stm32f4xx_tim.o(i.TIM_SetCounter)
    TIM_TimeBaseInit                         0x08005aa5   Thumb Code   104  stm32f4xx_tim.o(i.TIM_TimeBaseInit)
    USART1_Configuration                     0x08005b29   Thumb Code   166  usart.o(i.USART1_Configuration)
    USART1_IRQHandler                        0x08005bd9   Thumb Code   238  usart.o(i.USART1_IRQHandler)
    USART2_Configuration                     0x08005cdd   Thumb Code   162  usart.o(i.USART2_Configuration)
    USART2_IRQHandler                        0x08005d89   Thumb Code    66  usart.o(i.USART2_IRQHandler)
    USART3_IRQHandler                        0x08005dd5   Thumb Code   132  usart.o(i.USART3_IRQHandler)
    USART_ClearITPendingBit                  0x08005e69   Thumb Code    30  stm32f4xx_usart.o(i.USART_ClearITPendingBit)
    USART_Cmd                                0x08005e87   Thumb Code    24  stm32f4xx_usart.o(i.USART_Cmd)
    USART_GetITStatus                        0x08005e9f   Thumb Code    84  stm32f4xx_usart.o(i.USART_GetITStatus)
    USART_ITConfig                           0x08005ef3   Thumb Code    74  stm32f4xx_usart.o(i.USART_ITConfig)
    USART_Init                               0x08005f3d   Thumb Code   204  stm32f4xx_usart.o(i.USART_Init)
    USART_ReceiveData                        0x08006011   Thumb Code    10  stm32f4xx_usart.o(i.USART_ReceiveData)
    USART_SendData                           0x0800601b   Thumb Code     8  stm32f4xx_usart.o(i.USART_SendData)
    UsageFault_Handler                       0x08006023   Thumb Code     4  stm32f4xx_it.o(i.UsageFault_Handler)
    VelociteySolution                        0x08006029   Thumb Code   218  computation.o(i.VelociteySolution)
    W25N_BlockErase                          0x08006111   Thumb Code    74  w25n.o(i.W25N_BlockErase)
    W25N_Configuration                       0x08006169   Thumb Code    84  w25n.o(i.W25N_Configuration)
    W25N_DataReceive                         0x080061c9   Thumb Code   156  w25n.o(i.W25N_DataReceive)
    W25N_DataWrirte                          0x08006275   Thumb Code   144  w25n.o(i.W25N_DataWrirte)
    W25N_SendData                            0x08006315   Thumb Code    50  w25n.o(i.W25N_SendData)
    W25N_WaitBusy                            0x08006355   Thumb Code    56  w25n.o(i.W25N_WaitBusy)
    W25N_WriteEnable                         0x08006395   Thumb Code    32  w25n.o(i.W25N_WriteEnable)
    Yaw_Get                                  0x080063c1   Thumb Code   304  computation.o(i.Yaw_Get)
    __ARM_fpclassify                         0x08006505   Thumb Code    48  fpclassify.o(i.__ARM_fpclassify)
    __hardfp_asin                            0x08006539   Thumb Code   770  asin.o(i.__hardfp_asin)
    __hardfp_atan                            0x08006899   Thumb Code   622  atan.o(i.__hardfp_atan)
    __hardfp_atan2                           0x08006b71   Thumb Code   432  atan2.o(i.__hardfp_atan2)
    __hardfp_cos                             0x08006d61   Thumb Code   180  cos.o(i.__hardfp_cos)
    __hardfp_pow                             0x08006e29   Thumb Code  3072  pow.o(i.__hardfp_pow)
    __hardfp_sin                             0x08007a79   Thumb Code   180  sin.o(i.__hardfp_sin)
    __hardfp_sqrt                            0x08007b41   Thumb Code   122  sqrt.o(i.__hardfp_sqrt)
    __ieee754_rem_pio2                       0x08007bc1   Thumb Code   938  rred.o(i.__ieee754_rem_pio2)
    __kernel_cos                             0x08007ff9   Thumb Code   322  cos_i.o(i.__kernel_cos)
    __kernel_poly                            0x08008169   Thumb Code   248  poly.o(i.__kernel_poly)
    __kernel_sin                             0x08008261   Thumb Code   280  sin_i.o(i.__kernel_sin)
    __mathlib_dbl_divzero                    0x08008391   Thumb Code    28  dunder.o(i.__mathlib_dbl_divzero)
    __mathlib_dbl_infnan                     0x080083c1   Thumb Code    20  dunder.o(i.__mathlib_dbl_infnan)
    __mathlib_dbl_infnan2                    0x080083d5   Thumb Code    20  dunder.o(i.__mathlib_dbl_infnan2)
    __mathlib_dbl_invalid                    0x080083e9   Thumb Code    24  dunder.o(i.__mathlib_dbl_invalid)
    __mathlib_dbl_overflow                   0x08008409   Thumb Code    24  dunder.o(i.__mathlib_dbl_overflow)
    __mathlib_dbl_underflow                  0x08008429   Thumb Code    24  dunder.o(i.__mathlib_dbl_underflow)
    _is_digit                                0x08008449   Thumb Code    14  __printf_wp.o(i._is_digit)
    _sys_exit                                0x08008457   Thumb Code     6  usart.o(i._sys_exit)
    atan                                     0x0800845d   Thumb Code    16  atan.o(i.atan)
    delay_ms                                 0x0800846d   Thumb Code    24  delay.o(i.delay_ms)
    delay_us                                 0x08008485   Thumb Code    66  delay.o(i.delay_us)
    fabs                                     0x080084c7   Thumb Code    24  fabs.o(i.fabs)
    fputc                                    0x080084e1   Thumb Code    22  usart.o(i.fputc)
    main                                     0x080084fd   Thumb Code   102  main.o(i.main)
    sqrt                                     0x08008581   Thumb Code   110  sqrt.o(i.sqrt)
    _get_lc_numeric                          0x080085f1   Thumb Code    44  lc_numeric_c.o(locale$$code)
    __aeabi_dneg                             0x0800861d   Thumb Code     0  basic.o(x$fpl$basic)
    _dneg                                    0x0800861d   Thumb Code     6  basic.o(x$fpl$basic)
    __aeabi_fneg                             0x08008623   Thumb Code     0  basic.o(x$fpl$basic)
    _fneg                                    0x08008623   Thumb Code     6  basic.o(x$fpl$basic)
    _dabs                                    0x08008629   Thumb Code     6  basic.o(x$fpl$basic)
    _fabs                                    0x0800862f   Thumb Code     6  basic.o(x$fpl$basic)
    __aeabi_dadd                             0x08008635   Thumb Code     0  daddsub_clz.o(x$fpl$dadd)
    _dadd                                    0x08008635   Thumb Code   332  daddsub_clz.o(x$fpl$dadd)
    __fpl_dcheck_NaN1                        0x08008785   Thumb Code    10  dcheck1.o(x$fpl$dcheck1)
    __fpl_dcmp_Inf                           0x08008795   Thumb Code    24  dcmpi.o(x$fpl$dcmpinf)
    __aeabi_ddiv                             0x080087ad   Thumb Code     0  ddiv.o(x$fpl$ddiv)
    _ddiv                                    0x080087ad   Thumb Code   552  ddiv.o(x$fpl$ddiv)
    __aeabi_d2iz                             0x08008a5d   Thumb Code     0  dfix.o(x$fpl$dfix)
    _dfix                                    0x08008a5d   Thumb Code    94  dfix.o(x$fpl$dfix)
    __aeabi_d2uiz                            0x08008abd   Thumb Code     0  dfixu.o(x$fpl$dfixu)
    _dfixu                                   0x08008abd   Thumb Code    90  dfixu.o(x$fpl$dfixu)
    __aeabi_i2d                              0x08008b17   Thumb Code     0  dflt_clz.o(x$fpl$dflt)
    _dflt                                    0x08008b17   Thumb Code    46  dflt_clz.o(x$fpl$dflt)
    __aeabi_ui2d                             0x08008b45   Thumb Code     0  dflt_clz.o(x$fpl$dfltu)
    _dfltu                                   0x08008b45   Thumb Code    38  dflt_clz.o(x$fpl$dfltu)
    __aeabi_cdcmple                          0x08008b6d   Thumb Code     0  dleqf.o(x$fpl$dleqf)
    _dcmple                                  0x08008b6d   Thumb Code   120  dleqf.o(x$fpl$dleqf)
    __fpl_dcmple_InfNaN                      0x08008bcf   Thumb Code     0  dleqf.o(x$fpl$dleqf)
    __aeabi_dmul                             0x08008be5   Thumb Code     0  dmul.o(x$fpl$dmul)
    _dmul                                    0x08008be5   Thumb Code   332  dmul.o(x$fpl$dmul)
    __fpl_dnaninf                            0x08008d39   Thumb Code   156  dnaninf.o(x$fpl$dnaninf)
    __fpl_dretinf                            0x08008dd5   Thumb Code    12  dretinf.o(x$fpl$dretinf)
    __aeabi_cdrcmple                         0x08008de1   Thumb Code     0  drleqf.o(x$fpl$drleqf)
    _drcmple                                 0x08008de1   Thumb Code   108  drleqf.o(x$fpl$drleqf)
    __aeabi_drsub                            0x08008e4d   Thumb Code     0  daddsub_clz.o(x$fpl$drsb)
    _drsb                                    0x08008e4d   Thumb Code    22  daddsub_clz.o(x$fpl$drsb)
    _dsqrt                                   0x08008e65   Thumb Code   404  dsqrt_umaal.o(x$fpl$dsqrt)
    __aeabi_dsub                             0x08008ffd   Thumb Code     0  daddsub_clz.o(x$fpl$dsub)
    _dsub                                    0x08008ffd   Thumb Code   464  daddsub_clz.o(x$fpl$dsub)
    _fp_init                                 0x080091d1   Thumb Code    10  fpinit.o(x$fpl$fpinit)
    __fplib_config_fpu_vfp                   0x080091d9   Thumb Code     0  fpinit.o(x$fpl$fpinit)
    __fplib_config_pureend_doubles           0x080091d9   Thumb Code     0  fpinit.o(x$fpl$fpinit)
    _printf_fp_dec                           0x080091db   Thumb Code     4  printf1.o(x$fpl$printf1)
    __fpl_return_NaN                         0x080091df   Thumb Code   100  retnan.o(x$fpl$retnan)
    __ARM_scalbn                             0x08009243   Thumb Code    92  scalbn.o(x$fpl$scalbn)
    __fpl_cmpreturn                          0x0800929f   Thumb Code    48  trapv.o(x$fpl$trapveneer)
    __I$use$fp                               0x080092ce   Number         0  usenofp.o(x$fpl$usenofp)
    page_max                                 0x080092ce   Data           2  bmi055.o(.constdata)
    __mathlib_zero                           0x08009488   Data           8  qnan.o(.constdata)
    Region$$Table$$Base                      0x08009614   Number         0  anon$$obj.o(Region$$Table)
    Region$$Table$$Limit                     0x08009634   Number         0  anon$$obj.o(Region$$Table)
    __stdout                                 0x20000010   Data           4  usart.o(.data)
    USART_MODE                               0x20000014   Data           1  usart.o(.data)
    USART1_RX_STA                            0x20000016   Data           2  usart.o(.data)
    USART2_RX_STA                            0x20000018   Data           2  usart.o(.data)
    USART3_RX_STA                            0x2000001a   Data           2  usart.o(.data)
    location                                 0x20000020   Data           1  bmi055.o(.data)
    n                                        0x20000021   Data           1  bmi055.o(.data)
    acc_16                                   0x20000022   Data           2  bmi055.o(.data)
    gyr_16                                   0x20000024   Data           2  bmi055.o(.data)
    acc                                      0x20000028   Data           8  bmi055.o(.data)
    gyr                                      0x20000030   Data           8  bmi055.o(.data)
    data_number                              0x20000038   Data           4  bmi055.o(.data)
    final_number                             0x2000003c   Data           4  bmi055.o(.data)
    dt                                       0x20000040   Data           8  bmi055.o(.data)
    ACC_Range                                0x20000048   Data           4  bmi055.o(.data)
    GYR_Range                                0x2000004c   Data           4  bmi055.o(.data)
    page                                     0x20000052   Data           2  w25n.o(.data)
    Command_Flag                             0x20000058   Data           1  command.o(.data)
    pitch                                    0x20000060   Data           8  computation.o(.data)
    yaw                                      0x20000068   Data           8  computation.o(.data)
    roll                                     0x20000070   Data           8  computation.o(.data)
    T_11                                     0x20000078   Data           8  computation.o(.data)
    T_12                                     0x20000080   Data           8  computation.o(.data)
    T_13                                     0x20000088   Data           8  computation.o(.data)
    T_21                                     0x20000090   Data           8  computation.o(.data)
    T_22                                     0x20000098   Data           8  computation.o(.data)
    T_23                                     0x200000a0   Data           8  computation.o(.data)
    T_31                                     0x200000a8   Data           8  computation.o(.data)
    T_32                                     0x200000b0   Data           8  computation.o(.data)
    T_33                                     0x200000b8   Data           8  computation.o(.data)
    PITCH_Coefficient                        0x200000c0   Data          56  control.o(.data)
    ROLL_Coefficient                         0x200000f8   Data          56  control.o(.data)
    Control_Flag                             0x20000130   Data           1  control.o(.data)
    USART1_RX_BUF                            0x20000134   Data          20  usart.o(.bss)
    USART2_RX_BUF                            0x20000148   Data          20  usart.o(.bss)
    USART3_RX_BUF                            0x2000015c   Data          20  usart.o(.bss)
    bmi_buffer                               0x20000170   Data        2048  bmi055.o(.bss)
    bmi055_offset                            0x20000970   Data          48  bmi055.o(.bss)
    BMP388_Calibration_Data                  0x200009a0   Data          22  bmp388.o(.bss)
    BMP388_Calibration_QuantizedData         0x200009b8   Data         120  bmp388.o(.bss)
    dq                                       0x20000a30   Data          32  computation.o(.bss)
    w                                        0x20000a50   Data          24  computation.o(.bss)
    q                                        0x20000a68   Data          32  computation.o(.bss)
    acceleration_n                           0x20000a88   Data          24  computation.o(.bss)
    velocity_n                               0x20000aa0   Data          24  computation.o(.bss)
    position_n                               0x20000ab8   Data          24  computation.o(.bss)
    __libspace_start                         0x20000ad0   Data          96  libspace.o(.bss)
    __temporary_stack_top$libspace           0x20000b30   Data           0  libspace.o(.bss)



==============================================================================

Memory Map of the image

  Image Entry point : 0x08000189

  Load Region LR_IROM1 (Base: 0x08000000, Size: 0x00009784, Max: 0x00100000, ABSOLUTE, COMPRESSED[0x00009664])

    Execution Region ER_IROM1 (Exec base: 0x08000000, Load base: 0x08000000, Size: 0x00009650, Max: 0x00100000, ABSOLUTE)

    Exec Addr    Load Addr    Size         Type   Attr      Idx    E Section Name        Object

    0x08000000   0x08000000   0x00000188   Data   RO         4840    RESET               startup_stm32f40_41xxx.o
    0x08000188   0x08000188   0x00000008   Code   RO         5886  * !!!main             c_w.l(__main.o)
    0x08000190   0x08000190   0x00000034   Code   RO         6366    !!!scatter          c_w.l(__scatter.o)
    0x080001c4   0x080001c4   0x0000005a   Code   RO         6364    !!dczerorl2         c_w.l(__dczerorl2.o)
    0x0800021e   0x0800021e   0x00000002   PAD
    0x08000220   0x08000220   0x0000001c   Code   RO         6368    !!handler_zi        c_w.l(__scatter_zi.o)
    0x0800023c   0x0800023c   0x00000000   Code   RO         5879    .ARM.Collect$$_printf_percent$$00000000  c_w.l(_printf_percent.o)
    0x0800023c   0x0800023c   0x00000006   Code   RO         5878    .ARM.Collect$$_printf_percent$$00000003  c_w.l(_printf_f.o)
    0x08000242   0x08000242   0x00000006   Code   RO         5876    .ARM.Collect$$_printf_percent$$00000009  c_w.l(_printf_d.o)
    0x08000248   0x08000248   0x00000006   Code   RO         5877    .ARM.Collect$$_printf_percent$$0000000A  c_w.l(_printf_u.o)
    0x0800024e   0x0800024e   0x00000006   Code   RO         5875    .ARM.Collect$$_printf_percent$$00000013  c_w.l(_printf_c.o)
    0x08000254   0x08000254   0x00000004   Code   RO         6060    .ARM.Collect$$_printf_percent$$00000017  c_w.l(_printf_percent_end.o)
    0x08000258   0x08000258   0x00000002   Code   RO         6234    .ARM.Collect$$libinit$$00000000  c_w.l(libinit.o)
    0x0800025a   0x0800025a   0x00000004   Code   RO         6235    .ARM.Collect$$libinit$$00000001  c_w.l(libinit2.o)
    0x0800025e   0x0800025e   0x00000000   Code   RO         6238    .ARM.Collect$$libinit$$00000004  c_w.l(libinit2.o)
    0x0800025e   0x0800025e   0x00000000   Code   RO         6241    .ARM.Collect$$libinit$$0000000A  c_w.l(libinit2.o)
    0x0800025e   0x0800025e   0x00000000   Code   RO         6243    .ARM.Collect$$libinit$$0000000C  c_w.l(libinit2.o)
    0x0800025e   0x0800025e   0x00000000   Code   RO         6245    .ARM.Collect$$libinit$$0000000E  c_w.l(libinit2.o)
    0x0800025e   0x0800025e   0x00000006   Code   RO         6246    .ARM.Collect$$libinit$$0000000F  c_w.l(libinit2.o)
    0x08000264   0x08000264   0x00000000   Code   RO         6248    .ARM.Collect$$libinit$$00000011  c_w.l(libinit2.o)
    0x08000264   0x08000264   0x00000000   Code   RO         6250    .ARM.Collect$$libinit$$00000013  c_w.l(libinit2.o)
    0x08000264   0x08000264   0x00000000   Code   RO         6252    .ARM.Collect$$libinit$$00000015  c_w.l(libinit2.o)
    0x08000264   0x08000264   0x0000000a   Code   RO         6253    .ARM.Collect$$libinit$$00000016  c_w.l(libinit2.o)
    0x0800026e   0x0800026e   0x00000000   Code   RO         6254    .ARM.Collect$$libinit$$00000017  c_w.l(libinit2.o)
    0x0800026e   0x0800026e   0x00000000   Code   RO         6256    .ARM.Collect$$libinit$$00000019  c_w.l(libinit2.o)
    0x0800026e   0x0800026e   0x00000000   Code   RO         6258    .ARM.Collect$$libinit$$0000001B  c_w.l(libinit2.o)
    0x0800026e   0x0800026e   0x00000000   Code   RO         6260    .ARM.Collect$$libinit$$0000001D  c_w.l(libinit2.o)
    0x0800026e   0x0800026e   0x00000000   Code   RO         6262    .ARM.Collect$$libinit$$0000001F  c_w.l(libinit2.o)
    0x0800026e   0x0800026e   0x00000000   Code   RO         6264    .ARM.Collect$$libinit$$00000021  c_w.l(libinit2.o)
    0x0800026e   0x0800026e   0x00000000   Code   RO         6266    .ARM.Collect$$libinit$$00000023  c_w.l(libinit2.o)
    0x0800026e   0x0800026e   0x00000000   Code   RO         6268    .ARM.Collect$$libinit$$00000025  c_w.l(libinit2.o)
    0x0800026e   0x0800026e   0x00000000   Code   RO         6272    .ARM.Collect$$libinit$$0000002C  c_w.l(libinit2.o)
    0x0800026e   0x0800026e   0x00000000   Code   RO         6274    .ARM.Collect$$libinit$$0000002E  c_w.l(libinit2.o)
    0x0800026e   0x0800026e   0x00000000   Code   RO         6276    .ARM.Collect$$libinit$$00000030  c_w.l(libinit2.o)
    0x0800026e   0x0800026e   0x00000000   Code   RO         6278    .ARM.Collect$$libinit$$00000032  c_w.l(libinit2.o)
    0x0800026e   0x0800026e   0x00000002   Code   RO         6279    .ARM.Collect$$libinit$$00000033  c_w.l(libinit2.o)
    0x08000270   0x08000270   0x00000002   Code   RO         6314    .ARM.Collect$$libshutdown$$00000000  c_w.l(libshutdown.o)
    0x08000272   0x08000272   0x00000000   Code   RO         6323    .ARM.Collect$$libshutdown$$00000002  c_w.l(libshutdown2.o)
    0x08000272   0x08000272   0x00000000   Code   RO         6325    .ARM.Collect$$libshutdown$$00000004  c_w.l(libshutdown2.o)
    0x08000272   0x08000272   0x00000000   Code   RO         6328    .ARM.Collect$$libshutdown$$00000007  c_w.l(libshutdown2.o)
    0x08000272   0x08000272   0x00000000   Code   RO         6331    .ARM.Collect$$libshutdown$$0000000A  c_w.l(libshutdown2.o)
    0x08000272   0x08000272   0x00000000   Code   RO         6333    .ARM.Collect$$libshutdown$$0000000C  c_w.l(libshutdown2.o)
    0x08000272   0x08000272   0x00000000   Code   RO         6336    .ARM.Collect$$libshutdown$$0000000F  c_w.l(libshutdown2.o)
    0x08000272   0x08000272   0x00000002   Code   RO         6337    .ARM.Collect$$libshutdown$$00000010  c_w.l(libshutdown2.o)
    0x08000274   0x08000274   0x00000000   Code   RO         5996    .ARM.Collect$$rtentry$$00000000  c_w.l(__rtentry.o)
    0x08000274   0x08000274   0x00000000   Code   RO         6141    .ARM.Collect$$rtentry$$00000002  c_w.l(__rtentry2.o)
    0x08000274   0x08000274   0x00000006   Code   RO         6153    .ARM.Collect$$rtentry$$00000004  c_w.l(__rtentry4.o)
    0x0800027a   0x0800027a   0x00000000   Code   RO         6143    .ARM.Collect$$rtentry$$00000009  c_w.l(__rtentry2.o)
    0x0800027a   0x0800027a   0x00000004   Code   RO         6144    .ARM.Collect$$rtentry$$0000000A  c_w.l(__rtentry2.o)
    0x0800027e   0x0800027e   0x00000000   Code   RO         6146    .ARM.Collect$$rtentry$$0000000C  c_w.l(__rtentry2.o)
    0x0800027e   0x0800027e   0x00000008   Code   RO         6147    .ARM.Collect$$rtentry$$0000000D  c_w.l(__rtentry2.o)
    0x08000286   0x08000286   0x00000002   Code   RO         6282    .ARM.Collect$$rtexit$$00000000  c_w.l(rtexit.o)
    0x08000288   0x08000288   0x00000000   Code   RO         6294    .ARM.Collect$$rtexit$$00000002  c_w.l(rtexit2.o)
    0x08000288   0x08000288   0x00000004   Code   RO         6295    .ARM.Collect$$rtexit$$00000003  c_w.l(rtexit2.o)
    0x0800028c   0x0800028c   0x00000006   Code   RO         6296    .ARM.Collect$$rtexit$$00000004  c_w.l(rtexit2.o)
    0x08000292   0x08000292   0x00000002   PAD
    0x08000294   0x08000294   0x00000040   Code   RO         4841    .text               startup_stm32f40_41xxx.o
    0x080002d4   0x080002d4   0x00000002   Code   RO         5841    .text               c_w.l(use_no_semi_2.o)
    0x080002d6   0x080002d6   0x00000002   PAD
    0x080002d8   0x080002d8   0x00000018   Code   RO         5845    .text               c_w.l(__2printf.o)
    0x080002f0   0x080002f0   0x00000052   Code   RO         5851    .text               c_w.l(_printf_str.o)
    0x08000342   0x08000342   0x00000002   PAD
    0x08000344   0x08000344   0x00000078   Code   RO         5853    .text               c_w.l(_printf_dec.o)
    0x080003bc   0x080003bc   0x00000188   Code   RO         5872    .text               c_w.l(__printf_flags_ss_wp.o)
    0x08000544   0x08000544   0x0000004e   Code   RO         5882    .text               c_w.l(rt_memclr_w.o)
    0x08000592   0x08000592   0x00000006   Code   RO         5884    .text               c_w.l(heapauxi.o)
    0x08000598   0x08000598   0x00000002   Code   RO         5994    .text               c_w.l(use_no_semi.o)
    0x0800059a   0x0800059a   0x00000016   Code   RO         5997    .text               c_w.l(_rserrno.o)
    0x080005b0   0x080005b0   0x000000b2   Code   RO         6003    .text               c_w.l(_printf_intcommon.o)
    0x08000662   0x08000662   0x0000041e   Code   RO         6007    .text               c_w.l(_printf_fp_dec.o)
    0x08000a80   0x08000a80   0x00000030   Code   RO         6009    .text               c_w.l(_printf_char_common.o)
    0x08000ab0   0x08000ab0   0x0000002c   Code   RO         6015    .text               c_w.l(_printf_char.o)
    0x08000adc   0x08000adc   0x00000024   Code   RO         6017    .text               c_w.l(_printf_char_file.o)
    0x08000b00   0x08000b00   0x00000008   Code   RO         6158    .text               c_w.l(rt_locale_intlibspace.o)
    0x08000b08   0x08000b08   0x00000008   Code   RO         6163    .text               c_w.l(rt_errno_addr_intlibspace.o)
    0x08000b10   0x08000b10   0x0000008a   Code   RO         6165    .text               c_w.l(lludiv10.o)
    0x08000b9a   0x08000b9a   0x00000002   PAD
    0x08000b9c   0x08000b9c   0x00000080   Code   RO         6170    .text               c_w.l(_printf_fp_infnan.o)
    0x08000c1c   0x08000c1c   0x000000e4   Code   RO         6176    .text               c_w.l(bigflt0.o)
    0x08000d00   0x08000d00   0x00000008   Code   RO         6201    .text               c_w.l(ferror.o)
    0x08000d08   0x08000d08   0x00000008   Code   RO         6218    .text               c_w.l(libspace.o)
    0x08000d10   0x08000d10   0x0000004a   Code   RO         6221    .text               c_w.l(sys_stackheap_outer.o)
    0x08000d5a   0x08000d5a   0x00000012   Code   RO         6225    .text               c_w.l(exit.o)
    0x08000d6c   0x08000d6c   0x00000080   Code   RO         6227    .text               c_w.l(strcmpv7m.o)
    0x08000dec   0x08000dec   0x0000003e   Code   RO         6179    CL$$btod_d2e        c_w.l(btod.o)
    0x08000e2a   0x08000e2a   0x00000046   Code   RO         6181    CL$$btod_d2e_denorm_low  c_w.l(btod.o)
    0x08000e70   0x08000e70   0x00000060   Code   RO         6180    CL$$btod_d2e_norm_op1  c_w.l(btod.o)
    0x08000ed0   0x08000ed0   0x00000338   Code   RO         6189    CL$$btod_div_common  c_w.l(btod.o)
    0x08001208   0x08001208   0x000000dc   Code   RO         6186    CL$$btod_e2e        c_w.l(btod.o)
    0x080012e4   0x080012e4   0x0000002a   Code   RO         6183    CL$$btod_ediv       c_w.l(btod.o)
    0x0800130e   0x0800130e   0x0000002a   Code   RO         6182    CL$$btod_emul       c_w.l(btod.o)
    0x08001338   0x08001338   0x00000244   Code   RO         6188    CL$$btod_mult_common  c_w.l(btod.o)
    0x0800157c   0x0800157c   0x00000080   Code   RO         5407    i.ATGM336H_Configuration  atgm336h.o
    0x080015fc   0x080015fc   0x00000594   Code   RO         5722    i.AccelerationSolution  computation.o
    0x08001b90   0x08001b90   0x000000e4   Code   RO         5723    i.Acceleration_Get  computation.o
    0x08001c74   0x08001c74   0x000000d0   Code   RO         5724    i.AngularVelocity_Get  computation.o
    0x08001d44   0x08001d44   0x0000017c   Code   RO         5725    i.AttitudeAngle_Init  computation.o
    0x08001ec0   0x08001ec0   0x0000058a   Code   RO         5726    i.AttitudeSolution  computation.o
    0x0800244a   0x0800244a   0x00000002   PAD
    0x0800244c   0x0800244c   0x0000028c   Code   RO         5071    i.BMI055_Configuration  bmi055.o
    0x080026d8   0x080026d8   0x00000028   Code   RO         5072    i.BMI055_DataTransform  bmi055.o
    0x08002700   0x08002700   0x00000064   Code   RO         5073    i.BMI055_ReadBuffer  bmi055.o
    0x08002764   0x08002764   0x00000054   Code   RO         5075    i.BMI055_SendData   bmi055.o
    0x080027b8   0x080027b8   0x00000318   Code   RO         5292    i.BMP388_Calibration  bmp388.o
    0x08002ad0   0x08002ad0   0x00000098   Code   RO         5293    i.BMP388_Configuration  bmp388.o
    0x08002b68   0x08002b68   0x0000004c   Code   RO         5296    i.BMP388_ReadBuffer  bmp388.o
    0x08002bb4   0x08002bb4   0x00000044   Code   RO         5297    i.BMP388_ReadData   bmp388.o
    0x08002bf8   0x08002bf8   0x00000054   Code   RO         5298    i.BMP388_SendData   bmp388.o
    0x08002c4c   0x08002c4c   0x00000040   Code   RO         5269    i.BUZZER_Configuration  buzzer.o
    0x08002c8c   0x08002c8c   0x00000004   Code   RO         5510    i.BusFault_Handler  stm32f4xx_it.o
    0x08002c90   0x08002c90   0x00000038   Code   RO         5618    i.Commanad_ChipErase  command.o
    0x08002cc8   0x08002cc8   0x00000064   Code   RO         5619    i.Command_AccelerationDisplay  command.o
    0x08002d2c   0x08002d2c   0x00000128   Code   RO         5620    i.Command_AttitudeSolution  command.o
    0x08002e54   0x08002e54   0x00000098   Code   RO         5621    i.Command_BMI055_DataDisplay  command.o
    0x08002eec   0x08002eec   0x00000540   Code   RO         5622    i.Command_BMI055_DataStorage  command.o
    0x0800342c   0x0800342c   0x000002c8   Code   RO         5623    i.Command_BMI055_OFFSET  command.o
    0x080036f4   0x080036f4   0x00000114   Code   RO         5624    i.Command_Bmi055StartWork  command.o
    0x08003808   0x08003808   0x000000c4   Code   RO         5625    i.Command_Bmi055StopWork  command.o
    0x080038cc   0x080038cc   0x00000344   Code   RO         5626    i.Command_DataOutput  command.o
    0x08003c10   0x08003c10   0x0000021c   Code   RO         5627    i.Command_Execute   command.o
    0x08003e2c   0x08003e2c   0x00000074   Code   RO         5628    i.Command_PositionDisplay  command.o
    0x08003ea0   0x08003ea0   0x00000684   Code   RO         5629    i.Command_Q_Init    command.o
    0x08004524   0x08004524   0x00000028   Code   RO         5630    i.Command_StatusCheck  command.o
    0x0800454c   0x0800454c   0x00000074   Code   RO         5631    i.Command_VelocityDisplay  command.o
    0x080045c0   0x080045c0   0x00000002   Code   RO         5511    i.DebugMon_Handler  stm32f4xx_it.o
    0x080045c2   0x080045c2   0x00000010   Code   RO         5076    i.EXTI1_IRQHandler  bmi055.o
    0x080045d2   0x080045d2   0x00000010   Code   RO         5077    i.EXTI3_IRQHandler  bmi055.o
    0x080045e2   0x080045e2   0x00000002   PAD
    0x080045e4   0x080045e4   0x0000000c   Code   RO         1357    i.EXTI_ClearITPendingBit  stm32f4xx_exti.o
    0x080045f0   0x080045f0   0x00000018   Code   RO         1361    i.EXTI_GetITStatus  stm32f4xx_exti.o
    0x08004608   0x08004608   0x00000094   Code   RO         1362    i.EXTI_Init         stm32f4xx_exti.o
    0x0800469c   0x0800469c   0x00000024   Code   RO         1450    i.FLASH_PrefetchBufferCmd  stm32f4xx_flash.o
    0x080046c0   0x080046c0   0x0000000c   Code   RO         1455    i.FLASH_SetLatency  stm32f4xx_flash.o
    0x080046cc   0x080046cc   0x00000090   Code   RO         1833    i.GPIO_Init         stm32f4xx_gpio.o
    0x0800475c   0x0800475c   0x00000046   Code   RO         1834    i.GPIO_PinAFConfig  stm32f4xx_gpio.o
    0x080047a2   0x080047a2   0x00000004   Code   RO         5512    i.HardFault_Handler  stm32f4xx_it.o
    0x080047a6   0x080047a6   0x00000002   PAD
    0x080047a8   0x080047a8   0x00000094   Code   RO         4847    i.I2C1_Configuration  iic.o
    0x0800483c   0x0800483c   0x00000094   Code   RO         4848    i.I2C2_Configuration  iic.o
    0x080048d0   0x080048d0   0x00000018   Code   RO         2111    i.I2C_Cmd           stm32f4xx_i2c.o
    0x080048e8   0x080048e8   0x000000e8   Code   RO         2126    i.I2C_Init          stm32f4xx_i2c.o
    0x080049d0   0x080049d0   0x00000038   Code   RO         5149    i.LED_Init          led.o
    0x08004a08   0x08004a08   0x00000004   Code   RO         5513    i.MemManage_Handler  stm32f4xx_it.o
    0x08004a0c   0x08004a0c   0x00000002   Code   RO         5514    i.NMI_Handler       stm32f4xx_it.o
    0x08004a0e   0x08004a0e   0x0000000c   Code   RO         5457    i.NVIC_Configuration  sys.o
    0x08004a1a   0x08004a1a   0x00000002   PAD
    0x08004a1c   0x08004a1c   0x00000078   Code   RO            3    i.NVIC_Init         misc.o
    0x08004a94   0x08004a94   0x00000014   Code   RO            4    i.NVIC_PriorityGroupConfig  misc.o
    0x08004aa8   0x08004aa8   0x0000011e   Code   RO         5803    i.PID_Output        control.o
    0x08004bc6   0x08004bc6   0x00000002   Code   RO         5515    i.PendSV_Handler    stm32f4xx_it.o
    0x08004bc8   0x08004bc8   0x00000070   Code   RO         5804    i.PitchChannel_Output  control.o
    0x08004c38   0x08004c38   0x0000009c   Code   RO         5727    i.Pitch_Get         computation.o
    0x08004cd4   0x08004cd4   0x000000e8   Code   RO         5728    i.PositionSolution  computation.o
    0x08004dbc   0x08004dbc   0x00000020   Code   RO         2697    i.RCC_AHB1PeriphClockCmd  stm32f4xx_rcc.o
    0x08004ddc   0x08004ddc   0x00000020   Code   RO         2706    i.RCC_APB1PeriphClockCmd  stm32f4xx_rcc.o
    0x08004dfc   0x08004dfc   0x00000020   Code   RO         2709    i.RCC_APB2PeriphClockCmd  stm32f4xx_rcc.o
    0x08004e1c   0x08004e1c   0x0000006c   Code   RO         5458    i.RCC_Configuration  sys.o
    0x08004e88   0x08004e88   0x00000064   Code   RO         2717    i.RCC_DeInit        stm32f4xx_rcc.o
    0x08004eec   0x08004eec   0x000000e8   Code   RO         2718    i.RCC_GetClocksFreq  stm32f4xx_rcc.o
    0x08004fd4   0x08004fd4   0x00000040   Code   RO         2719    i.RCC_GetFlagStatus  stm32f4xx_rcc.o
    0x08005014   0x08005014   0x00000010   Code   RO         2721    i.RCC_GetSYSCLKSource  stm32f4xx_rcc.o
    0x08005024   0x08005024   0x00000018   Code   RO         2722    i.RCC_HCLKConfig    stm32f4xx_rcc.o
    0x0800503c   0x0800503c   0x00000010   Code   RO         2723    i.RCC_HSEConfig     stm32f4xx_rcc.o
    0x0800504c   0x0800504c   0x00000018   Code   RO         2733    i.RCC_PCLK1Config   stm32f4xx_rcc.o
    0x08005064   0x08005064   0x00000018   Code   RO         2734    i.RCC_PCLK2Config   stm32f4xx_rcc.o
    0x0800507c   0x0800507c   0x0000000c   Code   RO         2735    i.RCC_PLLCmd        stm32f4xx_rcc.o
    0x08005088   0x08005088   0x00000024   Code   RO         2736    i.RCC_PLLConfig     stm32f4xx_rcc.o
    0x080050ac   0x080050ac   0x00000018   Code   RO         2747    i.RCC_SYSCLKConfig  stm32f4xx_rcc.o
    0x080050c4   0x080050c4   0x00000038   Code   RO         2749    i.RCC_WaitForHSEStartUp  stm32f4xx_rcc.o
    0x080050fc   0x080050fc   0x00000070   Code   RO         5805    i.RollChannel_Output  control.o
    0x0800516c   0x0800516c   0x00000144   Code   RO         5729    i.Roll_Get          computation.o
    0x080052b0   0x080052b0   0x00000184   Code   RO         5249    i.SERVE_Configution  serve.o
    0x08005434   0x08005434   0x000000a8   Code   RO         5039    i.SPI1_Configuration  spi.o
    0x080054dc   0x080054dc   0x00000018   Code   RO         3814    i.SPI_Cmd           stm32f4xx_spi.o
    0x080054f4   0x080054f4   0x00000012   Code   RO         3822    i.SPI_I2S_GetFlagStatus  stm32f4xx_spi.o
    0x08005506   0x08005506   0x00000006   Code   RO         3825    i.SPI_I2S_ReceiveData  stm32f4xx_spi.o
    0x0800550c   0x0800550c   0x00000004   Code   RO         3826    i.SPI_I2S_SendData  stm32f4xx_spi.o
    0x08005510   0x08005510   0x0000003c   Code   RO         3827    i.SPI_Init          stm32f4xx_spi.o
    0x0800554c   0x0800554c   0x00000034   Code   RO         5041    i.SPI_ReadWriteByte  spi.o
    0x08005580   0x08005580   0x00000002   Code   RO         5516    i.SVC_Handler       stm32f4xx_it.o
    0x08005582   0x08005582   0x00000002   PAD
    0x08005584   0x08005584   0x00000040   Code   RO         3975    i.SYSCFG_EXTILineConfig  stm32f4xx_syscfg.o
    0x080055c4   0x080055c4   0x000000ec   Code   RO         5581    i.SetSysClock       system_stm32f4xx.o
    0x080056b0   0x080056b0   0x00000002   Code   RO         5517    i.SysTick_Handler   stm32f4xx_it.o
    0x080056b2   0x080056b2   0x00000002   PAD
    0x080056b4   0x080056b4   0x00000068   Code   RO         5583    i.SystemInit        system_stm32f4xx.o
    0x0800571c   0x0800571c   0x00000070   Code   RO         5078    i.TIM4_IRQHandler   bmi055.o
    0x0800578c   0x0800578c   0x00000018   Code   RO         4032    i.TIM_ARRPreloadConfig  stm32f4xx_tim.o
    0x080057a4   0x080057a4   0x00000006   Code   RO         4039    i.TIM_ClearITPendingBit  stm32f4xx_tim.o
    0x080057aa   0x080057aa   0x00000018   Code   RO         4044    i.TIM_Cmd           stm32f4xx_tim.o
    0x080057c2   0x080057c2   0x00000022   Code   RO         4065    i.TIM_GetITStatus   stm32f4xx_tim.o
    0x080057e4   0x080057e4   0x00000012   Code   RO         4069    i.TIM_ITConfig      stm32f4xx_tim.o
    0x080057f6   0x080057f6   0x00000002   PAD
    0x080057f8   0x080057f8   0x0000007c   Code   RO         4073    i.TIM_OC1Init       stm32f4xx_tim.o
    0x08005874   0x08005874   0x00000012   Code   RO         4076    i.TIM_OC1PreloadConfig  stm32f4xx_tim.o
    0x08005886   0x08005886   0x00000002   PAD
    0x08005888   0x08005888   0x000000a4   Code   RO         4078    i.TIM_OC2Init       stm32f4xx_tim.o
    0x0800592c   0x0800592c   0x0000001a   Code   RO         4081    i.TIM_OC2PreloadConfig  stm32f4xx_tim.o
    0x08005946   0x08005946   0x00000002   PAD
    0x08005948   0x08005948   0x000000a0   Code   RO         4083    i.TIM_OC3Init       stm32f4xx_tim.o
    0x080059e8   0x080059e8   0x00000012   Code   RO         4086    i.TIM_OC3PreloadConfig  stm32f4xx_tim.o
    0x080059fa   0x080059fa   0x00000002   PAD
    0x080059fc   0x080059fc   0x00000078   Code   RO         4088    i.TIM_OC4Init       stm32f4xx_tim.o
    0x08005a74   0x08005a74   0x0000001a   Code   RO         4090    i.TIM_OC4PreloadConfig  stm32f4xx_tim.o
    0x08005a8e   0x08005a8e   0x00000004   Code   RO         4106    i.TIM_SetCompare1   stm32f4xx_tim.o
    0x08005a92   0x08005a92   0x00000004   Code   RO         4107    i.TIM_SetCompare2   stm32f4xx_tim.o
    0x08005a96   0x08005a96   0x00000004   Code   RO         4108    i.TIM_SetCompare3   stm32f4xx_tim.o
    0x08005a9a   0x08005a9a   0x00000004   Code   RO         4109    i.TIM_SetCompare4   stm32f4xx_tim.o
    0x08005a9e   0x08005a9e   0x00000004   Code   RO         4110    i.TIM_SetCounter    stm32f4xx_tim.o
    0x08005aa2   0x08005aa2   0x00000002   PAD
    0x08005aa4   0x08005aa4   0x00000084   Code   RO         4116    i.TIM_TimeBaseInit  stm32f4xx_tim.o
    0x08005b28   0x08005b28   0x000000b0   Code   RO         4903    i.USART1_Configuration  usart.o
    0x08005bd8   0x08005bd8   0x00000104   Code   RO         4904    i.USART1_IRQHandler  usart.o
    0x08005cdc   0x08005cdc   0x000000ac   Code   RO         4906    i.USART2_Configuration  usart.o
    0x08005d88   0x08005d88   0x0000004c   Code   RO         4907    i.USART2_IRQHandler  usart.o
    0x08005dd4   0x08005dd4   0x00000094   Code   RO         4910    i.USART3_IRQHandler  usart.o
    0x08005e68   0x08005e68   0x0000001e   Code   RO         4591    i.USART_ClearITPendingBit  stm32f4xx_usart.o
    0x08005e86   0x08005e86   0x00000018   Code   RO         4594    i.USART_Cmd         stm32f4xx_usart.o
    0x08005e9e   0x08005e9e   0x00000054   Code   RO         4598    i.USART_GetITStatus  stm32f4xx_usart.o
    0x08005ef2   0x08005ef2   0x0000004a   Code   RO         4600    i.USART_ITConfig    stm32f4xx_usart.o
    0x08005f3c   0x08005f3c   0x000000d4   Code   RO         4601    i.USART_Init        stm32f4xx_usart.o
    0x08006010   0x08006010   0x0000000a   Code   RO         4608    i.USART_ReceiveData  stm32f4xx_usart.o
    0x0800601a   0x0800601a   0x00000008   Code   RO         4611    i.USART_SendData    stm32f4xx_usart.o
    0x08006022   0x08006022   0x00000004   Code   RO         5518    i.UsageFault_Handler  stm32f4xx_it.o
    0x08006026   0x08006026   0x00000002   PAD
    0x08006028   0x08006028   0x000000e8   Code   RO         5730    i.VelociteySolution  computation.o
    0x08006110   0x08006110   0x00000058   Code   RO         5169    i.W25N_BlockErase   w25n.o
    0x08006168   0x08006168   0x00000060   Code   RO         5172    i.W25N_Configuration  w25n.o
    0x080061c8   0x080061c8   0x000000ac   Code   RO         5173    i.W25N_DataReceive  w25n.o
    0x08006274   0x08006274   0x000000a0   Code   RO         5174    i.W25N_DataWrirte   w25n.o
    0x08006314   0x08006314   0x00000040   Code   RO         5176    i.W25N_SendData     w25n.o
    0x08006354   0x08006354   0x00000040   Code   RO         5177    i.W25N_WaitBusy     w25n.o
    0x08006394   0x08006394   0x0000002c   Code   RO         5178    i.W25N_WriteEnable  w25n.o
    0x080063c0   0x080063c0   0x00000144   Code   RO         5731    i.Yaw_Get           computation.o
    0x08006504   0x08006504   0x00000030   Code   RO         6124    i.__ARM_fpclassify  m_wm.l(fpclassify.o)
    0x08006534   0x08006534   0x00000004   PAD
    0x08006538   0x08006538   0x00000360   Code   RO         5918    i.__hardfp_asin     m_wm.l(asin.o)
    0x08006898   0x08006898   0x000002d8   Code   RO         6087    i.__hardfp_atan     m_wm.l(atan.o)
    0x08006b70   0x08006b70   0x000001f0   Code   RO         5932    i.__hardfp_atan2    m_wm.l(atan2.o)
    0x08006d60   0x08006d60   0x000000c8   Code   RO         5944    i.__hardfp_cos      m_wm.l(cos.o)
    0x08006e28   0x08006e28   0x00000c50   Code   RO         5956    i.__hardfp_pow      m_wm.l(pow.o)
    0x08007a78   0x08007a78   0x000000c8   Code   RO         5970    i.__hardfp_sin      m_wm.l(sin.o)
    0x08007b40   0x08007b40   0x0000007a   Code   RO         5982    i.__hardfp_sqrt     m_wm.l(sqrt.o)
    0x08007bba   0x08007bba   0x00000006   PAD
    0x08007bc0   0x08007bc0   0x00000438   Code   RO         6129    i.__ieee754_rem_pio2  m_wm.l(rred.o)
    0x08007ff8   0x08007ff8   0x00000170   Code   RO         6101    i.__kernel_cos      m_wm.l(cos_i.o)
    0x08008168   0x08008168   0x000000f8   Code   RO         6126    i.__kernel_poly     m_wm.l(poly.o)
    0x08008260   0x08008260   0x00000130   Code   RO         6134    i.__kernel_sin      m_wm.l(sin_i.o)
    0x08008390   0x08008390   0x00000030   Code   RO         6104    i.__mathlib_dbl_divzero  m_wm.l(dunder.o)
    0x080083c0   0x080083c0   0x00000014   Code   RO         6105    i.__mathlib_dbl_infnan  m_wm.l(dunder.o)
    0x080083d4   0x080083d4   0x00000014   Code   RO         6106    i.__mathlib_dbl_infnan2  m_wm.l(dunder.o)
    0x080083e8   0x080083e8   0x00000020   Code   RO         6107    i.__mathlib_dbl_invalid  m_wm.l(dunder.o)
    0x08008408   0x08008408   0x00000020   Code   RO         6108    i.__mathlib_dbl_overflow  m_wm.l(dunder.o)
    0x08008428   0x08008428   0x00000020   Code   RO         6110    i.__mathlib_dbl_underflow  m_wm.l(dunder.o)
    0x08008448   0x08008448   0x0000000e   Code   RO         5865    i._is_digit         c_w.l(__printf_wp.o)
    0x08008456   0x08008456   0x00000006   Code   RO         4912    i._sys_exit         usart.o
    0x0800845c   0x0800845c   0x00000010   Code   RO         6089    i.atan              m_wm.l(atan.o)
    0x0800846c   0x0800846c   0x00000018   Code   RO         5430    i.delay_ms          delay.o
    0x08008484   0x08008484   0x00000042   Code   RO         5431    i.delay_us          delay.o
    0x080084c6   0x080084c6   0x00000018   Code   RO         6120    i.fabs              m_wm.l(fabs.o)
    0x080084de   0x080084de   0x00000002   PAD
    0x080084e0   0x080084e0   0x0000001c   Code   RO         4913    i.fputc             usart.o
    0x080084fc   0x080084fc   0x00000084   Code   RO         5486    i.main              main.o
    0x08008580   0x08008580   0x0000006e   Code   RO         5984    i.sqrt              m_wm.l(sqrt.o)
    0x080085ee   0x080085ee   0x00000002   PAD
    0x080085f0   0x080085f0   0x0000002c   Code   RO         6208    locale$$code        c_w.l(lc_numeric_c.o)
    0x0800861c   0x0800861c   0x00000018   Code   RO         5888    x$fpl$basic         fz_wm.l(basic.o)
    0x08008634   0x08008634   0x00000150   Code   RO         5890    x$fpl$dadd          fz_wm.l(daddsub_clz.o)
    0x08008784   0x08008784   0x00000010   Code   RO         6210    x$fpl$dcheck1       fz_wm.l(dcheck1.o)
    0x08008794   0x08008794   0x00000018   Code   RO         6070    x$fpl$dcmpinf       fz_wm.l(dcmpi.o)
    0x080087ac   0x080087ac   0x000002b0   Code   RO         5897    x$fpl$ddiv          fz_wm.l(ddiv.o)
    0x08008a5c   0x08008a5c   0x0000005e   Code   RO         6212    x$fpl$dfix          fz_wm.l(dfix.o)
    0x08008aba   0x08008aba   0x00000002   PAD
    0x08008abc   0x08008abc   0x0000005a   Code   RO         5900    x$fpl$dfixu         fz_wm.l(dfixu.o)
    0x08008b16   0x08008b16   0x0000002e   Code   RO         5905    x$fpl$dflt          fz_wm.l(dflt_clz.o)
    0x08008b44   0x08008b44   0x00000026   Code   RO         5904    x$fpl$dfltu         fz_wm.l(dflt_clz.o)
    0x08008b6a   0x08008b6a   0x00000002   PAD
    0x08008b6c   0x08008b6c   0x00000078   Code   RO         5910    x$fpl$dleqf         fz_wm.l(dleqf.o)
    0x08008be4   0x08008be4   0x00000154   Code   RO         5912    x$fpl$dmul          fz_wm.l(dmul.o)
    0x08008d38   0x08008d38   0x0000009c   Code   RO         6072    x$fpl$dnaninf       fz_wm.l(dnaninf.o)
    0x08008dd4   0x08008dd4   0x0000000c   Code   RO         6074    x$fpl$dretinf       fz_wm.l(dretinf.o)
    0x08008de0   0x08008de0   0x0000006c   Code   RO         5914    x$fpl$drleqf        fz_wm.l(drleqf.o)
    0x08008e4c   0x08008e4c   0x00000016   Code   RO         5891    x$fpl$drsb          fz_wm.l(daddsub_clz.o)
    0x08008e62   0x08008e62   0x00000002   PAD
    0x08008e64   0x08008e64   0x00000198   Code   RO         6076    x$fpl$dsqrt         fz_wm.l(dsqrt_umaal.o)
    0x08008ffc   0x08008ffc   0x000001d4   Code   RO         5892    x$fpl$dsub          fz_wm.l(daddsub_clz.o)
    0x080091d0   0x080091d0   0x0000000a   Code   RO         6289    x$fpl$fpinit        fz_wm.l(fpinit.o)
    0x080091da   0x080091da   0x00000004   Code   RO         5916    x$fpl$printf1       fz_wm.l(printf1.o)
    0x080091de   0x080091de   0x00000064   Code   RO         6280    x$fpl$retnan        fz_wm.l(retnan.o)
    0x08009242   0x08009242   0x0000005c   Code   RO         6084    x$fpl$scalbn        fz_wm.l(scalbn.o)
    0x0800929e   0x0800929e   0x00000030   Code   RO         6291    x$fpl$trapveneer    fz_wm.l(trapv.o)
    0x080092ce   0x080092ce   0x00000000   Code   RO         6086    x$fpl$usenofp       fz_wm.l(usenofp.o)
    0x080092ce   0x080092ce   0x00000002   Data   RO         5080    .constdata          bmi055.o
    0x080092d0   0x080092d0   0x00000011   Data   RO         5873    .constdata          c_w.l(__printf_flags_ss_wp.o)
    0x080092e1   0x080092e1   0x00000007   PAD
    0x080092e8   0x080092e8   0x00000050   Data   RO         5921    .constdata          m_wm.l(asin.o)
    0x08009338   0x08009338   0x00000088   Data   RO         5959    .constdata          m_wm.l(pow.o)
    0x080093c0   0x080093c0   0x00000098   Data   RO         6090    .constdata          m_wm.l(atan.o)
    0x08009458   0x08009458   0x00000030   Data   RO         6102    .constdata          m_wm.l(cos_i.o)
    0x08009488   0x08009488   0x00000008   Data   RO         6128    .constdata          m_wm.l(qnan.o)
    0x08009490   0x08009490   0x000000c8   Data   RO         6131    .constdata          m_wm.l(rred.o)
    0x08009558   0x08009558   0x00000028   Data   RO         6135    .constdata          m_wm.l(sin_i.o)
    0x08009580   0x08009580   0x00000094   Data   RO         6177    .constdata          c_w.l(bigflt0.o)
    0x08009614   0x08009614   0x00000020   Data   RO         6362    Region$$Table       anon$$obj.o
    0x08009634   0x08009634   0x0000001c   Data   RO         6207    locale$$data        c_w.l(lc_numeric_c.o)


    Execution Region RW_IRAM1 (Exec base: 0x20000000, Load base: 0x08009650, Size: 0x00001130, Max: 0x00020000, ABSOLUTE, COMPRESSED[0x00000014])

    Exec Addr    Load Addr    Size         Type   Attr      Idx    E Section Name        Object

    0x20000000   COMPRESSED   0x00000010   Data   RW         2750    .data               stm32f4xx_rcc.o
    0x20000010   COMPRESSED   0x0000000c   Data   RW         4915    .data               usart.o
    0x2000001c   COMPRESSED   0x00000004   PAD
    0x20000020   COMPRESSED   0x00000032   Data   RW         5081    .data               bmi055.o
    0x20000052   COMPRESSED   0x00000006   Data   RW         5179    .data               w25n.o
    0x20000058   COMPRESSED   0x00000001   Data   RW         5632    .data               command.o
    0x20000059   COMPRESSED   0x00000007   PAD
    0x20000060   COMPRESSED   0x00000060   Data   RW         5733    .data               computation.o
    0x200000c0   COMPRESSED   0x00000071   Data   RW         5806    .data               control.o
    0x20000131   COMPRESSED   0x00000003   PAD
    0x20000134        -       0x0000003c   Zero   RW         4914    .bss                usart.o
    0x20000170        -       0x00000830   Zero   RW         5079    .bss                bmi055.o
    0x200009a0        -       0x00000090   Zero   RW         5302    .bss                bmp388.o
    0x20000a30        -       0x000000a0   Zero   RW         5732    .bss                computation.o
    0x20000ad0        -       0x00000060   Zero   RW         6219    .bss                c_w.l(libspace.o)
    0x20000b30        -       0x00000200   Zero   RW         4839    HEAP                startup_stm32f40_41xxx.o
    0x20000d30        -       0x00000400   Zero   RW         4838    STACK               startup_stm32f40_41xxx.o


==============================================================================

Image component sizes


      Code (inc. data)   RO Data    RW Data    ZI Data      Debug   Object Name

       128         18          0          0          0        601   atgm336h.o
      1020         96          2         50       2096       7313   bmi055.o
      1172        142          0          0        144       5307   bmp388.o
        64         10          0          0          0        559   buzzer.o
      6448       1220          0          1          0       9808   command.o
      4930        288          0         96        160       7754   computation.o
       510         20          0        113          0       3214   control.o
        90          0          0          0          0       1038   delay.o
       296         26          0          0          0       1282   iic.o
        56         10          0          0          0        515   led.o
       132         30          0          0          0        519   main.o
       140         24          0          0          0     301651   misc.o
       388         16          0          0          0        900   serve.o
       220          8          0          0          0       1665   spi.o
        64         26        392          0       1536        832   startup_stm32f40_41xxx.o
       184         16          0          0          0       2160   stm32f4xx_exti.o
        48         12          0          0          0       1057   stm32f4xx_flash.o
       214          0          0          0          0       1851   stm32f4xx_gpio.o
       256         14          0          0          0       1889   stm32f4xx_i2c.o
        26          0          0          0          0       4094   stm32f4xx_it.o
       724        102          0         16          0      10871   stm32f4xx_rcc.o
       112          0          0          0          0       3534   stm32f4xx_spi.o
        64          4          0          0          0        640   stm32f4xx_syscfg.o
       914         66          0          0          0      12234   stm32f4xx_tim.o
       442          8          0          0          0       5497   stm32f4xx_usart.o
       120          0          0          0          0       1073   sys.o
       340         32          0          0          0       1621   system_stm32f4xx.o
       866         74          0         12         60       7939   usart.o
       688         92          0          6          0       4710   w25n.o

    ----------------------------------------------------------------------
     20680       2354        426        308       3996     402128   Object Totals
         0          0         32          0          0          0   (incl. Generated)
        24          0          0         14          0          0   (incl. Padding)

    ----------------------------------------------------------------------

      Code (inc. data)   RO Data    RW Data    ZI Data      Debug   Library Member Name

        24          4          0          0          0         84   __2printf.o
        90          0          0          0          0          0   __dczerorl2.o
         8          0          0          0          0         68   __main.o
       392          4         17          0          0         92   __printf_flags_ss_wp.o
        14          0          0          0          0         68   __printf_wp.o
         0          0          0          0          0          0   __rtentry.o
        12          0          0          0          0          0   __rtentry2.o
         6          0          0          0          0          0   __rtentry4.o
        52          8          0          0          0          0   __scatter.o
        28          0          0          0          0          0   __scatter_zi.o
         6          0          0          0          0          0   _printf_c.o
        44          0          0          0          0        108   _printf_char.o
        48          6          0          0          0         96   _printf_char_common.o
        36          4          0          0          0         80   _printf_char_file.o
         6          0          0          0          0          0   _printf_d.o
       120         16          0          0          0         92   _printf_dec.o
         6          0          0          0          0          0   _printf_f.o
      1054          0          0          0          0        216   _printf_fp_dec.o
       128         16          0          0          0         84   _printf_fp_infnan.o
       178          0          0          0          0         88   _printf_intcommon.o
         0          0          0          0          0          0   _printf_percent.o
         4          0          0          0          0          0   _printf_percent_end.o
        82          0          0          0          0         80   _printf_str.o
         6          0          0          0          0          0   _printf_u.o
        22          0          0          0          0        100   _rserrno.o
       228          4        148          0          0         96   bigflt0.o
      1936        128          0          0          0        672   btod.o
        18          0          0          0          0         80   exit.o
         8          0          0          0          0         68   ferror.o
         6          0          0          0          0        152   heapauxi.o
        44         10         28          0          0         76   lc_numeric_c.o
         2          0          0          0          0          0   libinit.o
        22          0          0          0          0          0   libinit2.o
         2          0          0          0          0          0   libshutdown.o
         2          0          0          0          0          0   libshutdown2.o
         8          4          0          0         96         68   libspace.o
       138          0          0          0          0         80   lludiv10.o
         8          4          0          0          0         68   rt_errno_addr_intlibspace.o
         8          4          0          0          0         68   rt_locale_intlibspace.o
        78          0          0          0          0         80   rt_memclr_w.o
         2          0          0          0          0          0   rtexit.o
        10          0          0          0          0          0   rtexit2.o
       128          0          0          0          0         68   strcmpv7m.o
        74          0          0          0          0         80   sys_stackheap_outer.o
         2          0          0          0          0         68   use_no_semi.o
         2          0          0          0          0         68   use_no_semi_2.o
        24          0          0          0          0        164   basic.o
       826         16          0          0          0        492   daddsub_clz.o
        16          4          0          0          0        116   dcheck1.o
        24          0          0          0          0        116   dcmpi.o
       688        140          0          0          0        256   ddiv.o
        94          4          0          0          0        140   dfix.o
        90          4          0          0          0        140   dfixu.o
        84          0          0          0          0        232   dflt_clz.o
       120          4          0          0          0        140   dleqf.o
       340         12          0          0          0        152   dmul.o
       156          4          0          0          0        140   dnaninf.o
        12          0          0          0          0        116   dretinf.o
       108          0          0          0          0        128   drleqf.o
       408         56          0          0          0        168   dsqrt_umaal.o
        10          0          0          0          0        116   fpinit.o
         4          0          0          0          0        116   printf1.o
       100          0          0          0          0        116   retnan.o
        92          0          0          0          0        116   scalbn.o
        48          0          0          0          0        116   trapv.o
         0          0          0          0          0          0   usenofp.o
       864         94         80          0          0        280   asin.o
       744        106        152          0          0        352   atan.o
       496         64          0          0          0        192   atan2.o
       200         20          0          0          0        164   cos.o
       368         46         48          0          0        200   cos_i.o
       184         44          0          0          0        744   dunder.o
        24          0          0          0          0        124   fabs.o
        48          0          0          0          0        124   fpclassify.o
       248          0          0          0          0        152   poly.o
      3152        296        136          0          0        352   pow.o
         0          0          8          0          0          0   qnan.o
      1080        142        200          0          0        188   rred.o
       200         20          0          0          0        164   sin.o
       304         24         40          0          0        208   sin_i.o
       232          0          0          0          0        296   sqrt.o

    ----------------------------------------------------------------------
     16510       1312        864          0         96       9668   Library Totals
        30          0          7          0          0          0   (incl. Padding)

    ----------------------------------------------------------------------

      Code (inc. data)   RO Data    RW Data    ZI Data      Debug   Library Name

      5092        212        193          0         96       3048   c_w.l
      3244        244          0          0          0       3080   fz_wm.l
      8144        856        664          0          0       3540   m_wm.l

    ----------------------------------------------------------------------
     16510       1312        864          0         96       9668   Library Totals

    ----------------------------------------------------------------------

==============================================================================


      Code (inc. data)   RO Data    RW Data    ZI Data      Debug   

     37190       3666       1290        308       4092     393032   Grand Totals
     37190       3666       1290         20       4092     393032   ELF Image Totals (compressed)
     37190       3666       1290         20          0          0   ROM Totals

==============================================================================

    Total RO  Size (Code + RO Data)                38480 (  37.58kB)
    Total RW  Size (RW Data + ZI Data)              4400 (   4.30kB)
    Total ROM Size (Code + RO Data + RW Data)      38500 (  37.60kB)

==============================================================================

