Component: ARM Compiler 5.06 update 6 (build 750) Tool: armlink [4d35ed]

==============================================================================

Section Cross References

    stm32f4xx_adc.o(i.ADC_DeInit) refers to stm32f4xx_rcc.o(i.RCC_APB2PeriphResetCmd) for RCC_APB2PeriphResetCmd
    stm32f4xx_can.o(i.CAN_DeInit) refers to stm32f4xx_rcc.o(i.RCC_APB1PeriphResetCmd) for RCC_APB1PeriphResetCmd
    stm32f4xx_can.o(i.CAN_GetITStatus) refers to stm32f4xx_can.o(i.CheckITStatus) for CheckITStatus
    stm32f4xx_cryp.o(i.CRYP_DeInit) refers to stm32f4xx_rcc.o(i.RCC_AHB2PeriphResetCmd) for RCC_AHB2PeriphResetCmd
    stm32f4xx_cryp_aes.o(i.CRYP_AES_CBC) refers to stm32f4xx_cryp.o(i.CRYP_KeyStructInit) for CRYP_KeyStructInit
    stm32f4xx_cryp_aes.o(i.CRYP_AES_CBC) refers to stm32f4xx_cryp.o(i.CRYP_FIFOFlush) for CRYP_FIFOFlush
    stm32f4xx_cryp_aes.o(i.CRYP_AES_CBC) refers to stm32f4xx_cryp.o(i.CRYP_Init) for CRYP_Init
    stm32f4xx_cryp_aes.o(i.CRYP_AES_CBC) refers to stm32f4xx_cryp.o(i.CRYP_KeyInit) for CRYP_KeyInit
    stm32f4xx_cryp_aes.o(i.CRYP_AES_CBC) refers to stm32f4xx_cryp.o(i.CRYP_Cmd) for CRYP_Cmd
    stm32f4xx_cryp_aes.o(i.CRYP_AES_CBC) refers to stm32f4xx_cryp.o(i.CRYP_GetFlagStatus) for CRYP_GetFlagStatus
    stm32f4xx_cryp_aes.o(i.CRYP_AES_CBC) refers to stm32f4xx_cryp.o(i.CRYP_IVInit) for CRYP_IVInit
    stm32f4xx_cryp_aes.o(i.CRYP_AES_CBC) refers to stm32f4xx_cryp.o(i.CRYP_GetCmdStatus) for CRYP_GetCmdStatus
    stm32f4xx_cryp_aes.o(i.CRYP_AES_CBC) refers to stm32f4xx_cryp.o(i.CRYP_DataIn) for CRYP_DataIn
    stm32f4xx_cryp_aes.o(i.CRYP_AES_CBC) refers to stm32f4xx_cryp.o(i.CRYP_DataOut) for CRYP_DataOut
    stm32f4xx_cryp_aes.o(i.CRYP_AES_CCM) refers to stm32f4xx_cryp.o(i.CRYP_KeyStructInit) for CRYP_KeyStructInit
    stm32f4xx_cryp_aes.o(i.CRYP_AES_CCM) refers to stm32f4xx_cryp.o(i.CRYP_FIFOFlush) for CRYP_FIFOFlush
    stm32f4xx_cryp_aes.o(i.CRYP_AES_CCM) refers to stm32f4xx_cryp.o(i.CRYP_KeyInit) for CRYP_KeyInit
    stm32f4xx_cryp_aes.o(i.CRYP_AES_CCM) refers to stm32f4xx_cryp.o(i.CRYP_IVInit) for CRYP_IVInit
    stm32f4xx_cryp_aes.o(i.CRYP_AES_CCM) refers to stm32f4xx_cryp.o(i.CRYP_Init) for CRYP_Init
    stm32f4xx_cryp_aes.o(i.CRYP_AES_CCM) refers to stm32f4xx_cryp.o(i.CRYP_PhaseConfig) for CRYP_PhaseConfig
    stm32f4xx_cryp_aes.o(i.CRYP_AES_CCM) refers to stm32f4xx_cryp.o(i.CRYP_DataIn) for CRYP_DataIn
    stm32f4xx_cryp_aes.o(i.CRYP_AES_CCM) refers to stm32f4xx_cryp.o(i.CRYP_Cmd) for CRYP_Cmd
    stm32f4xx_cryp_aes.o(i.CRYP_AES_CCM) refers to stm32f4xx_cryp.o(i.CRYP_GetCmdStatus) for CRYP_GetCmdStatus
    stm32f4xx_cryp_aes.o(i.CRYP_AES_CCM) refers to stm32f4xx_cryp.o(i.CRYP_GetFlagStatus) for CRYP_GetFlagStatus
    stm32f4xx_cryp_aes.o(i.CRYP_AES_CCM) refers to stm32f4xx_cryp.o(i.CRYP_DataOut) for CRYP_DataOut
    stm32f4xx_cryp_aes.o(i.CRYP_AES_CTR) refers to stm32f4xx_cryp.o(i.CRYP_KeyStructInit) for CRYP_KeyStructInit
    stm32f4xx_cryp_aes.o(i.CRYP_AES_CTR) refers to stm32f4xx_cryp.o(i.CRYP_KeyInit) for CRYP_KeyInit
    stm32f4xx_cryp_aes.o(i.CRYP_AES_CTR) refers to stm32f4xx_cryp.o(i.CRYP_Init) for CRYP_Init
    stm32f4xx_cryp_aes.o(i.CRYP_AES_CTR) refers to stm32f4xx_cryp.o(i.CRYP_IVInit) for CRYP_IVInit
    stm32f4xx_cryp_aes.o(i.CRYP_AES_CTR) refers to stm32f4xx_cryp.o(i.CRYP_FIFOFlush) for CRYP_FIFOFlush
    stm32f4xx_cryp_aes.o(i.CRYP_AES_CTR) refers to stm32f4xx_cryp.o(i.CRYP_Cmd) for CRYP_Cmd
    stm32f4xx_cryp_aes.o(i.CRYP_AES_CTR) refers to stm32f4xx_cryp.o(i.CRYP_GetCmdStatus) for CRYP_GetCmdStatus
    stm32f4xx_cryp_aes.o(i.CRYP_AES_CTR) refers to stm32f4xx_cryp.o(i.CRYP_DataIn) for CRYP_DataIn
    stm32f4xx_cryp_aes.o(i.CRYP_AES_CTR) refers to stm32f4xx_cryp.o(i.CRYP_GetFlagStatus) for CRYP_GetFlagStatus
    stm32f4xx_cryp_aes.o(i.CRYP_AES_CTR) refers to stm32f4xx_cryp.o(i.CRYP_DataOut) for CRYP_DataOut
    stm32f4xx_cryp_aes.o(i.CRYP_AES_ECB) refers to stm32f4xx_cryp.o(i.CRYP_KeyStructInit) for CRYP_KeyStructInit
    stm32f4xx_cryp_aes.o(i.CRYP_AES_ECB) refers to stm32f4xx_cryp.o(i.CRYP_FIFOFlush) for CRYP_FIFOFlush
    stm32f4xx_cryp_aes.o(i.CRYP_AES_ECB) refers to stm32f4xx_cryp.o(i.CRYP_Init) for CRYP_Init
    stm32f4xx_cryp_aes.o(i.CRYP_AES_ECB) refers to stm32f4xx_cryp.o(i.CRYP_KeyInit) for CRYP_KeyInit
    stm32f4xx_cryp_aes.o(i.CRYP_AES_ECB) refers to stm32f4xx_cryp.o(i.CRYP_Cmd) for CRYP_Cmd
    stm32f4xx_cryp_aes.o(i.CRYP_AES_ECB) refers to stm32f4xx_cryp.o(i.CRYP_GetFlagStatus) for CRYP_GetFlagStatus
    stm32f4xx_cryp_aes.o(i.CRYP_AES_ECB) refers to stm32f4xx_cryp.o(i.CRYP_GetCmdStatus) for CRYP_GetCmdStatus
    stm32f4xx_cryp_aes.o(i.CRYP_AES_ECB) refers to stm32f4xx_cryp.o(i.CRYP_DataIn) for CRYP_DataIn
    stm32f4xx_cryp_aes.o(i.CRYP_AES_ECB) refers to stm32f4xx_cryp.o(i.CRYP_DataOut) for CRYP_DataOut
    stm32f4xx_cryp_aes.o(i.CRYP_AES_GCM) refers to stm32f4xx_cryp.o(i.CRYP_KeyStructInit) for CRYP_KeyStructInit
    stm32f4xx_cryp_aes.o(i.CRYP_AES_GCM) refers to stm32f4xx_cryp.o(i.CRYP_FIFOFlush) for CRYP_FIFOFlush
[...]
    $v0                                      0x08007eda   Number         0  printf1.o(x$fpl$printf1)
    x$fpl$retnan                             0x08007ede   Section      100  retnan.o(x$fpl$retnan)
    $v0                                      0x08007ede   Number         0  retnan.o(x$fpl$retnan)
    x$fpl$scalbn                             0x08007f42   Section       92  scalbn.o(x$fpl$scalbn)
    $v0                                      0x08007f42   Number         0  scalbn.o(x$fpl$scalbn)
    x$fpl$trapveneer                         0x08007f9e   Section       48  trapv.o(x$fpl$trapveneer)
    $v0                                      0x08007f9e   Number         0  trapv.o(x$fpl$trapveneer)
    .constdata                               0x08007fce   Section        2  bmi055.o(.constdata)
    x$fpl$usenofp                            0x08007fce   Section        0  usenofp.o(x$fpl$usenofp)
    .constdata                               0x08007fd0   Section       17  __printf_flags_ss_wp.o(.constdata)
    maptable                                 0x08007fd0   Data          17  __printf_flags_ss_wp.o(.constdata)
    .constdata                               0x08007fe8   Section       80  asin.o(.constdata)
    pS                                       0x08007fe8   Data          48  asin.o(.constdata)
    qS                                       0x08008018   Data          32  asin.o(.constdata)
    .constdata                               0x08008038   Section      136  pow.o(.constdata)
    bp                                       0x08008038   Data          16  pow.o(.constdata)
    dp_h                                     0x08008048   Data          16  pow.o(.constdata)
    dp_l                                     0x08008058   Data          16  pow.o(.constdata)
    L                                        0x08008068   Data          48  pow.o(.constdata)
    P                                        0x08008098   Data          40  pow.o(.constdata)
    .constdata                               0x080080c0   Section      152  atan.o(.constdata)
    atanhi                                   0x080080c0   Data          32  atan.o(.constdata)
    atanlo                                   0x080080e0   Data          32  atan.o(.constdata)
    aTodd                                    0x08008100   Data          40  atan.o(.constdata)
    aTeven                                   0x08008128   Data          48  atan.o(.constdata)
    .constdata                               0x08008158   Section       48  cos_i.o(.constdata)
    C                                        0x08008158   Data          48  cos_i.o(.constdata)
    .constdata                               0x08008188   Section        8  qnan.o(.constdata)
    .constdata                               0x08008190   Section      200  rred.o(.constdata)
    pio2s                                    0x08008190   Data          48  rred.o(.constdata)
    twooverpi                                0x080081c0   Data         152  rred.o(.constdata)
    .constdata                               0x08008258   Section       40  sin_i.o(.constdata)
    S                                        0x08008258   Data          40  sin_i.o(.constdata)
    .constdata                               0x08008280   Section      148  bigflt0.o(.constdata)
    tenpwrs_x                                0x08008280   Data          60  bigflt0.o(.constdata)
    tenpwrs_i                                0x080082bc   Data          64  bigflt0.o(.constdata)
    locale$$data                             0x08008334   Section       28  lc_numeric_c.o(locale$$data)
    __lcnum_c_name                           0x08008338   Data           2  lc_numeric_c.o(locale$$data)
    __lcnum_c_start                          0x08008340   Data           0  lc_numeric_c.o(locale$$data)
    __lcnum_c_point                          0x0800834c   Data           0  lc_numeric_c.o(locale$$data)
    __lcnum_c_thousands                      0x0800834e   Data           0  lc_numeric_c.o(locale$$data)
    __lcnum_c_grouping                       0x0800834f   Data           0  lc_numeric_c.o(locale$$data)
    __lcnum_c_end                            0x08008350   Data           0  lc_numeric_c.o(locale$$data)
    .data                                    0x20000000   Section       16  stm32f4xx_rcc.o(.data)
    APBAHBPrescTable                         0x20000000   Data          16  stm32f4xx_rcc.o(.data)
    .data                                    0x20000010   Section       10  usart.o(.data)
    .data                                    0x20000020   Section       50  bmi055.o(.data)
    data                                     0x20000050   Data           2  bmi055.o(.data)
    .data                                    0x20000052   Section        6  w25n.o(.data)
    length                                   0x20000054   Data           2  w25n.o(.data)
    i                                        0x20000056   Data           2  w25n.o(.data)
    .data                                    0x20000058   Section        1  command.o(.data)
    .data                                    0x20000060   Section       96  computation.o(.data)
    .bss                                     0x200000c0   Section       60  usart.o(.bss)
    .bss                                     0x20000100   Section     2096  bmi055.o(.bss)
    .bss                                     0x20000930   Section      160  computation.o(.bss)
    .bss                                     0x200009d0   Section       96  libspace.o(.bss)
    HEAP                                     0x20000a30   Section      512  startup_stm32f40_41xxx.o(HEAP)
    Heap_Mem                                 0x20000a30   Data         512  startup_stm32f40_41xxx.o(HEAP)
    STACK                                    0x20000c30   Section     1024  startup_stm32f40_41xxx.o(STACK)
    Stack_Mem                                0x20000c30   Data        1024  startup_stm32f40_41xxx.o(STACK)
    __initial_sp                             0x20001030   Data           0  startup_stm32f40_41xxx.o(STACK)

    Global Symbols

    Symbol Name                              Value     Ov Type        Size  Object(Section)

    BuildAttributes$$THM_ISAv4$E$P$D$K$B$S$7EM$VFPi3$EXTD16$VFPS$VFMA$PE$A:L22UL41UL21$X:L11$S22US41US21$IEEE1$IW$USESV6$~STKCKD$USESV7$~SHL$OTIME$ROPI$IEEEX$EBA8$UX$STANDARDLIB$REQ8$PRES8$EABIv2 0x00000000   Number         0  anon$$obj.o ABSOLUTE
    __ARM_use_no_argv                        0x00000000   Number         0  main.o ABSOLUTE
    _printf_flags                            0x00000000   Number         0  printf_stubs.o ABSOLUTE
    _printf_return_value                     0x00000000   Number         0  printf_stubs.o ABSOLUTE
    _printf_sizespec                         0x00000000   Number         0  printf_stubs.o ABSOLUTE
    _printf_widthprec                        0x00000000   Number         0  printf_stubs.o ABSOLUTE
    __ARM_exceptions_init                     - Undefined Weak Reference
    __alloca_initialize                       - Undefined Weak Reference
    __arm_preinit_                            - Undefined Weak Reference
    __cpp_initialize__aeabi_                  - Undefined Weak Reference
    __cxa_finalize                            - Undefined Weak Reference
    __sigvec_lookup                           - Undefined Weak Reference
    _atexit_init                              - Undefined Weak Reference
    _call_atexit_fns                          - Undefined Weak Reference
    _clock_init                               - Undefined Weak Reference
    _fp_trap_init                             - Undefined Weak Reference
    _fp_trap_shutdown                         - Undefined Weak Reference
    _get_lc_collate                           - Undefined Weak Reference
    _get_lc_monetary                          - Undefined Weak Reference
    _get_lc_time                              - Undefined Weak Reference
    _getenv_init                              - Undefined Weak Reference
    _handle_redirection                       - Undefined Weak Reference
    _init_alloc                               - Undefined Weak Reference
    _init_user_alloc                          - Undefined Weak Reference
    _initio                                   - Undefined Weak Reference
    _mutex_acquire                            - Undefined Weak Reference
    _mutex_release                            - Undefined Weak Reference
    _printf_mbtowc                            - Undefined Weak Reference
    _printf_wc                                - Undefined Weak Reference
    _rand_init                                - Undefined Weak Reference
    _signal_finish                            - Undefined Weak Reference
    _signal_init                              - Undefined Weak Reference
    _terminate_alloc                          - Undefined Weak Reference
    _terminate_user_alloc                     - Undefined Weak Reference
    _terminateio                              - Undefined Weak Reference
    __Vectors_Size                           0x00000188   Number         0  startup_stm32f40_41xxx.o ABSOLUTE
    __Vectors                                0x08000000   Data           4  startup_stm32f40_41xxx.o(RESET)
    __Vectors_End                            0x08000188   Data           0  startup_stm32f40_41xxx.o(RESET)
    __main                                   0x08000189   Thumb Code     8  __main.o(!!!main)
    __scatterload                            0x08000191   Thumb Code     0  __scatter.o(!!!scatter)
    __scatterload_rt2                        0x08000191   Thumb Code    44  __scatter.o(!!!scatter)
    __scatterload_rt2_thumb_only             0x08000191   Thumb Code     0  __scatter.o(!!!scatter)
    __scatterload_null                       0x0800019f   Thumb Code     0  __scatter.o(!!!scatter)
    __scatterload_copy                       0x080001c5   Thumb Code    26  __scatter_copy.o(!!handler_copy)
    __scatterload_zeroinit                   0x080001e1   Thumb Code    28  __scatter_zi.o(!!handler_zi)
    _printf_f                                0x080001fd   Thumb Code     0  _printf_f.o(.ARM.Collect$$_printf_percent$$00000003)
    _printf_percent                          0x080001fd   Thumb Code     0  _printf_percent.o(.ARM.Collect$$_printf_percent$$00000000)
    _printf_d                                0x08000203   Thumb Code     0  _printf_d.o(.ARM.Collect$$_printf_percent$$00000009)
    _printf_u                                0x08000209   Thumb Code     0  _printf_u.o(.ARM.Collect$$_printf_percent$$0000000A)
    _printf_c                                0x0800020f   Thumb Code     0  _printf_c.o(.ARM.Collect$$_printf_percent$$00000013)
    _printf_percent_end                      0x08000215   Thumb Code     0  _printf_percent_end.o(.ARM.Collect$$_printf_percent$$00000017)
    __rt_lib_init                            0x08000219   Thumb Code     0  libinit.o(.ARM.Collect$$libinit$$00000000)
    __rt_lib_init_fp_1                       0x0800021b   Thumb Code     0  libinit2.o(.ARM.Collect$$libinit$$00000001)
    __rt_lib_init_heap_1                     0x0800021f   Thumb Code     0  libinit2.o(.ARM.Collect$$libinit$$0000000A)
    __rt_lib_init_lc_common                  0x0800021f   Thumb Code     0  libinit2.o(.ARM.Collect$$libinit$$0000000F)
    __rt_lib_init_preinit_1                  0x0800021f   Thumb Code     0  libinit2.o(.ARM.Collect$$libinit$$00000004)
    __rt_lib_init_rand_1                     0x0800021f   Thumb Code     0  libinit2.o(.ARM.Collect$$libinit$$0000000E)
    __rt_lib_init_user_alloc_1               0x0800021f   Thumb Code     0  libinit2.o(.ARM.Collect$$libinit$$0000000C)
    __rt_lib_init_lc_collate_1               0x08000225   Thumb Code     0  libinit2.o(.ARM.Collect$$libinit$$00000011)
    __rt_lib_init_lc_ctype_1                 0x08000225   Thumb Code     0  libinit2.o(.ARM.Collect$$libinit$$00000013)
    __rt_lib_init_lc_monetary_1              0x08000225   Thumb Code     0  libinit2.o(.ARM.Collect$$libinit$$00000015)
    __rt_lib_init_lc_numeric_2               0x08000225   Thumb Code     0  libinit2.o(.ARM.Collect$$libinit$$00000016)
    __rt_lib_init_alloca_1                   0x0800022f   Thumb Code     0  libinit2.o(.ARM.Collect$$libinit$$0000002E)
    __rt_lib_init_argv_1                     0x0800022f   Thumb Code     0  libinit2.o(.ARM.Collect$$libinit$$0000002C)
    __rt_lib_init_atexit_1                   0x0800022f   Thumb Code     0  libinit2.o(.ARM.Collect$$libinit$$0000001B)
    __rt_lib_init_clock_1                    0x0800022f   Thumb Code     0  libinit2.o(.ARM.Collect$$libinit$$00000021)
    __rt_lib_init_cpp_1                      0x0800022f   Thumb Code     0  libinit2.o(.ARM.Collect$$libinit$$00000032)
    __rt_lib_init_exceptions_1               0x0800022f   Thumb Code     0  libinit2.o(.ARM.Collect$$libinit$$00000030)
    __rt_lib_init_fp_trap_1                  0x0800022f   Thumb Code     0  libinit2.o(.ARM.Collect$$libinit$$0000001F)
    __rt_lib_init_getenv_1                   0x0800022f   Thumb Code     0  libinit2.o(.ARM.Collect$$libinit$$00000023)
    __rt_lib_init_lc_numeric_1               0x0800022f   Thumb Code     0  libinit2.o(.ARM.Collect$$libinit$$00000017)
    __rt_lib_init_lc_time_1                  0x0800022f   Thumb Code     0  libinit2.o(.ARM.Collect$$libinit$$00000019)
    __rt_lib_init_return                     0x0800022f   Thumb Code     0  libinit2.o(.ARM.Collect$$libinit$$00000033)
    __rt_lib_init_signal_1                   0x0800022f   Thumb Code     0  libinit2.o(.ARM.Collect$$libinit$$0000001D)
    __rt_lib_init_stdio_1                    0x0800022f   Thumb Code     0  libinit2.o(.ARM.Collect$$libinit$$00000025)
    __rt_lib_shutdown                        0x08000231   Thumb Code     0  libshutdown.o(.ARM.Collect$$libshutdown$$00000000)
    __rt_lib_shutdown_cpp_1                  0x08000233   Thumb Code     0  libshutdown2.o(.ARM.Collect$$libshutdown$$00000002)
    __rt_lib_shutdown_fp_trap_1              0x08000233   Thumb Code     0  libshutdown2.o(.ARM.Collect$$libshutdown$$00000007)
    __rt_lib_shutdown_heap_1                 0x08000233   Thumb Code     0  libshutdown2.o(.ARM.Collect$$libshutdown$$0000000F)
    __rt_lib_shutdown_return                 0x08000233   Thumb Code     0  libshutdown2.o(.ARM.Collect$$libshutdown$$00000010)
    __rt_lib_shutdown_signal_1               0x08000233   Thumb Code     0  libshutdown2.o(.ARM.Collect$$libshutdown$$0000000A)
    __rt_lib_shutdown_stdio_1                0x08000233   Thumb Code     0  libshutdown2.o(.ARM.Collect$$libshutdown$$00000004)
    __rt_lib_shutdown_user_alloc_1           0x08000233   Thumb Code     0  libshutdown2.o(.ARM.Collect$$libshutdown$$0000000C)
    __rt_entry                               0x08000235   Thumb Code     0  __rtentry.o(.ARM.Collect$$rtentry$$00000000)
    __rt_entry_presh_1                       0x08000235   Thumb Code     0  __rtentry2.o(.ARM.Collect$$rtentry$$00000002)
    __rt_entry_sh                            0x08000235   Thumb Code     0  __rtentry4.o(.ARM.Collect$$rtentry$$00000004)
    __rt_entry_li                            0x0800023b   Thumb Code     0  __rtentry2.o(.ARM.Collect$$rtentry$$0000000A)
    __rt_entry_postsh_1                      0x0800023b   Thumb Code     0  __rtentry2.o(.ARM.Collect$$rtentry$$00000009)
    __rt_entry_main                          0x0800023f   Thumb Code     0  __rtentry2.o(.ARM.Collect$$rtentry$$0000000D)
    __rt_entry_postli_1                      0x0800023f   Thumb Code     0  __rtentry2.o(.ARM.Collect$$rtentry$$0000000C)
    __rt_exit                                0x08000247   Thumb Code     0  rtexit.o(.ARM.Collect$$rtexit$$00000000)
    __rt_exit_ls                             0x08000249   Thumb Code     0  rtexit2.o(.ARM.Collect$$rtexit$$00000003)
    __rt_exit_prels_1                        0x08000249   Thumb Code     0  rtexit2.o(.ARM.Collect$$rtexit$$00000002)
    __rt_exit_exit                           0x0800024d   Thumb Code     0  rtexit2.o(.ARM.Collect$$rtexit$$00000004)
    Reset_Handler                            0x08000255   Thumb Code     8  startup_stm32f40_41xxx.o(.text)
    ADC_IRQHandler                           0x0800026f   Thumb Code     0  startup_stm32f40_41xxx.o(.text)
    CAN1_RX0_IRQHandler                      0x0800026f   Thumb Code     0  startup_stm32f40_41xxx.o(.text)
    CAN1_RX1_IRQHandler                      0x0800026f   Thumb Code     0  startup_stm32f40_41xxx.o(.text)
    CAN1_SCE_IRQHandler                      0x0800026f   Thumb Code     0  startup_stm32f40_41xxx.o(.text)
    CAN1_TX_IRQHandler                       0x0800026f   Thumb Code     0  startup_stm32f40_41xxx.o(.text)
    CAN2_RX0_IRQHandler                      0x0800026f   Thumb Code     0  startup_stm32f40_41xxx.o(.text)
    CAN2_RX1_IRQHandler                      0x0800026f   Thumb Code     0  startup_stm32f40_41xxx.o(.text)
    CAN2_SCE_IRQHandler                      0x0800026f   Thumb Code     0  startup_stm32f40_41xxx.o(.text)
    CAN2_TX_IRQHandler                       0x0800026f   Thumb Code     0  startup_stm32f40_41xxx.o(.text)
    CRYP_IRQHandler                          0x0800026f   Thumb Code     0  startup_stm32f40_41xxx.o(.text)
    DCMI_IRQHandler                          0x0800026f   Thumb Code     0  startup_stm32f40_41xxx.o(.text)
    DMA1_Stream0_IRQHandler                  0x0800026f   Thumb Code     0  startup_stm32f40_41xxx.o(.text)
    DMA1_Stream1_IRQHandler                  0x0800026f   Thumb Code     0  startup_stm32f40_41xxx.o(.text)
    DMA1_Stream2_IRQHandler                  0x0800026f   Thumb Code     0  startup_stm32f40_41xxx.o(.text)
    DMA1_Stream3_IRQHandler                  0x0800026f   Thumb Code     0  startup_stm32f40_41xxx.o(.text)
    DMA1_Stream4_IRQHandler                  0x0800026f   Thumb Code     0  startup_stm32f40_41xxx.o(.text)
    DMA1_Stream5_IRQHandler                  0x0800026f   Thumb Code     0  startup_stm32f40_41xxx.o(.text)
    DMA1_Stream6_IRQHandler                  0x0800026f   Thumb Code     0  startup_stm32f40_41xxx.o(.text)
    DMA1_Stream7_IRQHandler                  0x0800026f   Thumb Code     0  startup_stm32f40_41xxx.o(.text)
    DMA2_Stream0_IRQHandler                  0x0800026f   Thumb Code     0  startup_stm32f40_41xxx.o(.text)
    DMA2_Stream1_IRQHandler                  0x0800026f   Thumb Code     0  startup_stm32f40_41xxx.o(.text)
    DMA2_Stream2_IRQHandler                  0x0800026f   Thumb Code     0  startup_stm32f40_41xxx.o(.text)
    DMA2_Stream3_IRQHandler                  0x0800026f   Thumb Code     0  startup_stm32f40_41xxx.o(.text)
    DMA2_Stream4_IRQHandler                  0x0800026f   Thumb Code     0  startup_stm32f40_41xxx.o(.text)
    DMA2_Stream5_IRQHandler                  0x0800026f   Thumb Code     0  startup_stm32f40_41xxx.o(.text)
    DMA2_Stream6_IRQHandler                  0x0800026f   Thumb Code     0  startup_stm32f40_41xxx.o(.text)
    DMA2_Stream7_IRQHandler                  0x0800026f   Thumb Code     0  startup_stm32f40_41xxx.o(.text)
    ETH_IRQHandler                           0x0800026f   Thumb Code     0  startup_stm32f40_41xxx.o(.text)
    ETH_WKUP_IRQHandler                      0x0800026f   Thumb Code     0  startup_stm32f40_41xxx.o(.text)
    EXTI0_IRQHandler                         0x0800026f   Thumb Code     0  startup_stm32f40_41xxx.o(.text)
    EXTI15_10_IRQHandler                     0x0800026f   Thumb Code     0  startup_stm32f40_41xxx.o(.text)
    EXTI2_IRQHandler                         0x0800026f   Thumb Code     0  startup_stm32f40_41xxx.o(.text)
    EXTI4_IRQHandler                         0x0800026f   Thumb Code     0  startup_stm32f40_41xxx.o(.text)
    EXTI9_5_IRQHandler                       0x0800026f   Thumb Code     0  startup_stm32f40_41xxx.o(.text)
    FLASH_IRQHandler                         0x0800026f   Thumb Code     0  startup_stm32f40_41xxx.o(.text)
    FPU_IRQHandler                           0x0800026f   Thumb Code     0  startup_stm32f40_41xxx.o(.text)
    FSMC_IRQHandler                          0x0800026f   Thumb Code     0  startup_stm32f40_41xxx.o(.text)
    HASH_RNG_IRQHandler                      0x0800026f   Thumb Code     0  startup_stm32f40_41xxx.o(.text)
    I2C1_ER_IRQHandler                       0x0800026f   Thumb Code     0  startup_stm32f40_41xxx.o(.text)
    I2C1_EV_IRQHandler                       0x0800026f   Thumb Code     0  startup_stm32f40_41xxx.o(.text)
    I2C2_ER_IRQHandler                       0x0800026f   Thumb Code     0  startup_stm32f40_41xxx.o(.text)
    I2C2_EV_IRQHandler                       0x0800026f   Thumb Code     0  startup_stm32f40_41xxx.o(.text)
    I2C3_ER_IRQHandler                       0x0800026f   Thumb Code     0  startup_stm32f40_41xxx.o(.text)
    I2C3_EV_IRQHandler                       0x0800026f   Thumb Code     0  startup_stm32f40_41xxx.o(.text)
    OTG_FS_IRQHandler                        0x0800026f   Thumb Code     0  startup_stm32f40_41xxx.o(.text)
    OTG_FS_WKUP_IRQHandler                   0x0800026f   Thumb Code     0  startup_stm32f40_41xxx.o(.text)
    OTG_HS_EP1_IN_IRQHandler                 0x0800026f   Thumb Code     0  startup_stm32f40_41xxx.o(.text)
    OTG_HS_EP1_OUT_IRQHandler                0x0800026f   Thumb Code     0  startup_stm32f40_41xxx.o(.text)
    OTG_HS_IRQHandler                        0x0800026f   Thumb Code     0  startup_stm32f40_41xxx.o(.text)
    OTG_HS_WKUP_IRQHandler                   0x0800026f   Thumb Code     0  startup_stm32f40_41xxx.o(.text)
    PVD_IRQHandler                           0x0800026f   Thumb Code     0  startup_stm32f40_41xxx.o(.text)
    RCC_IRQHandler                           0x0800026f   Thumb Code     0  startup_stm32f40_41xxx.o(.text)
    RTC_Alarm_IRQHandler                     0x0800026f   Thumb Code     0  startup_stm32f40_41xxx.o(.text)
    RTC_WKUP_IRQHandler                      0x0800026f   Thumb Code     0  startup_stm32f40_41xxx.o(.text)
    SDIO_IRQHandler                          0x0800026f   Thumb Code     0  startup_stm32f40_41xxx.o(.text)
    SPI1_IRQHandler                          0x0800026f   Thumb Code     0  startup_stm32f40_41xxx.o(.text)
    SPI2_IRQHandler                          0x0800026f   Thumb Code     0  startup_stm32f40_41xxx.o(.text)
    SPI3_IRQHandler                          0x0800026f   Thumb Code     0  startup_stm32f40_41xxx.o(.text)
    TAMP_STAMP_IRQHandler                    0x0800026f   Thumb Code     0  startup_stm32f40_41xxx.o(.text)
    TIM1_BRK_TIM9_IRQHandler                 0x0800026f   Thumb Code     0  startup_stm32f40_41xxx.o(.text)
    TIM1_CC_IRQHandler                       0x0800026f   Thumb Code     0  startup_stm32f40_41xxx.o(.text)
    TIM1_TRG_COM_TIM11_IRQHandler            0x0800026f   Thumb Code     0  startup_stm32f40_41xxx.o(.text)
    TIM1_UP_TIM10_IRQHandler                 0x0800026f   Thumb Code     0  startup_stm32f40_41xxx.o(.text)
    TIM2_IRQHandler                          0x0800026f   Thumb Code     0  startup_stm32f40_41xxx.o(.text)
    TIM3_IRQHandler                          0x0800026f   Thumb Code     0  startup_stm32f40_41xxx.o(.text)
    TIM5_IRQHandler                          0x0800026f   Thumb Code     0  startup_stm32f40_41xxx.o(.text)
    TIM6_DAC_IRQHandler                      0x0800026f   Thumb Code     0  startup_stm32f40_41xxx.o(.text)
    TIM7_IRQHandler                          0x0800026f   Thumb Code     0  startup_stm32f40_41xxx.o(.text)
    TIM8_BRK_TIM12_IRQHandler                0x0800026f   Thumb Code     0  startup_stm32f40_41xxx.o(.text)
    TIM8_CC_IRQHandler                       0x0800026f   Thumb Code     0  startup_stm32f40_41xxx.o(.text)
    TIM8_TRG_COM_TIM14_IRQHandler            0x0800026f   Thumb Code     0  startup_stm32f40_41xxx.o(.text)
    TIM8_UP_TIM13_IRQHandler                 0x0800026f   Thumb Code     0  startup_stm32f40_41xxx.o(.text)
    UART4_IRQHandler                         0x0800026f   Thumb Code     0  startup_stm32f40_41xxx.o(.text)
    UART5_IRQHandler                         0x0800026f   Thumb Code     0  startup_stm32f40_41xxx.o(.text)
    USART6_IRQHandler                        0x0800026f   Thumb Code     0  startup_stm32f40_41xxx.o(.text)
    WWDG_IRQHandler                          0x0800026f   Thumb Code     0  startup_stm32f40_41xxx.o(.text)
    __user_initial_stackheap                 0x08000271   Thumb Code     0  startup_stm32f40_41xxx.o(.text)
    __use_no_semihosting                     0x08000295   Thumb Code     2  use_no_semi_2.o(.text)
    __2printf                                0x08000299   Thumb Code    20  __2printf.o(.text)
    _printf_str                              0x080002b1   Thumb Code    82  _printf_str.o(.text)
    _printf_int_dec                          0x08000305   Thumb Code   104  _printf_dec.o(.text)
    __printf                                 0x0800037d   Thumb Code   388  __printf_flags_ss_wp.o(.text)
    __use_two_region_memory                  0x08000505   Thumb Code     2  heapauxi.o(.text)
    __rt_heap_escrow$2region                 0x08000507   Thumb Code     2  heapauxi.o(.text)
    __rt_heap_expand$2region                 0x08000509   Thumb Code     2  heapauxi.o(.text)
    __I$use$semihosting                      0x0800050b   Thumb Code     0  use_no_semi.o(.text)
    __use_no_semihosting_swi                 0x0800050b   Thumb Code     2  use_no_semi.o(.text)
    __read_errno                             0x0800050d   Thumb Code    10  _rserrno.o(.text)
    __set_errno                              0x08000517   Thumb Code    12  _rserrno.o(.text)
    _printf_int_common                       0x08000523   Thumb Code   178  _printf_intcommon.o(.text)
    __lib_sel_fp_printf                      0x080005d5   Thumb Code     2  _printf_fp_dec.o(.text)
    _printf_fp_dec_real                      0x08000787   Thumb Code   620  _printf_fp_dec.o(.text)
    _printf_char_common                      0x080009ff   Thumb Code    32  _printf_char_common.o(.text)
    _printf_cs_common                        0x08000a25   Thumb Code    20  _printf_char.o(.text)
    _printf_char                             0x08000a39   Thumb Code    16  _printf_char.o(.text)
    _printf_string                           0x08000a49   Thumb Code     8  _printf_char.o(.text)
    _printf_char_file                        0x08000a51   Thumb Code    32  _printf_char_file.o(.text)
    __rt_locale                              0x08000a75   Thumb Code     8  rt_locale_intlibspace.o(.text)
    __aeabi_errno_addr                       0x08000a7d   Thumb Code     8  rt_errno_addr_intlibspace.o(.text)
    __errno$intlibspace                      0x08000a7d   Thumb Code     0  rt_errno_addr_intlibspace.o(.text)
    __rt_errno_addr$intlibspace              0x08000a7d   Thumb Code     0  rt_errno_addr_intlibspace.o(.text)
    _ll_udiv10                               0x08000a85   Thumb Code   138  lludiv10.o(.text)
    _printf_fp_infnan                        0x08000b11   Thumb Code   112  _printf_fp_infnan.o(.text)
    _btod_etento                             0x08000b91   Thumb Code   224  bigflt0.o(.text)
    ferror                                   0x08000c75   Thumb Code     8  ferror.o(.text)
    __user_libspace                          0x08000c7d   Thumb Code     8  libspace.o(.text)
    __user_perproc_libspace                  0x08000c7d   Thumb Code     0  libspace.o(.text)
    __user_perthread_libspace                0x08000c7d   Thumb Code     0  libspace.o(.text)
    __user_setup_stackheap                   0x08000c85   Thumb Code    74  sys_stackheap_outer.o(.text)
    exit                                     0x08000ccf   Thumb Code    18  exit.o(.text)
    strcmp                                   0x08000ce1   Thumb Code   128  strcmpv7m.o(.text)
    _btod_d2e                                0x08000d61   Thumb Code    62  btod.o(CL$$btod_d2e)
    _d2e_denorm_low                          0x08000d9f   Thumb Code    70  btod.o(CL$$btod_d2e_denorm_low)
    _d2e_norm_op1                            0x08000de5   Thumb Code    96  btod.o(CL$$btod_d2e_norm_op1)
    __btod_div_common                        0x08000e45   Thumb Code   696  btod.o(CL$$btod_div_common)
    _e2e                                     0x0800117d   Thumb Code   220  btod.o(CL$$btod_e2e)
    _btod_ediv                               0x08001259   Thumb Code    42  btod.o(CL$$btod_ediv)
    _btod_emul                               0x08001283   Thumb Code    42  btod.o(CL$$btod_emul)
    __btod_mult_common                       0x080012ad   Thumb Code   580  btod.o(CL$$btod_mult_common)
    AccelerationSolution                     0x080014f1   Thumb Code  1392  computation.o(i.AccelerationSolution)
    Acceleration_Get                         0x08001a85   Thumb Code   196  computation.o(i.Acceleration_Get)
    AngularVelocity_Get                      0x08001b69   Thumb Code   182  computation.o(i.AngularVelocity_Get)
    AttitudeAngle_Init                       0x08001c39   Thumb Code    26  computation.o(i.AttitudeAngle_Init)
    AttitudeSolution                         0x08001c5d   Thumb Code  1418  computation.o(i.AttitudeSolution)
    BMI055_Configuration                     0x080021e9   Thumb Code   542  bmi055.o(i.BMI055_Configuration)
    BMI055_DataTransform                     0x0800243d   Thumb Code    34  bmi055.o(i.BMI055_DataTransform)
    BMI055_ReadBuffer                        0x08002465   Thumb Code    90  bmi055.o(i.BMI055_ReadBuffer)
    BMI055_SendData                          0x080024c9   Thumb Code    76  bmi055.o(i.BMI055_SendData)
    BUZZER_Configuration                     0x0800251d   Thumb Code    54  buzzer.o(i.BUZZER_Configuration)
    BusFault_Handler                         0x0800255d   Thumb Code     4  stm32f4xx_it.o(i.BusFault_Handler)
    Commanad_ChipErase                       0x08002561   Thumb Code    14  command.o(i.Commanad_ChipErase)
    Command_AccelerationDisplay              0x08002589   Thumb Code    48  command.o(i.Command_AccelerationDisplay)
    Command_AttitudeSolution                 0x080025ed   Thumb Code   218  command.o(i.Command_AttitudeSolution)
    Command_BMI055_DataDisplay               0x08002711   Thumb Code    86  command.o(i.Command_BMI055_DataDisplay)
    Command_BMI055_DataStorage               0x080027a5   Thumb Code   196  command.o(i.Command_BMI055_DataStorage)
    Command_BMI055_OFFSET                    0x08002891   Thumb Code   312  command.o(i.Command_BMI055_OFFSET)
    Command_Bmi055StartWork                  0x08002a1d   Thumb Code   120  command.o(i.Command_Bmi055StartWork)
    Command_Bmi055StopWork                   0x08002ad9   Thumb Code   108  command.o(i.Command_Bmi055StopWork)
    Command_DataOutput                       0x08002ba9   Thumb Code   500  command.o(i.Command_DataOutput)
    Command_Execute                          0x08002e41   Thumb Code   384  command.o(i.Command_Execute)
    Command_PositionDisplay                  0x08002ff5   Thumb Code    48  command.o(i.Command_PositionDisplay)
    Command_Q_Init                           0x08003065   Thumb Code  1722  command.o(i.Command_Q_Init)
    Command_StatusCheck                      0x08003779   Thumb Code    10  command.o(i.Command_StatusCheck)
    Command_VelocityDisplay                  0x080037a1   Thumb Code    48  command.o(i.Command_VelocityDisplay)
    DebugMon_Handler                         0x08003811   Thumb Code     2  stm32f4xx_it.o(i.DebugMon_Handler)
    EXTI1_IRQHandler                         0x08003813   Thumb Code    16  bmi055.o(i.EXTI1_IRQHandler)
    EXTI3_IRQHandler                         0x08003823   Thumb Code    16  bmi055.o(i.EXTI3_IRQHandler)
    EXTI_ClearITPendingBit                   0x08003835   Thumb Code     6  stm32f4xx_exti.o(i.EXTI_ClearITPendingBit)
    EXTI_GetITStatus                         0x08003841   Thumb Code    20  stm32f4xx_exti.o(i.EXTI_GetITStatus)
    EXTI_Init                                0x08003859   Thumb Code   142  stm32f4xx_exti.o(i.EXTI_Init)
    FLASH_PrefetchBufferCmd                  0x080038ed   Thumb Code    30  stm32f4xx_flash.o(i.FLASH_PrefetchBufferCmd)
    FLASH_SetLatency                         0x08003911   Thumb Code     6  stm32f4xx_flash.o(i.FLASH_SetLatency)
    GPIO_Init                                0x0800391d   Thumb Code   144  stm32f4xx_gpio.o(i.GPIO_Init)
    GPIO_PinAFConfig                         0x080039ad   Thumb Code    70  stm32f4xx_gpio.o(i.GPIO_PinAFConfig)
    HardFault_Handler                        0x080039f3   Thumb Code     4  stm32f4xx_it.o(i.HardFault_Handler)
    LED_Init                                 0x080039f9   Thumb Code    46  led.o(i.LED_Init)
    MemManage_Handler                        0x08003a31   Thumb Code     4  stm32f4xx_it.o(i.MemManage_Handler)
    NMI_Handler                              0x08003a35   Thumb Code     2  stm32f4xx_it.o(i.NMI_Handler)
    NVIC_Configuration                       0x08003a37   Thumb Code    12  sys.o(i.NVIC_Configuration)
    NVIC_Init                                0x08003a45   Thumb Code   106  misc.o(i.NVIC_Init)
    NVIC_PriorityGroupConfig                 0x08003abd   Thumb Code    10  misc.o(i.NVIC_PriorityGroupConfig)
    PendSV_Handler                           0x08003ad1   Thumb Code     2  stm32f4xx_it.o(i.PendSV_Handler)
    Pitch_Get                                0x08003ad5   Thumb Code   144  computation.o(i.Pitch_Get)
    PositionSolution                         0x08003b71   Thumb Code   218  computation.o(i.PositionSolution)
    RCC_AHB1PeriphClockCmd                   0x08003c59   Thumb Code    26  stm32f4xx_rcc.o(i.RCC_AHB1PeriphClockCmd)
    RCC_APB1PeriphClockCmd                   0x08003c79   Thumb Code    26  stm32f4xx_rcc.o(i.RCC_APB1PeriphClockCmd)
    RCC_APB2PeriphClockCmd                   0x08003c99   Thumb Code    26  stm32f4xx_rcc.o(i.RCC_APB2PeriphClockCmd)
    RCC_Configuration                        0x08003cb9   Thumb Code   108  sys.o(i.RCC_Configuration)
    RCC_DeInit                               0x08003d25   Thumb Code    82  stm32f4xx_rcc.o(i.RCC_DeInit)
    RCC_GetClocksFreq                        0x08003d89   Thumb Code   214  stm32f4xx_rcc.o(i.RCC_GetClocksFreq)
    RCC_GetFlagStatus                        0x08003e71   Thumb Code    60  stm32f4xx_rcc.o(i.RCC_GetFlagStatus)
    RCC_GetSYSCLKSource                      0x08003eb1   Thumb Code    10  stm32f4xx_rcc.o(i.RCC_GetSYSCLKSource)
    RCC_HCLKConfig                           0x08003ec1   Thumb Code    18  stm32f4xx_rcc.o(i.RCC_HCLKConfig)
    RCC_HSEConfig                            0x08003ed9   Thumb Code    12  stm32f4xx_rcc.o(i.RCC_HSEConfig)
    RCC_PCLK1Config                          0x08003ee9   Thumb Code    18  stm32f4xx_rcc.o(i.RCC_PCLK1Config)
    RCC_PCLK2Config                          0x08003f01   Thumb Code    20  stm32f4xx_rcc.o(i.RCC_PCLK2Config)
    RCC_PLLCmd                               0x08003f19   Thumb Code     6  stm32f4xx_rcc.o(i.RCC_PLLCmd)
    RCC_PLLConfig                            0x08003f25   Thumb Code    30  stm32f4xx_rcc.o(i.RCC_PLLConfig)
    RCC_SYSCLKConfig                         0x08003f49   Thumb Code    18  stm32f4xx_rcc.o(i.RCC_SYSCLKConfig)
    RCC_WaitForHSEStartUp                    0x08003f61   Thumb Code    56  stm32f4xx_rcc.o(i.RCC_WaitForHSEStartUp)
    Roll_Get                                 0x08003f99   Thumb Code   304  computation.o(i.Roll_Get)
    SERVE_Configution                        0x080040dd   Thumb Code   372  serve.o(i.SERVE_Configution)
    SPI1_Configuration                       0x08004261   Thumb Code   160  spi.o(i.SPI1_Configuration)
    SPI_Cmd                                  0x08004309   Thumb Code    24  stm32f4xx_spi.o(i.SPI_Cmd)
    SPI_I2S_GetFlagStatus                    0x08004321   Thumb Code    18  stm32f4xx_spi.o(i.SPI_I2S_GetFlagStatus)
    SPI_I2S_ReceiveData                      0x08004333   Thumb Code     6  stm32f4xx_spi.o(i.SPI_I2S_ReceiveData)
    SPI_I2S_SendData                         0x08004339   Thumb Code     4  stm32f4xx_spi.o(i.SPI_I2S_SendData)
    SPI_Init                                 0x0800433d   Thumb Code    60  stm32f4xx_spi.o(i.SPI_Init)
    SPI_ReadWriteByte                        0x08004379   Thumb Code    52  spi.o(i.SPI_ReadWriteByte)
    SVC_Handler                              0x080043ad   Thumb Code     2  stm32f4xx_it.o(i.SVC_Handler)
    SYSCFG_EXTILineConfig                    0x080043b1   Thumb Code    60  stm32f4xx_syscfg.o(i.SYSCFG_EXTILineConfig)
    SysTick_Handler                          0x080044dd   Thumb Code     2  stm32f4xx_it.o(i.SysTick_Handler)
    SystemInit                               0x080044e1   Thumb Code    88  system_stm32f4xx.o(i.SystemInit)
    TIM4_IRQHandler                          0x08004549   Thumb Code   102  bmi055.o(i.TIM4_IRQHandler)
    TIM_ARRPreloadConfig                     0x080045b9   Thumb Code    24  stm32f4xx_tim.o(i.TIM_ARRPreloadConfig)
    TIM_ClearITPendingBit                    0x080045d1   Thumb Code     6  stm32f4xx_tim.o(i.TIM_ClearITPendingBit)
    TIM_Cmd                                  0x080045d7   Thumb Code    24  stm32f4xx_tim.o(i.TIM_Cmd)
    TIM_GetITStatus                          0x080045ef   Thumb Code    34  stm32f4xx_tim.o(i.TIM_GetITStatus)
    TIM_ITConfig                             0x08004611   Thumb Code    18  stm32f4xx_tim.o(i.TIM_ITConfig)
    TIM_OC1Init                              0x08004625   Thumb Code   114  stm32f4xx_tim.o(i.TIM_OC1Init)
    TIM_OC1PreloadConfig                     0x080046a1   Thumb Code    18  stm32f4xx_tim.o(i.TIM_OC1PreloadConfig)
    TIM_OC2Init                              0x080046b5   Thumb Code   154  stm32f4xx_tim.o(i.TIM_OC2Init)
    TIM_OC2PreloadConfig                     0x08004759   Thumb Code    26  stm32f4xx_tim.o(i.TIM_OC2PreloadConfig)
    TIM_OC3Init                              0x08004775   Thumb Code   150  stm32f4xx_tim.o(i.TIM_OC3Init)
    TIM_OC3PreloadConfig                     0x08004815   Thumb Code    18  stm32f4xx_tim.o(i.TIM_OC3PreloadConfig)
    TIM_OC4Init                              0x08004829   Thumb Code   112  stm32f4xx_tim.o(i.TIM_OC4Init)
    TIM_OC4PreloadConfig                     0x080048a1   Thumb Code    26  stm32f4xx_tim.o(i.TIM_OC4PreloadConfig)
    TIM_SetCompare1                          0x080048bb   Thumb Code     4  stm32f4xx_tim.o(i.TIM_SetCompare1)
    TIM_SetCompare2                          0x080048bf   Thumb Code     4  stm32f4xx_tim.o(i.TIM_SetCompare2)
    TIM_SetCompare3                          0x080048c3   Thumb Code     4  stm32f4xx_tim.o(i.TIM_SetCompare3)
    TIM_SetCompare4                          0x080048c7   Thumb Code     4  stm32f4xx_tim.o(i.TIM_SetCompare4)
    TIM_SetCounter                           0x080048cb   Thumb Code     4  stm32f4xx_tim.o(i.TIM_SetCounter)
    TIM_TimeBaseInit                         0x080048d1   Thumb Code   104  stm32f4xx_tim.o(i.TIM_TimeBaseInit)
    USART1_Configuration                     0x08004955   Thumb Code   166  usart.o(i.USART1_Configuration)
    USART1_IRQHandler                        0x08004a05   Thumb Code   156  usart.o(i.USART1_IRQHandler)
    USART2_IRQHandler                        0x08004aad   Thumb Code   132  usart.o(i.USART2_IRQHandler)
    USART3_IRQHandler                        0x08004b41   Thumb Code   132  usart.o(i.USART3_IRQHandler)
    USART_ClearITPendingBit                  0x08004bd5   Thumb Code    30  stm32f4xx_usart.o(i.USART_ClearITPendingBit)
    USART_Cmd                                0x08004bf3   Thumb Code    24  stm32f4xx_usart.o(i.USART_Cmd)
    USART_GetITStatus                        0x08004c0b   Thumb Code    84  stm32f4xx_usart.o(i.USART_GetITStatus)
    USART_ITConfig                           0x08004c5f   Thumb Code    74  stm32f4xx_usart.o(i.USART_ITConfig)
    USART_Init                               0x08004ca9   Thumb Code   204  stm32f4xx_usart.o(i.USART_Init)
    USART_ReceiveData                        0x08004d7d   Thumb Code    10  stm32f4xx_usart.o(i.USART_ReceiveData)
    UsageFault_Handler                       0x08004d87   Thumb Code     4  stm32f4xx_it.o(i.UsageFault_Handler)
    VelociteySolution                        0x08004d8d   Thumb Code   218  computation.o(i.VelociteySolution)
    W25N_BlockErase                          0x08004e75   Thumb Code    74  w25n.o(i.W25N_BlockErase)
    W25N_ChipErase                           0x08004ecd   Thumb Code    24  w25n.o(i.W25N_ChipErase)
    W25N_Configuration                       0x08004ee5   Thumb Code    84  w25n.o(i.W25N_Configuration)
    W25N_DataReceive                         0x08004f45   Thumb Code   156  w25n.o(i.W25N_DataReceive)
    W25N_DataWrirte                          0x08004ff1   Thumb Code   144  w25n.o(i.W25N_DataWrirte)
    W25N_SendData                            0x08005091   Thumb Code    50  w25n.o(i.W25N_SendData)
    W25N_WaitBusy                            0x080050d1   Thumb Code    56  w25n.o(i.W25N_WaitBusy)
    W25N_WriteEnable                         0x08005111   Thumb Code    32  w25n.o(i.W25N_WriteEnable)
    Yaw_Get                                  0x0800513d   Thumb Code   304  computation.o(i.Yaw_Get)
    __ARM_fpclassify                         0x08005281   Thumb Code    48  fpclassify.o(i.__ARM_fpclassify)
    __hardfp_asin                            0x080052b1   Thumb Code   770  asin.o(i.__hardfp_asin)
    __hardfp_atan                            0x08005611   Thumb Code   622  atan.o(i.__hardfp_atan)
    __hardfp_atan2                           0x080058e9   Thumb Code   432  atan2.o(i.__hardfp_atan2)
    __hardfp_cos                             0x08005ad9   Thumb Code   180  cos.o(i.__hardfp_cos)
    __hardfp_pow                             0x08005ba1   Thumb Code  3072  pow.o(i.__hardfp_pow)
    __hardfp_sin                             0x080067f1   Thumb Code   180  sin.o(i.__hardfp_sin)
    __hardfp_sqrt                            0x080068b9   Thumb Code   122  sqrt.o(i.__hardfp_sqrt)
    __ieee754_rem_pio2                       0x08006939   Thumb Code   938  rred.o(i.__ieee754_rem_pio2)
    __kernel_cos                             0x08006d71   Thumb Code   322  cos_i.o(i.__kernel_cos)
    __kernel_poly                            0x08006ee1   Thumb Code   248  poly.o(i.__kernel_poly)
    __kernel_sin                             0x08006fd9   Thumb Code   280  sin_i.o(i.__kernel_sin)
    __mathlib_dbl_divzero                    0x08007109   Thumb Code    28  dunder.o(i.__mathlib_dbl_divzero)
    __mathlib_dbl_infnan                     0x08007139   Thumb Code    20  dunder.o(i.__mathlib_dbl_infnan)
    __mathlib_dbl_infnan2                    0x0800714d   Thumb Code    20  dunder.o(i.__mathlib_dbl_infnan2)
    __mathlib_dbl_invalid                    0x08007161   Thumb Code    24  dunder.o(i.__mathlib_dbl_invalid)
    __mathlib_dbl_overflow                   0x08007181   Thumb Code    24  dunder.o(i.__mathlib_dbl_overflow)
    __mathlib_dbl_underflow                  0x080071a1   Thumb Code    24  dunder.o(i.__mathlib_dbl_underflow)
    _is_digit                                0x080071c1   Thumb Code    14  __printf_wp.o(i._is_digit)
    _sys_exit                                0x080071cf   Thumb Code     6  usart.o(i._sys_exit)
    atan                                     0x080071d5   Thumb Code    16  atan.o(i.atan)
    delay_ms                                 0x080071e5   Thumb Code    24  delay.o(i.delay_ms)
    delay_us                                 0x080071fd   Thumb Code    66  delay.o(i.delay_us)
    fabs                                     0x0800723f   Thumb Code    24  fabs.o(i.fabs)
    fputc                                    0x08007259   Thumb Code    22  usart.o(i.fputc)
    main                                     0x08007275   Thumb Code    76  main.o(i.main)
    sqrt                                     0x080072dd   Thumb Code   110  sqrt.o(i.sqrt)
    _get_lc_numeric                          0x0800734d   Thumb Code    44  lc_numeric_c.o(locale$$code)
    __aeabi_dneg                             0x08007379   Thumb Code     0  basic.o(x$fpl$basic)
    _dneg                                    0x08007379   Thumb Code     6  basic.o(x$fpl$basic)
    __aeabi_fneg                             0x0800737f   Thumb Code     0  basic.o(x$fpl$basic)
    _fneg                                    0x0800737f   Thumb Code     6  basic.o(x$fpl$basic)
    _dabs                                    0x08007385   Thumb Code     6  basic.o(x$fpl$basic)
    _fabs                                    0x0800738b   Thumb Code     6  basic.o(x$fpl$basic)
    __aeabi_dadd                             0x08007391   Thumb Code     0  daddsub_clz.o(x$fpl$dadd)
    _dadd                                    0x08007391   Thumb Code   332  daddsub_clz.o(x$fpl$dadd)
    __fpl_dcheck_NaN1                        0x080074e1   Thumb Code    10  dcheck1.o(x$fpl$dcheck1)
    __fpl_dcmp_Inf                           0x080074f1   Thumb Code    24  dcmpi.o(x$fpl$dcmpinf)
    __aeabi_ddiv                             0x08007509   Thumb Code     0  ddiv.o(x$fpl$ddiv)
    _ddiv                                    0x08007509   Thumb Code   552  ddiv.o(x$fpl$ddiv)
    __aeabi_d2iz                             0x080077b9   Thumb Code     0  dfix.o(x$fpl$dfix)
    _dfix                                    0x080077b9   Thumb Code    94  dfix.o(x$fpl$dfix)
    __aeabi_i2d                              0x08007817   Thumb Code     0  dflt_clz.o(x$fpl$dflt)
    _dflt                                    0x08007817   Thumb Code    46  dflt_clz.o(x$fpl$dflt)
    __aeabi_ui2d                             0x08007845   Thumb Code     0  dflt_clz.o(x$fpl$dfltu)
    _dfltu                                   0x08007845   Thumb Code    38  dflt_clz.o(x$fpl$dfltu)
    __aeabi_cdcmple                          0x0800786d   Thumb Code     0  dleqf.o(x$fpl$dleqf)
    _dcmple                                  0x0800786d   Thumb Code   120  dleqf.o(x$fpl$dleqf)
    __fpl_dcmple_InfNaN                      0x080078cf   Thumb Code     0  dleqf.o(x$fpl$dleqf)
    __aeabi_dmul                             0x080078e5   Thumb Code     0  dmul.o(x$fpl$dmul)
    _dmul                                    0x080078e5   Thumb Code   332  dmul.o(x$fpl$dmul)
    __fpl_dnaninf                            0x08007a39   Thumb Code   156  dnaninf.o(x$fpl$dnaninf)
    __fpl_dretinf                            0x08007ad5   Thumb Code    12  dretinf.o(x$fpl$dretinf)
    __aeabi_cdrcmple                         0x08007ae1   Thumb Code     0  drleqf.o(x$fpl$drleqf)
    _drcmple                                 0x08007ae1   Thumb Code   108  drleqf.o(x$fpl$drleqf)
    __aeabi_drsub                            0x08007b4d   Thumb Code     0  daddsub_clz.o(x$fpl$drsb)
    _drsb                                    0x08007b4d   Thumb Code    22  daddsub_clz.o(x$fpl$drsb)
    _dsqrt                                   0x08007b65   Thumb Code   404  dsqrt_umaal.o(x$fpl$dsqrt)
    __aeabi_dsub                             0x08007cfd   Thumb Code     0  daddsub_clz.o(x$fpl$dsub)
    _dsub                                    0x08007cfd   Thumb Code   464  daddsub_clz.o(x$fpl$dsub)
    _fp_init                                 0x08007ed1   Thumb Code    10  fpinit.o(x$fpl$fpinit)
    __fplib_config_fpu_vfp                   0x08007ed9   Thumb Code     0  fpinit.o(x$fpl$fpinit)
    __fplib_config_pureend_doubles           0x08007ed9   Thumb Code     0  fpinit.o(x$fpl$fpinit)
    _printf_fp_dec                           0x08007edb   Thumb Code     4  printf1.o(x$fpl$printf1)
    __fpl_return_NaN                         0x08007edf   Thumb Code   100  retnan.o(x$fpl$retnan)
    __ARM_scalbn                             0x08007f43   Thumb Code    92  scalbn.o(x$fpl$scalbn)
    __fpl_cmpreturn                          0x08007f9f   Thumb Code    48  trapv.o(x$fpl$trapveneer)
    __I$use$fp                               0x08007fce   Number         0  usenofp.o(x$fpl$usenofp)
    page_max                                 0x08007fce   Data           2  bmi055.o(.constdata)
    __mathlib_zero                           0x08008188   Data           8  qnan.o(.constdata)
    Region$$Table$$Base                      0x08008314   Number         0  anon$$obj.o(Region$$Table)
    Region$$Table$$Limit                     0x08008334   Number         0  anon$$obj.o(Region$$Table)
    __stdout                                 0x20000010   Data           4  usart.o(.data)
    USART1_RX_STA                            0x20000014   Data           2  usart.o(.data)
    USART2_RX_STA                            0x20000016   Data           2  usart.o(.data)
    USART3_RX_STA                            0x20000018   Data           2  usart.o(.data)
    location                                 0x20000020   Data           1  bmi055.o(.data)
    n                                        0x20000021   Data           1  bmi055.o(.data)
    acc_16                                   0x20000022   Data           2  bmi055.o(.data)
    gyr_16                                   0x20000024   Data           2  bmi055.o(.data)
    acc                                      0x20000028   Data           8  bmi055.o(.data)
    gyr                                      0x20000030   Data           8  bmi055.o(.data)
    data_number                              0x20000038   Data           4  bmi055.o(.data)
    final_number                             0x2000003c   Data           4  bmi055.o(.data)
    dt                                       0x20000040   Data           8  bmi055.o(.data)
    ACC_Range                                0x20000048   Data           4  bmi055.o(.data)
    GYR_Range                                0x2000004c   Data           4  bmi055.o(.data)
    page                                     0x20000052   Data           2  w25n.o(.data)
    Command_Flag                             0x20000058   Data           1  command.o(.data)
    pitch                                    0x20000060   Data           8  computation.o(.data)
    yaw                                      0x20000068   Data           8  computation.o(.data)
    roll                                     0x20000070   Data           8  computation.o(.data)
    T_11                                     0x20000078   Data           8  computation.o(.data)
    T_12                                     0x20000080   Data           8  computation.o(.data)
    T_13                                     0x20000088   Data           8  computation.o(.data)
    T_21                                     0x20000090   Data           8  computation.o(.data)
    T_22                                     0x20000098   Data           8  computation.o(.data)
    T_23                                     0x200000a0   Data           8  computation.o(.data)
    T_31                                     0x200000a8   Data           8  computation.o(.data)
    T_32                                     0x200000b0   Data           8  computation.o(.data)
    T_33                                     0x200000b8   Data           8  computation.o(.data)
    USART1_RX_BUF                            0x200000c0   Data          20  usart.o(.bss)
    USART2_RX_BUF                            0x200000d4   Data          20  usart.o(.bss)
    USART3_RX_BUF                            0x200000e8   Data          20  usart.o(.bss)
    bmi_buffer                               0x20000100   Data        2048  bmi055.o(.bss)
    bmi055_offset                            0x20000900   Data          48  bmi055.o(.bss)
    dq                                       0x20000930   Data          32  computation.o(.bss)
    w                                        0x20000950   Data          24  computation.o(.bss)
    q                                        0x20000968   Data          32  computation.o(.bss)
    acceleration_n                           0x20000988   Data          24  computation.o(.bss)
    velocity_n                               0x200009a0   Data          24  computation.o(.bss)
    position_n                               0x200009b8   Data          24  computation.o(.bss)
    __libspace_start                         0x200009d0   Data          96  libspace.o(.bss)
    __temporary_stack_top$libspace           0x20000a30   Data           0  libspace.o(.bss)



==============================================================================

Memory Map of the image

  Image Entry point : 0x08000189

  Load Region LR_IROM1 (Base: 0x08000000, Size: 0x00008410, Max: 0x00100000, ABSOLUTE)

    Execution Region ER_IROM1 (Exec base: 0x08000000, Load base: 0x08000000, Size: 0x00008350, Max: 0x00100000, ABSOLUTE)

    Exec Addr    Load Addr    Size         Type   Attr      Idx    E Section Name        Object

    0x08000000   0x08000000   0x00000188   Data   RO         4840    RESET               startup_stm32f40_41xxx.o
    0x08000188   0x08000188   0x00000008   Code   RO         5700  * !!!main             c_w.l(__main.o)
    0x08000190   0x08000190   0x00000034   Code   RO         6174    !!!scatter          c_w.l(__scatter.o)
    0x080001c4   0x080001c4   0x0000001a   Code   RO         6176    !!handler_copy      c_w.l(__scatter_copy.o)
    0x080001de   0x080001de   0x00000002   PAD
    0x080001e0   0x080001e0   0x0000001c   Code   RO         6178    !!handler_zi        c_w.l(__scatter_zi.o)
    0x080001fc   0x080001fc   0x00000000   Code   RO         5695    .ARM.Collect$$_printf_percent$$00000000  c_w.l(_printf_percent.o)
    0x080001fc   0x080001fc   0x00000006   Code   RO         5694    .ARM.Collect$$_printf_percent$$00000003  c_w.l(_printf_f.o)
    0x08000202   0x08000202   0x00000006   Code   RO         5692    .ARM.Collect$$_printf_percent$$00000009  c_w.l(_printf_d.o)
    0x08000208   0x08000208   0x00000006   Code   RO         5693    .ARM.Collect$$_printf_percent$$0000000A  c_w.l(_printf_u.o)
    0x0800020e   0x0800020e   0x00000006   Code   RO         5691    .ARM.Collect$$_printf_percent$$00000013  c_w.l(_printf_c.o)
    0x08000214   0x08000214   0x00000004   Code   RO         5868    .ARM.Collect$$_printf_percent$$00000017  c_w.l(_printf_percent_end.o)
    0x08000218   0x08000218   0x00000002   Code   RO         6044    .ARM.Collect$$libinit$$00000000  c_w.l(libinit.o)
    0x0800021a   0x0800021a   0x00000004   Code   RO         6045    .ARM.Collect$$libinit$$00000001  c_w.l(libinit2.o)
    0x0800021e   0x0800021e   0x00000000   Code   RO         6048    .ARM.Collect$$libinit$$00000004  c_w.l(libinit2.o)
    0x0800021e   0x0800021e   0x00000000   Code   RO         6051    .ARM.Collect$$libinit$$0000000A  c_w.l(libinit2.o)
    0x0800021e   0x0800021e   0x00000000   Code   RO         6053    .ARM.Collect$$libinit$$0000000C  c_w.l(libinit2.o)
    0x0800021e   0x0800021e   0x00000000   Code   RO         6055    .ARM.Collect$$libinit$$0000000E  c_w.l(libinit2.o)
    0x0800021e   0x0800021e   0x00000006   Code   RO         6056    .ARM.Collect$$libinit$$0000000F  c_w.l(libinit2.o)
    0x08000224   0x08000224   0x00000000   Code   RO         6058    .ARM.Collect$$libinit$$00000011  c_w.l(libinit2.o)
    0x08000224   0x08000224   0x00000000   Code   RO         6060    .ARM.Collect$$libinit$$00000013  c_w.l(libinit2.o)
    0x08000224   0x08000224   0x00000000   Code   RO         6062    .ARM.Collect$$libinit$$00000015  c_w.l(libinit2.o)
    0x08000224   0x08000224   0x0000000a   Code   RO         6063    .ARM.Collect$$libinit$$00000016  c_w.l(libinit2.o)
    0x0800022e   0x0800022e   0x00000000   Code   RO         6064    .ARM.Collect$$libinit$$00000017  c_w.l(libinit2.o)
    0x0800022e   0x0800022e   0x00000000   Code   RO         6066    .ARM.Collect$$libinit$$00000019  c_w.l(libinit2.o)
    0x0800022e   0x0800022e   0x00000000   Code   RO         6068    .ARM.Collect$$libinit$$0000001B  c_w.l(libinit2.o)
    0x0800022e   0x0800022e   0x00000000   Code   RO         6070    .ARM.Collect$$libinit$$0000001D  c_w.l(libinit2.o)
    0x0800022e   0x0800022e   0x00000000   Code   RO         6072    .ARM.Collect$$libinit$$0000001F  c_w.l(libinit2.o)
    0x0800022e   0x0800022e   0x00000000   Code   RO         6074    .ARM.Collect$$libinit$$00000021  c_w.l(libinit2.o)
    0x0800022e   0x0800022e   0x00000000   Code   RO         6076    .ARM.Collect$$libinit$$00000023  c_w.l(libinit2.o)
    0x0800022e   0x0800022e   0x00000000   Code   RO         6078    .ARM.Collect$$libinit$$00000025  c_w.l(libinit2.o)
    0x0800022e   0x0800022e   0x00000000   Code   RO         6082    .ARM.Collect$$libinit$$0000002C  c_w.l(libinit2.o)
    0x0800022e   0x0800022e   0x00000000   Code   RO         6084    .ARM.Collect$$libinit$$0000002E  c_w.l(libinit2.o)
    0x0800022e   0x0800022e   0x00000000   Code   RO         6086    .ARM.Collect$$libinit$$00000030  c_w.l(libinit2.o)
    0x0800022e   0x0800022e   0x00000000   Code   RO         6088    .ARM.Collect$$libinit$$00000032  c_w.l(libinit2.o)
    0x0800022e   0x0800022e   0x00000002   Code   RO         6089    .ARM.Collect$$libinit$$00000033  c_w.l(libinit2.o)
    0x08000230   0x08000230   0x00000002   Code   RO         6124    .ARM.Collect$$libshutdown$$00000000  c_w.l(libshutdown.o)
    0x08000232   0x08000232   0x00000000   Code   RO         6133    .ARM.Collect$$libshutdown$$00000002  c_w.l(libshutdown2.o)
    0x08000232   0x08000232   0x00000000   Code   RO         6135    .ARM.Collect$$libshutdown$$00000004  c_w.l(libshutdown2.o)
    0x08000232   0x08000232   0x00000000   Code   RO         6138    .ARM.Collect$$libshutdown$$00000007  c_w.l(libshutdown2.o)
    0x08000232   0x08000232   0x00000000   Code   RO         6141    .ARM.Collect$$libshutdown$$0000000A  c_w.l(libshutdown2.o)
    0x08000232   0x08000232   0x00000000   Code   RO         6143    .ARM.Collect$$libshutdown$$0000000C  c_w.l(libshutdown2.o)
    0x08000232   0x08000232   0x00000000   Code   RO         6146    .ARM.Collect$$libshutdown$$0000000F  c_w.l(libshutdown2.o)
    0x08000232   0x08000232   0x00000002   Code   RO         6147    .ARM.Collect$$libshutdown$$00000010  c_w.l(libshutdown2.o)
    0x08000234   0x08000234   0x00000000   Code   RO         5804    .ARM.Collect$$rtentry$$00000000  c_w.l(__rtentry.o)
    0x08000234   0x08000234   0x00000000   Code   RO         5951    .ARM.Collect$$rtentry$$00000002  c_w.l(__rtentry2.o)
    0x08000234   0x08000234   0x00000006   Code   RO         5963    .ARM.Collect$$rtentry$$00000004  c_w.l(__rtentry4.o)
    0x0800023a   0x0800023a   0x00000000   Code   RO         5953    .ARM.Collect$$rtentry$$00000009  c_w.l(__rtentry2.o)
    0x0800023a   0x0800023a   0x00000004   Code   RO         5954    .ARM.Collect$$rtentry$$0000000A  c_w.l(__rtentry2.o)
    0x0800023e   0x0800023e   0x00000000   Code   RO         5956    .ARM.Collect$$rtentry$$0000000C  c_w.l(__rtentry2.o)
    0x0800023e   0x0800023e   0x00000008   Code   RO         5957    .ARM.Collect$$rtentry$$0000000D  c_w.l(__rtentry2.o)
    0x08000246   0x08000246   0x00000002   Code   RO         6092    .ARM.Collect$$rtexit$$00000000  c_w.l(rtexit.o)
    0x08000248   0x08000248   0x00000000   Code   RO         6104    .ARM.Collect$$rtexit$$00000002  c_w.l(rtexit2.o)
    0x08000248   0x08000248   0x00000004   Code   RO         6105    .ARM.Collect$$rtexit$$00000003  c_w.l(rtexit2.o)
    0x0800024c   0x0800024c   0x00000006   Code   RO         6106    .ARM.Collect$$rtexit$$00000004  c_w.l(rtexit2.o)
    0x08000252   0x08000252   0x00000002   PAD
    0x08000254   0x08000254   0x00000040   Code   RO         4841    .text               startup_stm32f40_41xxx.o
    0x08000294   0x08000294   0x00000002   Code   RO         5657    .text               c_w.l(use_no_semi_2.o)
    0x08000296   0x08000296   0x00000002   PAD
    0x08000298   0x08000298   0x00000018   Code   RO         5661    .text               c_w.l(__2printf.o)
    0x080002b0   0x080002b0   0x00000052   Code   RO         5667    .text               c_w.l(_printf_str.o)
    0x08000302   0x08000302   0x00000002   PAD
    0x08000304   0x08000304   0x00000078   Code   RO         5669    .text               c_w.l(_printf_dec.o)
    0x0800037c   0x0800037c   0x00000188   Code   RO         5688    .text               c_w.l(__printf_flags_ss_wp.o)
    0x08000504   0x08000504   0x00000006   Code   RO         5698    .text               c_w.l(heapauxi.o)
    0x0800050a   0x0800050a   0x00000002   Code   RO         5802    .text               c_w.l(use_no_semi.o)
    0x0800050c   0x0800050c   0x00000016   Code   RO         5805    .text               c_w.l(_rserrno.o)
    0x08000522   0x08000522   0x000000b2   Code   RO         5811    .text               c_w.l(_printf_intcommon.o)
    0x080005d4   0x080005d4   0x0000041e   Code   RO         5815    .text               c_w.l(_printf_fp_dec.o)
    0x080009f2   0x080009f2   0x00000002   PAD
    0x080009f4   0x080009f4   0x00000030   Code   RO         5817    .text               c_w.l(_printf_char_common.o)
    0x08000a24   0x08000a24   0x0000002c   Code   RO         5823    .text               c_w.l(_printf_char.o)
    0x08000a50   0x08000a50   0x00000024   Code   RO         5825    .text               c_w.l(_printf_char_file.o)
    0x08000a74   0x08000a74   0x00000008   Code   RO         5968    .text               c_w.l(rt_locale_intlibspace.o)
    0x08000a7c   0x08000a7c   0x00000008   Code   RO         5973    .text               c_w.l(rt_errno_addr_intlibspace.o)
    0x08000a84   0x08000a84   0x0000008a   Code   RO         5975    .text               c_w.l(lludiv10.o)
    0x08000b0e   0x08000b0e   0x00000002   PAD
    0x08000b10   0x08000b10   0x00000080   Code   RO         5980    .text               c_w.l(_printf_fp_infnan.o)
    0x08000b90   0x08000b90   0x000000e4   Code   RO         5986    .text               c_w.l(bigflt0.o)
    0x08000c74   0x08000c74   0x00000008   Code   RO         6011    .text               c_w.l(ferror.o)
    0x08000c7c   0x08000c7c   0x00000008   Code   RO         6028    .text               c_w.l(libspace.o)
    0x08000c84   0x08000c84   0x0000004a   Code   RO         6031    .text               c_w.l(sys_stackheap_outer.o)
    0x08000cce   0x08000cce   0x00000012   Code   RO         6035    .text               c_w.l(exit.o)
    0x08000ce0   0x08000ce0   0x00000080   Code   RO         6037    .text               c_w.l(strcmpv7m.o)
    0x08000d60   0x08000d60   0x0000003e   Code   RO         5989    CL$$btod_d2e        c_w.l(btod.o)
    0x08000d9e   0x08000d9e   0x00000046   Code   RO         5991    CL$$btod_d2e_denorm_low  c_w.l(btod.o)
    0x08000de4   0x08000de4   0x00000060   Code   RO         5990    CL$$btod_d2e_norm_op1  c_w.l(btod.o)
    0x08000e44   0x08000e44   0x00000338   Code   RO         5999    CL$$btod_div_common  c_w.l(btod.o)
    0x0800117c   0x0800117c   0x000000dc   Code   RO         5996    CL$$btod_e2e        c_w.l(btod.o)
    0x08001258   0x08001258   0x0000002a   Code   RO         5993    CL$$btod_ediv       c_w.l(btod.o)
    0x08001282   0x08001282   0x0000002a   Code   RO         5992    CL$$btod_emul       c_w.l(btod.o)
    0x080012ac   0x080012ac   0x00000244   Code   RO         5998    CL$$btod_mult_common  c_w.l(btod.o)
    0x080014f0   0x080014f0   0x00000594   Code   RO         5576    i.AccelerationSolution  computation.o
    0x08001a84   0x08001a84   0x000000e4   Code   RO         5577    i.Acceleration_Get  computation.o
    0x08001b68   0x08001b68   0x000000d0   Code   RO         5578    i.AngularVelocity_Get  computation.o
    0x08001c38   0x08001c38   0x00000024   Code   RO         5579    i.AttitudeAngle_Init  computation.o
    0x08001c5c   0x08001c5c   0x0000058a   Code   RO         5580    i.AttitudeSolution  computation.o
    0x080021e6   0x080021e6   0x00000002   PAD
    0x080021e8   0x080021e8   0x00000254   Code   RO         5064    i.BMI055_Configuration  bmi055.o
    0x0800243c   0x0800243c   0x00000028   Code   RO         5065    i.BMI055_DataTransform  bmi055.o
    0x08002464   0x08002464   0x00000064   Code   RO         5066    i.BMI055_ReadBuffer  bmi055.o
    0x080024c8   0x080024c8   0x00000054   Code   RO         5068    i.BMI055_SendData   bmi055.o
    0x0800251c   0x0800251c   0x00000040   Code   RO         5265    i.BUZZER_Configuration  buzzer.o
    0x0800255c   0x0800255c   0x00000004   Code   RO         5364    i.BusFault_Handler  stm32f4xx_it.o
    0x08002560   0x08002560   0x00000028   Code   RO         5472    i.Commanad_ChipErase  command.o
    0x08002588   0x08002588   0x00000064   Code   RO         5473    i.Command_AccelerationDisplay  command.o
    0x080025ec   0x080025ec   0x00000124   Code   RO         5474    i.Command_AttitudeSolution  command.o
    0x08002710   0x08002710   0x00000094   Code   RO         5475    i.Command_BMI055_DataDisplay  command.o
    0x080027a4   0x080027a4   0x000000ec   Code   RO         5476    i.Command_BMI055_DataStorage  command.o
    0x08002890   0x08002890   0x0000018c   Code   RO         5477    i.Command_BMI055_OFFSET  command.o
    0x08002a1c   0x08002a1c   0x000000bc   Code   RO         5478    i.Command_Bmi055StartWork  command.o
    0x08002ad8   0x08002ad8   0x000000d0   Code   RO         5479    i.Command_Bmi055StopWork  command.o
    0x08002ba8   0x08002ba8   0x00000298   Code   RO         5480    i.Command_DataOutput  command.o
    0x08002e40   0x08002e40   0x000001b4   Code   RO         5481    i.Command_Execute   command.o
    0x08002ff4   0x08002ff4   0x00000070   Code   RO         5482    i.Command_PositionDisplay  command.o
    0x08003064   0x08003064   0x00000714   Code   RO         5483    i.Command_Q_Init    command.o
    0x08003778   0x08003778   0x00000028   Code   RO         5484    i.Command_StatusCheck  command.o
    0x080037a0   0x080037a0   0x00000070   Code   RO         5485    i.Command_VelocityDisplay  command.o
    0x08003810   0x08003810   0x00000002   Code   RO         5365    i.DebugMon_Handler  stm32f4xx_it.o
    0x08003812   0x08003812   0x00000010   Code   RO         5069    i.EXTI1_IRQHandler  bmi055.o
    0x08003822   0x08003822   0x00000010   Code   RO         5070    i.EXTI3_IRQHandler  bmi055.o
    0x08003832   0x08003832   0x00000002   PAD
    0x08003834   0x08003834   0x0000000c   Code   RO         1357    i.EXTI_ClearITPendingBit  stm32f4xx_exti.o
    0x08003840   0x08003840   0x00000018   Code   RO         1361    i.EXTI_GetITStatus  stm32f4xx_exti.o
    0x08003858   0x08003858   0x00000094   Code   RO         1362    i.EXTI_Init         stm32f4xx_exti.o
    0x080038ec   0x080038ec   0x00000024   Code   RO         1450    i.FLASH_PrefetchBufferCmd  stm32f4xx_flash.o
    0x08003910   0x08003910   0x0000000c   Code   RO         1455    i.FLASH_SetLatency  stm32f4xx_flash.o
    0x0800391c   0x0800391c   0x00000090   Code   RO         1833    i.GPIO_Init         stm32f4xx_gpio.o
    0x080039ac   0x080039ac   0x00000046   Code   RO         1834    i.GPIO_PinAFConfig  stm32f4xx_gpio.o
    0x080039f2   0x080039f2   0x00000004   Code   RO         5366    i.HardFault_Handler  stm32f4xx_it.o
    0x080039f6   0x080039f6   0x00000002   PAD
    0x080039f8   0x080039f8   0x00000038   Code   RO         5142    i.LED_Init          led.o
    0x08003a30   0x08003a30   0x00000004   Code   RO         5367    i.MemManage_Handler  stm32f4xx_it.o
    0x08003a34   0x08003a34   0x00000002   Code   RO         5368    i.NMI_Handler       stm32f4xx_it.o
    0x08003a36   0x08003a36   0x0000000c   Code   RO         5315    i.NVIC_Configuration  sys.o
    0x08003a42   0x08003a42   0x00000002   PAD
    0x08003a44   0x08003a44   0x00000078   Code   RO            3    i.NVIC_Init         misc.o
    0x08003abc   0x08003abc   0x00000014   Code   RO            4    i.NVIC_PriorityGroupConfig  misc.o
    0x08003ad0   0x08003ad0   0x00000002   Code   RO         5369    i.PendSV_Handler    stm32f4xx_it.o
    0x08003ad2   0x08003ad2   0x00000002   PAD
    0x08003ad4   0x08003ad4   0x0000009c   Code   RO         5581    i.Pitch_Get         computation.o
    0x08003b70   0x08003b70   0x000000e8   Code   RO         5582    i.PositionSolution  computation.o
    0x08003c58   0x08003c58   0x00000020   Code   RO         2697    i.RCC_AHB1PeriphClockCmd  stm32f4xx_rcc.o
    0x08003c78   0x08003c78   0x00000020   Code   RO         2706    i.RCC_APB1PeriphClockCmd  stm32f4xx_rcc.o
    0x08003c98   0x08003c98   0x00000020   Code   RO         2709    i.RCC_APB2PeriphClockCmd  stm32f4xx_rcc.o
    0x08003cb8   0x08003cb8   0x0000006c   Code   RO         5316    i.RCC_Configuration  sys.o
    0x08003d24   0x08003d24   0x00000064   Code   RO         2717    i.RCC_DeInit        stm32f4xx_rcc.o
    0x08003d88   0x08003d88   0x000000e8   Code   RO         2718    i.RCC_GetClocksFreq  stm32f4xx_rcc.o
    0x08003e70   0x08003e70   0x00000040   Code   RO         2719    i.RCC_GetFlagStatus  stm32f4xx_rcc.o
    0x08003eb0   0x08003eb0   0x00000010   Code   RO         2721    i.RCC_GetSYSCLKSource  stm32f4xx_rcc.o
    0x08003ec0   0x08003ec0   0x00000018   Code   RO         2722    i.RCC_HCLKConfig    stm32f4xx_rcc.o
    0x08003ed8   0x08003ed8   0x00000010   Code   RO         2723    i.RCC_HSEConfig     stm32f4xx_rcc.o
    0x08003ee8   0x08003ee8   0x00000018   Code   RO         2733    i.RCC_PCLK1Config   stm32f4xx_rcc.o
    0x08003f00   0x08003f00   0x00000018   Code   RO         2734    i.RCC_PCLK2Config   stm32f4xx_rcc.o
    0x08003f18   0x08003f18   0x0000000c   Code   RO         2735    i.RCC_PLLCmd        stm32f4xx_rcc.o
    0x08003f24   0x08003f24   0x00000024   Code   RO         2736    i.RCC_PLLConfig     stm32f4xx_rcc.o
    0x08003f48   0x08003f48   0x00000018   Code   RO         2747    i.RCC_SYSCLKConfig  stm32f4xx_rcc.o
    0x08003f60   0x08003f60   0x00000038   Code   RO         2749    i.RCC_WaitForHSEStartUp  stm32f4xx_rcc.o
    0x08003f98   0x08003f98   0x00000144   Code   RO         5583    i.Roll_Get          computation.o
    0x080040dc   0x080040dc   0x00000184   Code   RO         5242    i.SERVE_Configution  serve.o
    0x08004260   0x08004260   0x000000a8   Code   RO         5032    i.SPI1_Configuration  spi.o
    0x08004308   0x08004308   0x00000018   Code   RO         3814    i.SPI_Cmd           stm32f4xx_spi.o
    0x08004320   0x08004320   0x00000012   Code   RO         3822    i.SPI_I2S_GetFlagStatus  stm32f4xx_spi.o
    0x08004332   0x08004332   0x00000006   Code   RO         3825    i.SPI_I2S_ReceiveData  stm32f4xx_spi.o
    0x08004338   0x08004338   0x00000004   Code   RO         3826    i.SPI_I2S_SendData  stm32f4xx_spi.o
    0x0800433c   0x0800433c   0x0000003c   Code   RO         3827    i.SPI_Init          stm32f4xx_spi.o
    0x08004378   0x08004378   0x00000034   Code   RO         5034    i.SPI_ReadWriteByte  spi.o
    0x080043ac   0x080043ac   0x00000002   Code   RO         5370    i.SVC_Handler       stm32f4xx_it.o
    0x080043ae   0x080043ae   0x00000002   PAD
    0x080043b0   0x080043b0   0x00000040   Code   RO         3975    i.SYSCFG_EXTILineConfig  stm32f4xx_syscfg.o
    0x080043f0   0x080043f0   0x000000ec   Code   RO         5435    i.SetSysClock       system_stm32f4xx.o
    0x080044dc   0x080044dc   0x00000002   Code   RO         5371    i.SysTick_Handler   stm32f4xx_it.o
    0x080044de   0x080044de   0x00000002   PAD
    0x080044e0   0x080044e0   0x00000068   Code   RO         5437    i.SystemInit        system_stm32f4xx.o
    0x08004548   0x08004548   0x00000070   Code   RO         5071    i.TIM4_IRQHandler   bmi055.o
    0x080045b8   0x080045b8   0x00000018   Code   RO         4032    i.TIM_ARRPreloadConfig  stm32f4xx_tim.o
    0x080045d0   0x080045d0   0x00000006   Code   RO         4039    i.TIM_ClearITPendingBit  stm32f4xx_tim.o
    0x080045d6   0x080045d6   0x00000018   Code   RO         4044    i.TIM_Cmd           stm32f4xx_tim.o
    0x080045ee   0x080045ee   0x00000022   Code   RO         4065    i.TIM_GetITStatus   stm32f4xx_tim.o
    0x08004610   0x08004610   0x00000012   Code   RO         4069    i.TIM_ITConfig      stm32f4xx_tim.o
    0x08004622   0x08004622   0x00000002   PAD
    0x08004624   0x08004624   0x0000007c   Code   RO         4073    i.TIM_OC1Init       stm32f4xx_tim.o
    0x080046a0   0x080046a0   0x00000012   Code   RO         4076    i.TIM_OC1PreloadConfig  stm32f4xx_tim.o
    0x080046b2   0x080046b2   0x00000002   PAD
    0x080046b4   0x080046b4   0x000000a4   Code   RO         4078    i.TIM_OC2Init       stm32f4xx_tim.o
    0x08004758   0x08004758   0x0000001a   Code   RO         4081    i.TIM_OC2PreloadConfig  stm32f4xx_tim.o
    0x08004772   0x08004772   0x00000002   PAD
    0x08004774   0x08004774   0x000000a0   Code   RO         4083    i.TIM_OC3Init       stm32f4xx_tim.o
    0x08004814   0x08004814   0x00000012   Code   RO         4086    i.TIM_OC3PreloadConfig  stm32f4xx_tim.o
    0x08004826   0x08004826   0x00000002   PAD
    0x08004828   0x08004828   0x00000078   Code   RO         4088    i.TIM_OC4Init       stm32f4xx_tim.o
    0x080048a0   0x080048a0   0x0000001a   Code   RO         4090    i.TIM_OC4PreloadConfig  stm32f4xx_tim.o
    0x080048ba   0x080048ba   0x00000004   Code   RO         4106    i.TIM_SetCompare1   stm32f4xx_tim.o
    0x080048be   0x080048be   0x00000004   Code   RO         4107    i.TIM_SetCompare2   stm32f4xx_tim.o
    0x080048c2   0x080048c2   0x00000004   Code   RO         4108    i.TIM_SetCompare3   stm32f4xx_tim.o
    0x080048c6   0x080048c6   0x00000004   Code   RO         4109    i.TIM_SetCompare4   stm32f4xx_tim.o
    0x080048ca   0x080048ca   0x00000004   Code   RO         4110    i.TIM_SetCounter    stm32f4xx_tim.o
    0x080048ce   0x080048ce   0x00000002   PAD
    0x080048d0   0x080048d0   0x00000084   Code   RO         4116    i.TIM_TimeBaseInit  stm32f4xx_tim.o
    0x08004954   0x08004954   0x000000b0   Code   RO         4903    i.USART1_Configuration  usart.o
    0x08004a04   0x08004a04   0x000000a8   Code   RO         4904    i.USART1_IRQHandler  usart.o
    0x08004aac   0x08004aac   0x00000094   Code   RO         4907    i.USART2_IRQHandler  usart.o
    0x08004b40   0x08004b40   0x00000094   Code   RO         4910    i.USART3_IRQHandler  usart.o
    0x08004bd4   0x08004bd4   0x0000001e   Code   RO         4591    i.USART_ClearITPendingBit  stm32f4xx_usart.o
    0x08004bf2   0x08004bf2   0x00000018   Code   RO         4594    i.USART_Cmd         stm32f4xx_usart.o
    0x08004c0a   0x08004c0a   0x00000054   Code   RO         4598    i.USART_GetITStatus  stm32f4xx_usart.o
    0x08004c5e   0x08004c5e   0x0000004a   Code   RO         4600    i.USART_ITConfig    stm32f4xx_usart.o
    0x08004ca8   0x08004ca8   0x000000d4   Code   RO         4601    i.USART_Init        stm32f4xx_usart.o
    0x08004d7c   0x08004d7c   0x0000000a   Code   RO         4608    i.USART_ReceiveData  stm32f4xx_usart.o
    0x08004d86   0x08004d86   0x00000004   Code   RO         5372    i.UsageFault_Handler  stm32f4xx_it.o
    0x08004d8a   0x08004d8a   0x00000002   PAD
    0x08004d8c   0x08004d8c   0x000000e8   Code   RO         5584    i.VelociteySolution  computation.o
    0x08004e74   0x08004e74   0x00000058   Code   RO         5162    i.W25N_BlockErase   w25n.o
    0x08004ecc   0x08004ecc   0x00000018   Code   RO         5164    i.W25N_ChipErase    w25n.o
    0x08004ee4   0x08004ee4   0x00000060   Code   RO         5165    i.W25N_Configuration  w25n.o
    0x08004f44   0x08004f44   0x000000ac   Code   RO         5166    i.W25N_DataReceive  w25n.o
    0x08004ff0   0x08004ff0   0x000000a0   Code   RO         5167    i.W25N_DataWrirte   w25n.o
    0x08005090   0x08005090   0x00000040   Code   RO         5169    i.W25N_SendData     w25n.o
    0x080050d0   0x080050d0   0x00000040   Code   RO         5170    i.W25N_WaitBusy     w25n.o
    0x08005110   0x08005110   0x0000002c   Code   RO         5171    i.W25N_WriteEnable  w25n.o
    0x0800513c   0x0800513c   0x00000144   Code   RO         5585    i.Yaw_Get           computation.o
    0x08005280   0x08005280   0x00000030   Code   RO         5934    i.__ARM_fpclassify  m_wm.l(fpclassify.o)
    0x080052b0   0x080052b0   0x00000360   Code   RO         5726    i.__hardfp_asin     m_wm.l(asin.o)
    0x08005610   0x08005610   0x000002d8   Code   RO         5897    i.__hardfp_atan     m_wm.l(atan.o)
    0x080058e8   0x080058e8   0x000001f0   Code   RO         5740    i.__hardfp_atan2    m_wm.l(atan2.o)
    0x08005ad8   0x08005ad8   0x000000c8   Code   RO         5752    i.__hardfp_cos      m_wm.l(cos.o)
    0x08005ba0   0x08005ba0   0x00000c50   Code   RO         5764    i.__hardfp_pow      m_wm.l(pow.o)
    0x080067f0   0x080067f0   0x000000c8   Code   RO         5778    i.__hardfp_sin      m_wm.l(sin.o)
    0x080068b8   0x080068b8   0x0000007a   Code   RO         5790    i.__hardfp_sqrt     m_wm.l(sqrt.o)
    0x08006932   0x08006932   0x00000006   PAD
    0x08006938   0x08006938   0x00000438   Code   RO         5939    i.__ieee754_rem_pio2  m_wm.l(rred.o)
    0x08006d70   0x08006d70   0x00000170   Code   RO         5911    i.__kernel_cos      m_wm.l(cos_i.o)
    0x08006ee0   0x08006ee0   0x000000f8   Code   RO         5936    i.__kernel_poly     m_wm.l(poly.o)
    0x08006fd8   0x08006fd8   0x00000130   Code   RO         5944    i.__kernel_sin      m_wm.l(sin_i.o)
    0x08007108   0x08007108   0x00000030   Code   RO         5914    i.__mathlib_dbl_divzero  m_wm.l(dunder.o)
    0x08007138   0x08007138   0x00000014   Code   RO         5915    i.__mathlib_dbl_infnan  m_wm.l(dunder.o)
    0x0800714c   0x0800714c   0x00000014   Code   RO         5916    i.__mathlib_dbl_infnan2  m_wm.l(dunder.o)
    0x08007160   0x08007160   0x00000020   Code   RO         5917    i.__mathlib_dbl_invalid  m_wm.l(dunder.o)
    0x08007180   0x08007180   0x00000020   Code   RO         5918    i.__mathlib_dbl_overflow  m_wm.l(dunder.o)
    0x080071a0   0x080071a0   0x00000020   Code   RO         5920    i.__mathlib_dbl_underflow  m_wm.l(dunder.o)
    0x080071c0   0x080071c0   0x0000000e   Code   RO         5681    i._is_digit         c_w.l(__printf_wp.o)
    0x080071ce   0x080071ce   0x00000006   Code   RO         4912    i._sys_exit         usart.o
    0x080071d4   0x080071d4   0x00000010   Code   RO         5899    i.atan              m_wm.l(atan.o)
    0x080071e4   0x080071e4   0x00000018   Code   RO         5288    i.delay_ms          delay.o
    0x080071fc   0x080071fc   0x00000042   Code   RO         5289    i.delay_us          delay.o
    0x0800723e   0x0800723e   0x00000018   Code   RO         5930    i.fabs              m_wm.l(fabs.o)
    0x08007256   0x08007256   0x00000002   PAD
    0x08007258   0x08007258   0x0000001c   Code   RO         4913    i.fputc             usart.o
    0x08007274   0x08007274   0x00000068   Code   RO         5344    i.main              main.o
    0x080072dc   0x080072dc   0x0000006e   Code   RO         5792    i.sqrt              m_wm.l(sqrt.o)
    0x0800734a   0x0800734a   0x00000002   PAD
    0x0800734c   0x0800734c   0x0000002c   Code   RO         6018    locale$$code        c_w.l(lc_numeric_c.o)
    0x08007378   0x08007378   0x00000018   Code   RO         5702    x$fpl$basic         fz_wm.l(basic.o)
    0x08007390   0x08007390   0x00000150   Code   RO         5704    x$fpl$dadd          fz_wm.l(daddsub_clz.o)
    0x080074e0   0x080074e0   0x00000010   Code   RO         6020    x$fpl$dcheck1       fz_wm.l(dcheck1.o)
    0x080074f0   0x080074f0   0x00000018   Code   RO         5878    x$fpl$dcmpinf       fz_wm.l(dcmpi.o)
    0x08007508   0x08007508   0x000002b0   Code   RO         5711    x$fpl$ddiv          fz_wm.l(ddiv.o)
    0x080077b8   0x080077b8   0x0000005e   Code   RO         6022    x$fpl$dfix          fz_wm.l(dfix.o)
    0x08007816   0x08007816   0x0000002e   Code   RO         5715    x$fpl$dflt          fz_wm.l(dflt_clz.o)
    0x08007844   0x08007844   0x00000026   Code   RO         5714    x$fpl$dfltu         fz_wm.l(dflt_clz.o)
    0x0800786a   0x0800786a   0x00000002   PAD
    0x0800786c   0x0800786c   0x00000078   Code   RO         5720    x$fpl$dleqf         fz_wm.l(dleqf.o)
    0x080078e4   0x080078e4   0x00000154   Code   RO         5722    x$fpl$dmul          fz_wm.l(dmul.o)
    0x08007a38   0x08007a38   0x0000009c   Code   RO         5880    x$fpl$dnaninf       fz_wm.l(dnaninf.o)
    0x08007ad4   0x08007ad4   0x0000000c   Code   RO         5882    x$fpl$dretinf       fz_wm.l(dretinf.o)
    0x08007ae0   0x08007ae0   0x0000006c   Code   RO         5884    x$fpl$drleqf        fz_wm.l(drleqf.o)
    0x08007b4c   0x08007b4c   0x00000016   Code   RO         5705    x$fpl$drsb          fz_wm.l(daddsub_clz.o)
    0x08007b62   0x08007b62   0x00000002   PAD
    0x08007b64   0x08007b64   0x00000198   Code   RO         5886    x$fpl$dsqrt         fz_wm.l(dsqrt_umaal.o)
    0x08007cfc   0x08007cfc   0x000001d4   Code   RO         5706    x$fpl$dsub          fz_wm.l(daddsub_clz.o)
    0x08007ed0   0x08007ed0   0x0000000a   Code   RO         6099    x$fpl$fpinit        fz_wm.l(fpinit.o)
    0x08007eda   0x08007eda   0x00000004   Code   RO         5724    x$fpl$printf1       fz_wm.l(printf1.o)
    0x08007ede   0x08007ede   0x00000064   Code   RO         6090    x$fpl$retnan        fz_wm.l(retnan.o)
    0x08007f42   0x08007f42   0x0000005c   Code   RO         5894    x$fpl$scalbn        fz_wm.l(scalbn.o)
    0x08007f9e   0x08007f9e   0x00000030   Code   RO         6101    x$fpl$trapveneer    fz_wm.l(trapv.o)
    0x08007fce   0x08007fce   0x00000000   Code   RO         5896    x$fpl$usenofp       fz_wm.l(usenofp.o)
    0x08007fce   0x08007fce   0x00000002   Data   RO         5073    .constdata          bmi055.o
    0x08007fd0   0x08007fd0   0x00000011   Data   RO         5689    .constdata          c_w.l(__printf_flags_ss_wp.o)
    0x08007fe1   0x08007fe1   0x00000007   PAD
    0x08007fe8   0x08007fe8   0x00000050   Data   RO         5729    .constdata          m_wm.l(asin.o)
    0x08008038   0x08008038   0x00000088   Data   RO         5767    .constdata          m_wm.l(pow.o)
    0x080080c0   0x080080c0   0x00000098   Data   RO         5900    .constdata          m_wm.l(atan.o)
    0x08008158   0x08008158   0x00000030   Data   RO         5912    .constdata          m_wm.l(cos_i.o)
    0x08008188   0x08008188   0x00000008   Data   RO         5938    .constdata          m_wm.l(qnan.o)
    0x08008190   0x08008190   0x000000c8   Data   RO         5941    .constdata          m_wm.l(rred.o)
    0x08008258   0x08008258   0x00000028   Data   RO         5945    .constdata          m_wm.l(sin_i.o)
    0x08008280   0x08008280   0x00000094   Data   RO         5987    .constdata          c_w.l(bigflt0.o)
    0x08008314   0x08008314   0x00000020   Data   RO         6172    Region$$Table       anon$$obj.o
    0x08008334   0x08008334   0x0000001c   Data   RO         6017    locale$$data        c_w.l(lc_numeric_c.o)


    Execution Region RW_IRAM1 (Exec base: 0x20000000, Load base: 0x08008350, Size: 0x00001030, Max: 0x00020000, ABSOLUTE)

    Exec Addr    Load Addr    Size         Type   Attr      Idx    E Section Name        Object

    0x20000000   0x08008350   0x00000010   Data   RW         2750    .data               stm32f4xx_rcc.o
    0x20000010   0x08008360   0x0000000a   Data   RW         4915    .data               usart.o
    0x2000001a   0x0800836a   0x00000006   PAD
    0x20000020   0x08008370   0x00000032   Data   RW         5074    .data               bmi055.o
    0x20000052   0x080083a2   0x00000006   Data   RW         5172    .data               w25n.o
    0x20000058   0x080083a8   0x00000001   Data   RW         5486    .data               command.o
    0x20000059   0x080083a9   0x00000007   PAD
    0x20000060   0x080083b0   0x00000060   Data   RW         5587    .data               computation.o
    0x200000c0        -       0x0000003c   Zero   RW         4914    .bss                usart.o
    0x200000fc   0x08008410   0x00000004   PAD
    0x20000100        -       0x00000830   Zero   RW         5072    .bss                bmi055.o
    0x20000930        -       0x000000a0   Zero   RW         5586    .bss                computation.o
    0x200009d0        -       0x00000060   Zero   RW         6029    .bss                c_w.l(libspace.o)
    0x20000a30        -       0x00000200   Zero   RW         4839    HEAP                startup_stm32f40_41xxx.o
    0x20000c30        -       0x00000400   Zero   RW         4838    STACK               startup_stm32f40_41xxx.o


==============================================================================

Image component sizes


      Code (inc. data)   RO Data    RW Data    ZI Data      Debug   Object Name

       964         88          2         50       2096       7181   bmi055.o
        64         10          0          0          0        559   buzzer.o
      4784       1042          0          1          0       9024   command.o
      4586        274          0         96        160       7502   computation.o
        90          0          0          0          0       1038   delay.o
        56         10          0          0          0        515   led.o
       104         28          0          0          0        499   main.o
       140         24          0          0          0     293651   misc.o
       388         16          0          0          0        900   serve.o
       220          8          0          0          0       1665   spi.o
        64         26        392          0       1536        832   startup_stm32f40_41xxx.o
       184         16          0          0          0       2160   stm32f4xx_exti.o
        48         12          0          0          0       1057   stm32f4xx_flash.o
       214          0          0          0          0       1851   stm32f4xx_gpio.o
        26          0          0          0          0       4094   stm32f4xx_it.o
       724        102          0         16          0      10871   stm32f4xx_rcc.o
       112          0          0          0          0       3534   stm32f4xx_spi.o
        64          4          0          0          0        640   stm32f4xx_syscfg.o
       914         66          0          0          0      12234   stm32f4xx_tim.o
       434          8          0          0          0       4952   stm32f4xx_usart.o
       120          0          0          0          0       1073   sys.o
       340         32          0          0          0       1621   system_stm32f4xx.o
       674         60          0         10         60       6473   usart.o
       712         92          0          6          0       5219   w25n.o

    ----------------------------------------------------------------------
     16052       1918        426        192       3856     379145   Object Totals
         0          0         32          0          0          0   (incl. Generated)
        26          0          0         13          4          0   (incl. Padding)

    ----------------------------------------------------------------------

      Code (inc. data)   RO Data    RW Data    ZI Data      Debug   Library Member Name

        24          4          0          0          0         84   __2printf.o
         8          0          0          0          0         68   __main.o
       392          4         17          0          0         92   __printf_flags_ss_wp.o
        14          0          0          0          0         68   __printf_wp.o
         0          0          0          0          0          0   __rtentry.o
        12          0          0          0          0          0   __rtentry2.o
         6          0          0          0          0          0   __rtentry4.o
        52          8          0          0          0          0   __scatter.o
        26          0          0          0          0          0   __scatter_copy.o
        28          0          0          0          0          0   __scatter_zi.o
         6          0          0          0          0          0   _printf_c.o
        44          0          0          0          0        108   _printf_char.o
        48          6          0          0          0         96   _printf_char_common.o
        36          4          0          0          0         80   _printf_char_file.o
         6          0          0          0          0          0   _printf_d.o
       120         16          0          0          0         92   _printf_dec.o
         6          0          0          0          0          0   _printf_f.o
      1054          0          0          0          0        216   _printf_fp_dec.o
       128         16          0          0          0         84   _printf_fp_infnan.o
       178          0          0          0          0         88   _printf_intcommon.o
         0          0          0          0          0          0   _printf_percent.o
         4          0          0          0          0          0   _printf_percent_end.o
        82          0          0          0          0         80   _printf_str.o
         6          0          0          0          0          0   _printf_u.o
        22          0          0          0          0        100   _rserrno.o
       228          4        148          0          0         96   bigflt0.o
      1936        128          0          0          0        672   btod.o
        18          0          0          0          0         80   exit.o
         8          0          0          0          0         68   ferror.o
         6          0          0          0          0        152   heapauxi.o
        44         10         28          0          0         76   lc_numeric_c.o
         2          0          0          0          0          0   libinit.o
        22          0          0          0          0          0   libinit2.o
         2          0          0          0          0          0   libshutdown.o
         2          0          0          0          0          0   libshutdown2.o
         8          4          0          0         96         68   libspace.o
       138          0          0          0          0         80   lludiv10.o
         8          4          0          0          0         68   rt_errno_addr_intlibspace.o
         8          4          0          0          0         68   rt_locale_intlibspace.o
         2          0          0          0          0          0   rtexit.o
        10          0          0          0          0          0   rtexit2.o
       128          0          0          0          0         68   strcmpv7m.o
        74          0          0          0          0         80   sys_stackheap_outer.o
         2          0          0          0          0         68   use_no_semi.o
         2          0          0          0          0         68   use_no_semi_2.o
        24          0          0          0          0        164   basic.o
       826         16          0          0          0        492   daddsub_clz.o
        16          4          0          0          0        116   dcheck1.o
        24          0          0          0          0        116   dcmpi.o
       688        140          0          0          0        256   ddiv.o
        94          4          0          0          0        140   dfix.o
        84          0          0          0          0        232   dflt_clz.o
       120          4          0          0          0        140   dleqf.o
       340         12          0          0          0        152   dmul.o
       156          4          0          0          0        140   dnaninf.o
        12          0          0          0          0        116   dretinf.o
       108          0          0          0          0        128   drleqf.o
       408         56          0          0          0        168   dsqrt_umaal.o
        10          0          0          0          0        116   fpinit.o
         4          0          0          0          0        116   printf1.o
       100          0          0          0          0        116   retnan.o
        92          0          0          0          0        116   scalbn.o
        48          0          0          0          0        116   trapv.o
         0          0          0          0          0          0   usenofp.o
       864         94         80          0          0        280   asin.o
       744        106        152          0          0        352   atan.o
       496         64          0          0          0        192   atan2.o
       200         20          0          0          0        164   cos.o
       368         46         48          0          0        200   cos_i.o
       184         44          0          0          0        744   dunder.o
        24          0          0          0          0        124   fabs.o
        48          0          0          0          0        124   fpclassify.o
       248          0          0          0          0        152   poly.o
      3152        296        136          0          0        352   pow.o
         0          0          8          0          0          0   qnan.o
      1080        142        200          0          0        188   rred.o
       200         20          0          0          0        164   sin.o
       304         24         40          0          0        208   sin_i.o
       232          0          0          0          0        296   sqrt.o

    ----------------------------------------------------------------------
     16274       1308        864          0         96       9448   Library Totals
        26          0          7          0          0          0   (incl. Padding)

    ----------------------------------------------------------------------

      Code (inc. data)   RO Data    RW Data    ZI Data      Debug   Library Name

      4950        212        193          0         96       2968   c_w.l
      3154        240          0          0          0       2940   fz_wm.l
      8144        856        664          0          0       3540   m_wm.l

    ----------------------------------------------------------------------
     16274       1308        864          0         96       9448   Library Totals

    ----------------------------------------------------------------------

==============================================================================


      Code (inc. data)   RO Data    RW Data    ZI Data      Debug   

     32326       3226       1290        192       3952     371481   Grand Totals
     32326       3226       1290        192       3952     371481   ELF Image Totals
     32326       3226       1290        192          0          0   ROM Totals

==============================================================================

    Total RO  Size (Code + RO Data)                33616 (  32.83kB)
    Total RW  Size (RW Data + ZI Data)              4144 (   4.05kB)
    Total ROM Size (Code + RO Data + RW Data)      33808 (  33.02kB)

==============================================================================

