Component: ARM Compiler 5.06 update 6 (build 750) Tool: armlink [4d35ed]

==============================================================================

Section Cross References

    stm32f4xx_adc.o(i.ADC_DeInit) refers to stm32f4xx_rcc.o(i.RCC_APB2PeriphResetCmd) for RCC_APB2PeriphResetCmd
    stm32f4xx_can.o(i.CAN_DeInit) refers to stm32f4xx_rcc.o(i.RCC_APB1PeriphResetCmd) for RCC_APB1PeriphResetCmd
    stm32f4xx_can.o(i.CAN_GetITStatus) refers to stm32f4xx_can.o(i.CheckITStatus) for CheckITStatus
    stm32f4xx_cryp.o(i.CRYP_DeInit) refers to stm32f4xx_rcc.o(i.RCC_AHB2PeriphResetCmd) for RCC_AHB2PeriphResetCmd
    stm32f4xx_cryp_aes.o(i.CRYP_AES_CBC) refers to stm32f4xx_cryp.o(i.CRYP_KeyStructInit) for CRYP_KeyStructInit
    stm32f4xx_cryp_aes.o(i.CRYP_AES_CBC) refers to stm32f4xx_cryp.o(i.CRYP_FIFOFlush) for CRYP_FIFOFlush
    stm32f4xx_cryp_aes.o(i.CRYP_AES_CBC) refers to stm32f4xx_cryp.o(i.CRYP_Init) for CRYP_Init
    stm32f4xx_cryp_aes.o(i.CRYP_AES_CBC) refers to stm32f4xx_cryp.o(i.CRYP_KeyInit) for CRYP_KeyInit
    stm32f4xx_cryp_aes.o(i.CRYP_AES_CBC) refers to stm32f4xx_cryp.o(i.CRYP_Cmd) for CRYP_Cmd
    stm32f4xx_cryp_aes.o(i.CRYP_AES_CBC) refers to stm32f4xx_cryp.o(i.CRYP_GetFlagStatus) for CRYP_GetFlagStatus
    stm32f4xx_cryp_aes.o(i.CRYP_AES_CBC) refers to stm32f4xx_cryp.o(i.CRYP_IVInit) for CRYP_IVInit
    stm32f4xx_cryp_aes.o(i.CRYP_AES_CBC) refers to stm32f4xx_cryp.o(i.CRYP_GetCmdStatus) for CRYP_GetCmdStatus
    stm32f4xx_cryp_aes.o(i.CRYP_AES_CBC) refers to stm32f4xx_cryp.o(i.CRYP_DataIn) for CRYP_DataIn
    stm32f4xx_cryp_aes.o(i.CRYP_AES_CBC) refers to stm32f4xx_cryp.o(i.CRYP_DataOut) for CRYP_DataOut
    stm32f4xx_cryp_aes.o(i.CRYP_AES_CCM) refers to stm32f4xx_cryp.o(i.CRYP_KeyStructInit) for CRYP_KeyStructInit
    stm32f4xx_cryp_aes.o(i.CRYP_AES_CCM) refers to stm32f4xx_cryp.o(i.CRYP_FIFOFlush) for CRYP_FIFOFlush
    stm32f4xx_cryp_aes.o(i.CRYP_AES_CCM) refers to stm32f4xx_cryp.o(i.CRYP_KeyInit) for CRYP_KeyInit
    stm32f4xx_cryp_aes.o(i.CRYP_AES_CCM) refers to stm32f4xx_cryp.o(i.CRYP_IVInit) for CRYP_IVInit
    stm32f4xx_cryp_aes.o(i.CRYP_AES_CCM) refers to stm32f4xx_cryp.o(i.CRYP_Init) for CRYP_Init
    stm32f4xx_cryp_aes.o(i.CRYP_AES_CCM) refers to stm32f4xx_cryp.o(i.CRYP_PhaseConfig) for CRYP_PhaseConfig
    stm32f4xx_cryp_aes.o(i.CRYP_AES_CCM) refers to stm32f4xx_cryp.o(i.CRYP_DataIn) for CRYP_DataIn
    stm32f4xx_cryp_aes.o(i.CRYP_AES_CCM) refers to stm32f4xx_cryp.o(i.CRYP_Cmd) for CRYP_Cmd
    stm32f4xx_cryp_aes.o(i.CRYP_AES_CCM) refers to stm32f4xx_cryp.o(i.CRYP_GetCmdStatus) for CRYP_GetCmdStatus
    stm32f4xx_cryp_aes.o(i.CRYP_AES_CCM) refers to stm32f4xx_cryp.o(i.CRYP_GetFlagStatus) for CRYP_GetFlagStatus
    stm32f4xx_cryp_aes.o(i.CRYP_AES_CCM) refers to stm32f4xx_cryp.o(i.CRYP_DataOut) for CRYP_DataOut
    stm32f4xx_cryp_aes.o(i.CRYP_AES_CTR) refers to stm32f4xx_cryp.o(i.CRYP_KeyStructInit) for CRYP_KeyStructInit
    stm32f4xx_cryp_aes.o(i.CRYP_AES_CTR) refers to stm32f4xx_cryp.o(i.CRYP_KeyInit) for CRYP_KeyInit
    stm32f4xx_cryp_aes.o(i.CRYP_AES_CTR) refers to stm32f4xx_cryp.o(i.CRYP_Init) for CRYP_Init
    stm32f4xx_cryp_aes.o(i.CRYP_AES_CTR) refers to stm32f4xx_cryp.o(i.CRYP_IVInit) for CRYP_IVInit
    stm32f4xx_cryp_aes.o(i.CRYP_AES_CTR) refers to stm32f4xx_cryp.o(i.CRYP_FIFOFlush) for CRYP_FIFOFlush
    stm32f4xx_cryp_aes.o(i.CRYP_AES_CTR) refers to stm32f4xx_cryp.o(i.CRYP_Cmd) for CRYP_Cmd
    stm32f4xx_cryp_aes.o(i.CRYP_AES_CTR) refers to stm32f4xx_cryp.o(i.CRYP_GetCmdStatus) for CRYP_GetCmdStatus
    stm32f4xx_cryp_aes.o(i.CRYP_AES_CTR) refers to stm32f4xx_cryp.o(i.CRYP_DataIn) for CRYP_DataIn
    stm32f4xx_cryp_aes.o(i.CRYP_AES_CTR) refers to stm32f4xx_cryp.o(i.CRYP_GetFlagStatus) for CRYP_GetFlagStatus
    stm32f4xx_cryp_aes.o(i.CRYP_AES_CTR) refers to stm32f4xx_cryp.o(i.CRYP_DataOut) for CRYP_DataOut
    stm32f4xx_cryp_aes.o(i.CRYP_AES_ECB) refers to stm32f4xx_cryp.o(i.CRYP_KeyStructInit) for CRYP_KeyStructInit
    stm32f4xx_cryp_aes.o(i.CRYP_AES_ECB) refers to stm32f4xx_cryp.o(i.CRYP_FIFOFlush) for CRYP_FIFOFlush
    stm32f4xx_cryp_aes.o(i.CRYP_AES_ECB) refers to stm32f4xx_cryp.o(i.CRYP_Init) for CRYP_Init
    stm32f4xx_cryp_aes.o(i.CRYP_AES_ECB) refers to stm32f4xx_cryp.o(i.CRYP_KeyInit) for CRYP_KeyInit
    stm32f4xx_cryp_aes.o(i.CRYP_AES_ECB) refers to stm32f4xx_cryp.o(i.CRYP_Cmd) for CRYP_Cmd
    stm32f4xx_cryp_aes.o(i.CRYP_AES_ECB) refers to stm32f4xx_cryp.o(i.CRYP_GetFlagStatus) for CRYP_GetFlagStatus
    stm32f4xx_cryp_aes.o(i.CRYP_AES_ECB) refers to stm32f4xx_cryp.o(i.CRYP_GetCmdStatus) for CRYP_GetCmdStatus
    stm32f4xx_cryp_aes.o(i.CRYP_AES_ECB) refers to stm32f4xx_cryp.o(i.CRYP_DataIn) for CRYP_DataIn
    stm32f4xx_cryp_aes.o(i.CRYP_AES_ECB) refers to stm32f4xx_cryp.o(i.CRYP_DataOut) for CRYP_DataOut
    stm32f4xx_cryp_aes.o(i.CRYP_AES_GCM) refers to stm32f4xx_cryp.o(i.CRYP_KeyStructInit) for CRYP_KeyStructInit
    stm32f4xx_cryp_aes.o(i.CRYP_AES_GCM) refers to stm32f4xx_cryp.o(i.CRYP_FIFOFlush) for CRYP_FIFOFlush
[...]
    ../clib/printf_percent.s                 0x00000000   Number         0  _printf_g.o ABSOLUTE
    ../clib/printf_percent.s                 0x00000000   Number         0  _printf_lli.o ABSOLUTE
    ../clib/printf_percent.s                 0x00000000   Number         0  _printf_o.o ABSOLUTE
    ../clib/printf_percent.s                 0x00000000   Number         0  _printf_f.o ABSOLUTE
    ../clib/printf_percent.s                 0x00000000   Number         0  _printf_c.o ABSOLUTE
    ../clib/signal.c                         0x00000000   Number         0  defsig_other.o ABSOLUTE
    ../clib/signal.c                         0x00000000   Number         0  defsig_segv_inner.o ABSOLUTE
    ../clib/signal.c                         0x00000000   Number         0  defsig_cppl_inner.o ABSOLUTE
    ../clib/signal.c                         0x00000000   Number         0  defsig_pvfn_inner.o ABSOLUTE
    ../clib/signal.c                         0x00000000   Number         0  defsig_general.o ABSOLUTE
    ../clib/signal.c                         0x00000000   Number         0  defsig_stak_inner.o ABSOLUTE
    ../clib/signal.c                         0x00000000   Number         0  defsig_rtred_inner.o ABSOLUTE
    ../clib/signal.c                         0x00000000   Number         0  defsig_fpe_inner.o ABSOLUTE
    ../clib/signal.c                         0x00000000   Number         0  defsig_abrt_inner.o ABSOLUTE
    ../clib/signal.c                         0x00000000   Number         0  defsig_rtmem_formal.o ABSOLUTE
    ../clib/signal.c                         0x00000000   Number         0  defsig_rtmem_inner.o ABSOLUTE
    ../clib/signal.c                         0x00000000   Number         0  defsig_exit.o ABSOLUTE
    ../clib/signal.c                         0x00000000   Number         0  __raise.o ABSOLUTE
    ../clib/signal.c                         0x00000000   Number         0  defsig_rtmem_outer.o ABSOLUTE
    ../clib/signal.s                         0x00000000   Number         0  defsig.o ABSOLUTE
    ../clib/stdio.c                          0x00000000   Number         0  ferror_locked.o ABSOLUTE
    ../clib/stdio.c                          0x00000000   Number         0  ferror.o ABSOLUTE
    ../clib/stdlib.c                         0x00000000   Number         0  exit.o ABSOLUTE
    ../clib/string.c                         0x00000000   Number         0  strlen.o ABSOLUTE
    ../fplib/d2f.s                           0x00000000   Number         0  d2f.o ABSOLUTE
    ../fplib/ddiv.s                          0x00000000   Number         0  ddiv.o ABSOLUTE
    ../fplib/dflt.s                          0x00000000   Number         0  dflt_clz.o ABSOLUTE
    ../fplib/dmul.s                          0x00000000   Number         0  dmul.o ABSOLUTE
    ../fplib/dnaninf.s                       0x00000000   Number         0  dnaninf.o ABSOLUTE
    ../fplib/dretinf.s                       0x00000000   Number         0  dretinf.o ABSOLUTE
    ../fplib/f2d.s                           0x00000000   Number         0  f2d.o ABSOLUTE
    ../fplib/fnaninf.s                       0x00000000   Number         0  fnaninf.o ABSOLUTE
    ../fplib/fpinit.s                        0x00000000   Number         0  fpinit.o ABSOLUTE
    ../fplib/fretinf.s                       0x00000000   Number         0  fretinf.o ABSOLUTE
    ../fplib/istatus.s                       0x00000000   Number         0  istatus.o ABSOLUTE
    ../fplib/printf1.s                       0x00000000   Number         0  printf1.o ABSOLUTE
    ../fplib/printf2.s                       0x00000000   Number         0  printf2.o ABSOLUTE
    ../fplib/printf2a.s                      0x00000000   Number         0  printf2a.o ABSOLUTE
    ../fplib/printf2b.s                      0x00000000   Number         0  printf2b.o ABSOLUTE
    ../fplib/usenofp.s                       0x00000000   Number         0  usenofp.o ABSOLUTE
    ../mathlib/fpclassify.c                  0x00000000   Number         0  fpclassify.o ABSOLUTE
    ..\Basic\src\misc.c                      0x00000000   Number         0  misc.o ABSOLUTE
    ..\Basic\src\stm32f4xx_adc.c             0x00000000   Number         0  stm32f4xx_adc.o ABSOLUTE
    ..\Basic\src\stm32f4xx_can.c             0x00000000   Number         0  stm32f4xx_can.o ABSOLUTE
    ..\Basic\src\stm32f4xx_crc.c             0x00000000   Number         0  stm32f4xx_crc.o ABSOLUTE
    ..\Basic\src\stm32f4xx_cryp.c            0x00000000   Number         0  stm32f4xx_cryp.o ABSOLUTE
    ..\Basic\src\stm32f4xx_cryp_aes.c        0x00000000   Number         0  stm32f4xx_cryp_aes.o ABSOLUTE
    ..\Basic\src\stm32f4xx_cryp_des.c        0x00000000   Number         0  stm32f4xx_cryp_des.o ABSOLUTE
    ..\Basic\src\stm32f4xx_cryp_tdes.c       0x00000000   Number         0  stm32f4xx_cryp_tdes.o ABSOLUTE
    ..\Basic\src\stm32f4xx_dac.c             0x00000000   Number         0  stm32f4xx_dac.o ABSOLUTE
    ..\Basic\src\stm32f4xx_dbgmcu.c          0x00000000   Number         0  stm32f4xx_dbgmcu.o ABSOLUTE
    ..\Basic\src\stm32f4xx_dcmi.c            0x00000000   Number         0  stm32f4xx_dcmi.o ABSOLUTE
    ..\Basic\src\stm32f4xx_dma.c             0x00000000   Number         0  stm32f4xx_dma.o ABSOLUTE
    ..\Basic\src\stm32f4xx_dma2d.c           0x00000000   Number         0  stm32f4xx_dma2d.o ABSOLUTE
    ..\Basic\src\stm32f4xx_exti.c            0x00000000   Number         0  stm32f4xx_exti.o ABSOLUTE
    ..\Basic\src\stm32f4xx_flash.c           0x00000000   Number         0  stm32f4xx_flash.o ABSOLUTE
    ..\Basic\src\stm32f4xx_flash_ramfunc.c   0x00000000   Number         0  stm32f4xx_flash_ramfunc.o ABSOLUTE
    ..\Basic\src\stm32f4xx_fsmc.c            0x00000000   Number         0  stm32f4xx_fsmc.o ABSOLUTE
    ..\Basic\src\stm32f4xx_gpio.c            0x00000000   Number         0  stm32f4xx_gpio.o ABSOLUTE
    ..\Basic\src\stm32f4xx_hash.c            0x00000000   Number         0  stm32f4xx_hash.o ABSOLUTE
    ..\Basic\src\stm32f4xx_hash_md5.c        0x00000000   Number         0  stm32f4xx_hash_md5.o ABSOLUTE
    ..\Basic\src\stm32f4xx_hash_sha1.c       0x00000000   Number         0  stm32f4xx_hash_sha1.o ABSOLUTE
    ..\Basic\src\stm32f4xx_i2c.c             0x00000000   Number         0  stm32f4xx_i2c.o ABSOLUTE
    ..\Basic\src\stm32f4xx_iwdg.c            0x00000000   Number         0  stm32f4xx_iwdg.o ABSOLUTE
    ..\Basic\src\stm32f4xx_ltdc.c            0x00000000   Number         0  stm32f4xx_ltdc.o ABSOLUTE
    ..\Basic\src\stm32f4xx_pwr.c             0x00000000   Number         0  stm32f4xx_pwr.o ABSOLUTE
    ..\Basic\src\stm32f4xx_rcc.c             0x00000000   Number         0  stm32f4xx_rcc.o ABSOLUTE
    ..\Basic\src\stm32f4xx_rng.c             0x00000000   Number         0  stm32f4xx_rng.o ABSOLUTE
    ..\Basic\src\stm32f4xx_rtc.c             0x00000000   Number         0  stm32f4xx_rtc.o ABSOLUTE
    ..\Basic\src\stm32f4xx_sai.c             0x00000000   Number         0  stm32f4xx_sai.o ABSOLUTE
    ..\Basic\src\stm32f4xx_sdio.c            0x00000000   Number         0  stm32f4xx_sdio.o ABSOLUTE
    ..\Basic\src\stm32f4xx_spi.c             0x00000000   Number         0  stm32f4xx_spi.o ABSOLUTE
    ..\Basic\src\stm32f4xx_syscfg.c          0x00000000   Number         0  stm32f4xx_syscfg.o ABSOLUTE
    ..\Basic\src\stm32f4xx_tim.c             0x00000000   Number         0  stm32f4xx_tim.o ABSOLUTE
    ..\Basic\src\stm32f4xx_usart.c           0x00000000   Number         0  stm32f4xx_usart.o ABSOLUTE
    ..\Basic\src\stm32f4xx_wwdg.c            0x00000000   Number         0  stm32f4xx_wwdg.o ABSOLUTE
    ..\CMSIS\startup_stm32f40_41xxx.s        0x00000000   Number         0  startup_stm32f40_41xxx.o ABSOLUTE
    ..\HardWare\BMI055\bmi055.c              0x00000000   Number         0  bmi055.o ABSOLUTE
    ..\HardWare\IIC\iic.c                    0x00000000   Number         0  iic.o ABSOLUTE
    ..\HardWare\IIC\myiic.c                  0x00000000   Number         0  myiic.o ABSOLUTE
    ..\HardWare\LED\led.c                    0x00000000   Number         0  led.o ABSOLUTE
    ..\HardWare\SPI\spi.c                    0x00000000   Number         0  spi.o ABSOLUTE
    ..\HardWare\USART\usart.c                0x00000000   Number         0  usart.o ABSOLUTE
    ..\HardWare\W25\w25.c                    0x00000000   Number         0  w25.o ABSOLUTE
    ..\System\delay\delay.c                  0x00000000   Number         0  delay.o ABSOLUTE
    ..\System\sys\sys.c                      0x00000000   Number         0  sys.o ABSOLUTE
    ..\User\main.c                           0x00000000   Number         0  main.o ABSOLUTE
    ..\User\stm32f4xx_it.c                   0x00000000   Number         0  stm32f4xx_it.o ABSOLUTE
    ..\User\system_stm32f4xx.c               0x00000000   Number         0  system_stm32f4xx.o ABSOLUTE
    ..\\Basic\\src\\misc.c                   0x00000000   Number         0  misc.o ABSOLUTE
    ..\\Basic\\src\\stm32f4xx_adc.c          0x00000000   Number         0  stm32f4xx_adc.o ABSOLUTE
    ..\\Basic\\src\\stm32f4xx_can.c          0x00000000   Number         0  stm32f4xx_can.o ABSOLUTE
    ..\\Basic\\src\\stm32f4xx_crc.c          0x00000000   Number         0  stm32f4xx_crc.o ABSOLUTE
    ..\\Basic\\src\\stm32f4xx_cryp.c         0x00000000   Number         0  stm32f4xx_cryp.o ABSOLUTE
    ..\\Basic\\src\\stm32f4xx_cryp_aes.c     0x00000000   Number         0  stm32f4xx_cryp_aes.o ABSOLUTE
    ..\\Basic\\src\\stm32f4xx_cryp_des.c     0x00000000   Number         0  stm32f4xx_cryp_des.o ABSOLUTE
    ..\\Basic\\src\\stm32f4xx_cryp_tdes.c    0x00000000   Number         0  stm32f4xx_cryp_tdes.o ABSOLUTE
    ..\\Basic\\src\\stm32f4xx_dac.c          0x00000000   Number         0  stm32f4xx_dac.o ABSOLUTE
    ..\\Basic\\src\\stm32f4xx_dbgmcu.c       0x00000000   Number         0  stm32f4xx_dbgmcu.o ABSOLUTE
    ..\\Basic\\src\\stm32f4xx_dcmi.c         0x00000000   Number         0  stm32f4xx_dcmi.o ABSOLUTE
    ..\\Basic\\src\\stm32f4xx_dma.c          0x00000000   Number         0  stm32f4xx_dma.o ABSOLUTE
    ..\\Basic\\src\\stm32f4xx_dma2d.c        0x00000000   Number         0  stm32f4xx_dma2d.o ABSOLUTE
    ..\\Basic\\src\\stm32f4xx_exti.c         0x00000000   Number         0  stm32f4xx_exti.o ABSOLUTE
    ..\\Basic\\src\\stm32f4xx_flash.c        0x00000000   Number         0  stm32f4xx_flash.o ABSOLUTE
    ..\\Basic\\src\\stm32f4xx_flash_ramfunc.c 0x00000000   Number         0  stm32f4xx_flash_ramfunc.o ABSOLUTE
    ..\\Basic\\src\\stm32f4xx_fsmc.c         0x00000000   Number         0  stm32f4xx_fsmc.o ABSOLUTE
    ..\\Basic\\src\\stm32f4xx_gpio.c         0x00000000   Number         0  stm32f4xx_gpio.o ABSOLUTE
    ..\\Basic\\src\\stm32f4xx_hash.c         0x00000000   Number         0  stm32f4xx_hash.o ABSOLUTE
    ..\\Basic\\src\\stm32f4xx_hash_md5.c     0x00000000   Number         0  stm32f4xx_hash_md5.o ABSOLUTE
    ..\\Basic\\src\\stm32f4xx_hash_sha1.c    0x00000000   Number         0  stm32f4xx_hash_sha1.o ABSOLUTE
    ..\\Basic\\src\\stm32f4xx_i2c.c          0x00000000   Number         0  stm32f4xx_i2c.o ABSOLUTE
    ..\\Basic\\src\\stm32f4xx_iwdg.c         0x00000000   Number         0  stm32f4xx_iwdg.o ABSOLUTE
    ..\\Basic\\src\\stm32f4xx_ltdc.c         0x00000000   Number         0  stm32f4xx_ltdc.o ABSOLUTE
    ..\\Basic\\src\\stm32f4xx_pwr.c          0x00000000   Number         0  stm32f4xx_pwr.o ABSOLUTE
    ..\\Basic\\src\\stm32f4xx_rcc.c          0x00000000   Number         0  stm32f4xx_rcc.o ABSOLUTE
    ..\\Basic\\src\\stm32f4xx_rng.c          0x00000000   Number         0  stm32f4xx_rng.o ABSOLUTE
    ..\\Basic\\src\\stm32f4xx_rtc.c          0x00000000   Number         0  stm32f4xx_rtc.o ABSOLUTE
    ..\\Basic\\src\\stm32f4xx_sai.c          0x00000000   Number         0  stm32f4xx_sai.o ABSOLUTE
    ..\\Basic\\src\\stm32f4xx_sdio.c         0x00000000   Number         0  stm32f4xx_sdio.o ABSOLUTE
    ..\\Basic\\src\\stm32f4xx_spi.c          0x00000000   Number         0  stm32f4xx_spi.o ABSOLUTE
    ..\\Basic\\src\\stm32f4xx_syscfg.c       0x00000000   Number         0  stm32f4xx_syscfg.o ABSOLUTE
    ..\\Basic\\src\\stm32f4xx_tim.c          0x00000000   Number         0  stm32f4xx_tim.o ABSOLUTE
    ..\\Basic\\src\\stm32f4xx_usart.c        0x00000000   Number         0  stm32f4xx_usart.o ABSOLUTE
    ..\\Basic\\src\\stm32f4xx_wwdg.c         0x00000000   Number         0  stm32f4xx_wwdg.o ABSOLUTE
    ..\\HardWare\\BMI055\\bmi055.c           0x00000000   Number         0  bmi055.o ABSOLUTE
    ..\\HardWare\\IIC\\iic.c                 0x00000000   Number         0  iic.o ABSOLUTE
    ..\\HardWare\\IIC\\myiic.c               0x00000000   Number         0  myiic.o ABSOLUTE
    ..\\HardWare\\LED\\led.c                 0x00000000   Number         0  led.o ABSOLUTE
    ..\\HardWare\\SPI\\spi.c                 0x00000000   Number         0  spi.o ABSOLUTE
    ..\\HardWare\\USART\\usart.c             0x00000000   Number         0  usart.o ABSOLUTE
    ..\\HardWare\\W25\\w25.c                 0x00000000   Number         0  w25.o ABSOLUTE
    ..\\System\\delay\\delay.c               0x00000000   Number         0  delay.o ABSOLUTE
    ..\\System\\sys\\sys.c                   0x00000000   Number         0  sys.o ABSOLUTE
    ..\\User\\main.c                         0x00000000   Number         0  main.o ABSOLUTE
    ..\\User\\stm32f4xx_it.c                 0x00000000   Number         0  stm32f4xx_it.o ABSOLUTE
    ..\\User\\system_stm32f4xx.c             0x00000000   Number         0  system_stm32f4xx.o ABSOLUTE
    dc.s                                     0x00000000   Number         0  dc.o ABSOLUTE
    RESET                                    0x08000000   Section      392  startup_stm32f40_41xxx.o(RESET)
    !!!main                                  0x08000188   Section        8  __main.o(!!!main)
    !!!scatter                               0x08000190   Section       52  __scatter.o(!!!scatter)
    !!handler_copy                           0x080001c4   Section       26  __scatter_copy.o(!!handler_copy)
    !!handler_zi                             0x080001e0   Section       28  __scatter_zi.o(!!handler_zi)
    .ARM.Collect$$_printf_percent$$00000000  0x080001fc   Section        0  _printf_percent.o(.ARM.Collect$$_printf_percent$$00000000)
    .ARM.Collect$$_printf_percent$$00000003  0x080001fc   Section        6  _printf_f.o(.ARM.Collect$$_printf_percent$$00000003)
    .ARM.Collect$$_printf_percent$$00000013  0x08000202   Section        6  _printf_c.o(.ARM.Collect$$_printf_percent$$00000013)
    .ARM.Collect$$_printf_percent$$00000017  0x08000208   Section        4  _printf_percent_end.o(.ARM.Collect$$_printf_percent$$00000017)
    .ARM.Collect$$libinit$$00000000          0x0800020c   Section        2  libinit.o(.ARM.Collect$$libinit$$00000000)
    .ARM.Collect$$libinit$$00000001          0x0800020e   Section        4  libinit2.o(.ARM.Collect$$libinit$$00000001)
    .ARM.Collect$$libinit$$00000004          0x08000212   Section        0  libinit2.o(.ARM.Collect$$libinit$$00000004)
    .ARM.Collect$$libinit$$0000000A          0x08000212   Section        0  libinit2.o(.ARM.Collect$$libinit$$0000000A)
    .ARM.Collect$$libinit$$0000000C          0x08000212   Section        0  libinit2.o(.ARM.Collect$$libinit$$0000000C)
    .ARM.Collect$$libinit$$0000000E          0x08000212   Section        0  libinit2.o(.ARM.Collect$$libinit$$0000000E)
    .ARM.Collect$$libinit$$0000000F          0x08000212   Section        6  libinit2.o(.ARM.Collect$$libinit$$0000000F)
    .ARM.Collect$$libinit$$00000011          0x08000218   Section        0  libinit2.o(.ARM.Collect$$libinit$$00000011)
    .ARM.Collect$$libinit$$00000013          0x08000218   Section        0  libinit2.o(.ARM.Collect$$libinit$$00000013)
    .ARM.Collect$$libinit$$00000015          0x08000218   Section        0  libinit2.o(.ARM.Collect$$libinit$$00000015)
    .ARM.Collect$$libinit$$00000016          0x08000218   Section       10  libinit2.o(.ARM.Collect$$libinit$$00000016)
    .ARM.Collect$$libinit$$00000017          0x08000222   Section        0  libinit2.o(.ARM.Collect$$libinit$$00000017)
    .ARM.Collect$$libinit$$00000019          0x08000222   Section        0  libinit2.o(.ARM.Collect$$libinit$$00000019)
    .ARM.Collect$$libinit$$0000001B          0x08000222   Section        0  libinit2.o(.ARM.Collect$$libinit$$0000001B)
    .ARM.Collect$$libinit$$0000001D          0x08000222   Section        0  libinit2.o(.ARM.Collect$$libinit$$0000001D)
    .ARM.Collect$$libinit$$0000001F          0x08000222   Section        0  libinit2.o(.ARM.Collect$$libinit$$0000001F)
    .ARM.Collect$$libinit$$00000021          0x08000222   Section        0  libinit2.o(.ARM.Collect$$libinit$$00000021)
    .ARM.Collect$$libinit$$00000023          0x08000222   Section        0  libinit2.o(.ARM.Collect$$libinit$$00000023)
    .ARM.Collect$$libinit$$00000025          0x08000222   Section        0  libinit2.o(.ARM.Collect$$libinit$$00000025)
    .ARM.Collect$$libinit$$0000002C          0x08000222   Section        0  libinit2.o(.ARM.Collect$$libinit$$0000002C)
    .ARM.Collect$$libinit$$0000002E          0x08000222   Section        0  libinit2.o(.ARM.Collect$$libinit$$0000002E)
    .ARM.Collect$$libinit$$00000030          0x08000222   Section        0  libinit2.o(.ARM.Collect$$libinit$$00000030)
    .ARM.Collect$$libinit$$00000032          0x08000222   Section        0  libinit2.o(.ARM.Collect$$libinit$$00000032)
    .ARM.Collect$$libinit$$00000033          0x08000222   Section        2  libinit2.o(.ARM.Collect$$libinit$$00000033)
    .ARM.Collect$$libshutdown$$00000000      0x08000224   Section        2  libshutdown.o(.ARM.Collect$$libshutdown$$00000000)
    .ARM.Collect$$libshutdown$$00000002      0x08000226   Section        0  libshutdown2.o(.ARM.Collect$$libshutdown$$00000002)
    .ARM.Collect$$libshutdown$$00000004      0x08000226   Section        0  libshutdown2.o(.ARM.Collect$$libshutdown$$00000004)
    .ARM.Collect$$libshutdown$$00000007      0x08000226   Section        0  libshutdown2.o(.ARM.Collect$$libshutdown$$00000007)
    .ARM.Collect$$libshutdown$$0000000A      0x08000226   Section        0  libshutdown2.o(.ARM.Collect$$libshutdown$$0000000A)
    .ARM.Collect$$libshutdown$$0000000C      0x08000226   Section        0  libshutdown2.o(.ARM.Collect$$libshutdown$$0000000C)
    .ARM.Collect$$libshutdown$$0000000F      0x08000226   Section        0  libshutdown2.o(.ARM.Collect$$libshutdown$$0000000F)
    .ARM.Collect$$libshutdown$$00000010      0x08000226   Section        2  libshutdown2.o(.ARM.Collect$$libshutdown$$00000010)
    .ARM.Collect$$rtentry$$00000000          0x08000228   Section        0  __rtentry.o(.ARM.Collect$$rtentry$$00000000)
    .ARM.Collect$$rtentry$$00000002          0x08000228   Section        0  __rtentry2.o(.ARM.Collect$$rtentry$$00000002)
    .ARM.Collect$$rtentry$$00000004          0x08000228   Section        6  __rtentry4.o(.ARM.Collect$$rtentry$$00000004)
    .ARM.Collect$$rtentry$$00000009          0x0800022e   Section        0  __rtentry2.o(.ARM.Collect$$rtentry$$00000009)
    .ARM.Collect$$rtentry$$0000000A          0x0800022e   Section        4  __rtentry2.o(.ARM.Collect$$rtentry$$0000000A)
    .ARM.Collect$$rtentry$$0000000C          0x08000232   Section        0  __rtentry2.o(.ARM.Collect$$rtentry$$0000000C)
    .ARM.Collect$$rtentry$$0000000D          0x08000232   Section        8  __rtentry2.o(.ARM.Collect$$rtentry$$0000000D)
    .ARM.Collect$$rtexit$$00000000           0x0800023a   Section        2  rtexit.o(.ARM.Collect$$rtexit$$00000000)
    .ARM.Collect$$rtexit$$00000002           0x0800023c   Section        0  rtexit2.o(.ARM.Collect$$rtexit$$00000002)
    .ARM.Collect$$rtexit$$00000003           0x0800023c   Section        4  rtexit2.o(.ARM.Collect$$rtexit$$00000003)
    .ARM.Collect$$rtexit$$00000004           0x08000240   Section        6  rtexit2.o(.ARM.Collect$$rtexit$$00000004)
    .text                                    0x08000248   Section       64  startup_stm32f40_41xxx.o(.text)
    $v0                                      0x08000248   Number         0  startup_stm32f40_41xxx.o(.text)
    .text                                    0x08000288   Section        2  use_no_semi_2.o(.text)
    .text                                    0x0800028c   Section        0  __2printf.o(.text)
    .text                                    0x080002a4   Section        0  _printf_str.o(.text)
    .text                                    0x080002f8   Section        0  __printf_flags_ss_wp.o(.text)
    .text                                    0x08000480   Section        0  heapauxi.o(.text)
    .text                                    0x08000486   Section        2  use_no_semi.o(.text)
    .text                                    0x08000488   Section        0  _printf_fp_dec.o(.text)
    _fp_digits                               0x0800048b   Thumb Code   432  _printf_fp_dec.o(.text)
    .text                                    0x080008a8   Section        0  _printf_char_common.o(.text)
    _printf_input_char                       0x080008a9   Thumb Code    10  _printf_char_common.o(.text)
    .text                                    0x080008d8   Section        0  _printf_char.o(.text)
    .text                                    0x08000904   Section        0  _printf_char_file.o(.text)
    .text                                    0x08000928   Section        8  rt_locale_intlibspace.o(.text)
    .text                                    0x08000930   Section      138  lludiv10.o(.text)
    .text                                    0x080009bc   Section        0  _printf_fp_infnan.o(.text)
    .text                                    0x08000a3c   Section        0  bigflt0.o(.text)
    .text                                    0x08000b20   Section        0  ferror.o(.text)
    .text                                    0x08000b28   Section        8  libspace.o(.text)
    .text                                    0x08000b30   Section       74  sys_stackheap_outer.o(.text)
    .text                                    0x08000b7a   Section        0  exit.o(.text)
    .text                                    0x08000b8c   Section      128  strcmpv7m.o(.text)
    CL$$btod_d2e                             0x08000c0c   Section       62  btod.o(CL$$btod_d2e)
    CL$$btod_d2e_denorm_low                  0x08000c4a   Section       70  btod.o(CL$$btod_d2e_denorm_low)
    CL$$btod_d2e_norm_op1                    0x08000c90   Section       96  btod.o(CL$$btod_d2e_norm_op1)
    CL$$btod_div_common                      0x08000cf0   Section      824  btod.o(CL$$btod_div_common)
    CL$$btod_e2e                             0x08001028   Section      220  btod.o(CL$$btod_e2e)
    CL$$btod_ediv                            0x08001104   Section       42  btod.o(CL$$btod_ediv)
    CL$$btod_emul                            0x0800112e   Section       42  btod.o(CL$$btod_emul)
    CL$$btod_mult_common                     0x08001158   Section      580  btod.o(CL$$btod_mult_common)
    i.BMI055_Configuration                   0x0800139c   Section        0  bmi055.o(i.BMI055_Configuration)
    i.BMI055_ReadBuffer                      0x080014b0   Section        0  bmi055.o(i.BMI055_ReadBuffer)
    i.BMI055_SendData                        0x08001514   Section        0  bmi055.o(i.BMI055_SendData)
    i.BusFault_Handler                       0x08001568   Section        0  stm32f4xx_it.o(i.BusFault_Handler)
    i.DebugMon_Handler                       0x0800156c   Section        0  stm32f4xx_it.o(i.DebugMon_Handler)
    i.EXTI1_IRQHandler                       0x0800156e   Section        0  bmi055.o(i.EXTI1_IRQHandler)
    i.EXTI3_IRQHandler                       0x0800157e   Section        0  bmi055.o(i.EXTI3_IRQHandler)
    i.EXTI_ClearITPendingBit                 0x08001590   Section        0  stm32f4xx_exti.o(i.EXTI_ClearITPendingBit)
    i.EXTI_GetITStatus                       0x0800159c   Section        0  stm32f4xx_exti.o(i.EXTI_GetITStatus)
    i.EXTI_Init                              0x080015b4   Section        0  stm32f4xx_exti.o(i.EXTI_Init)
    i.FLASH_PrefetchBufferCmd                0x08001648   Section        0  stm32f4xx_flash.o(i.FLASH_PrefetchBufferCmd)
    i.FLASH_SetLatency                       0x0800166c   Section        0  stm32f4xx_flash.o(i.FLASH_SetLatency)
    i.GPIO_Init                              0x08001678   Section        0  stm32f4xx_gpio.o(i.GPIO_Init)
    i.GPIO_PinAFConfig                       0x08001708   Section        0  stm32f4xx_gpio.o(i.GPIO_PinAFConfig)
    i.HardFault_Handler                      0x0800174e   Section        0  stm32f4xx_it.o(i.HardFault_Handler)
    i.LED_Init                               0x08001754   Section        0  led.o(i.LED_Init)
    i.MemManage_Handler                      0x0800178c   Section        0  stm32f4xx_it.o(i.MemManage_Handler)
    i.NMI_Handler                            0x08001790   Section        0  stm32f4xx_it.o(i.NMI_Handler)
    i.NVIC_Configuration                     0x08001792   Section        0  sys.o(i.NVIC_Configuration)
    i.NVIC_Init                              0x080017a0   Section        0  misc.o(i.NVIC_Init)
    i.NVIC_PriorityGroupConfig               0x08001818   Section        0  misc.o(i.NVIC_PriorityGroupConfig)
    i.PendSV_Handler                         0x0800182c   Section        0  stm32f4xx_it.o(i.PendSV_Handler)
    i.RCC_AHB1PeriphClockCmd                 0x08001830   Section        0  stm32f4xx_rcc.o(i.RCC_AHB1PeriphClockCmd)
    i.RCC_APB2PeriphClockCmd                 0x08001850   Section        0  stm32f4xx_rcc.o(i.RCC_APB2PeriphClockCmd)
    i.RCC_Configuration                      0x08001870   Section        0  sys.o(i.RCC_Configuration)
    i.RCC_DeInit                             0x080018dc   Section        0  stm32f4xx_rcc.o(i.RCC_DeInit)
    i.RCC_GetClocksFreq                      0x08001940   Section        0  stm32f4xx_rcc.o(i.RCC_GetClocksFreq)
    i.RCC_GetFlagStatus                      0x08001a28   Section        0  stm32f4xx_rcc.o(i.RCC_GetFlagStatus)
    i.RCC_GetSYSCLKSource                    0x08001a68   Section        0  stm32f4xx_rcc.o(i.RCC_GetSYSCLKSource)
    i.RCC_HCLKConfig                         0x08001a78   Section        0  stm32f4xx_rcc.o(i.RCC_HCLKConfig)
    i.RCC_HSEConfig                          0x08001a90   Section        0  stm32f4xx_rcc.o(i.RCC_HSEConfig)
    i.RCC_PCLK1Config                        0x08001aa0   Section        0  stm32f4xx_rcc.o(i.RCC_PCLK1Config)
    i.RCC_PCLK2Config                        0x08001ab8   Section        0  stm32f4xx_rcc.o(i.RCC_PCLK2Config)
    i.RCC_PLLCmd                             0x08001ad0   Section        0  stm32f4xx_rcc.o(i.RCC_PLLCmd)
    i.RCC_PLLConfig                          0x08001adc   Section        0  stm32f4xx_rcc.o(i.RCC_PLLConfig)
    i.RCC_SYSCLKConfig                       0x08001b00   Section        0  stm32f4xx_rcc.o(i.RCC_SYSCLKConfig)
    i.RCC_WaitForHSEStartUp                  0x08001b18   Section        0  stm32f4xx_rcc.o(i.RCC_WaitForHSEStartUp)
    i.SPI1_Configuration                     0x08001b50   Section        0  spi.o(i.SPI1_Configuration)
    i.SPI_Cmd                                0x08001bf8   Section        0  stm32f4xx_spi.o(i.SPI_Cmd)
    i.SPI_I2S_GetFlagStatus                  0x08001c10   Section        0  stm32f4xx_spi.o(i.SPI_I2S_GetFlagStatus)
    i.SPI_I2S_ReceiveData                    0x08001c22   Section        0  stm32f4xx_spi.o(i.SPI_I2S_ReceiveData)
    i.SPI_I2S_SendData                       0x08001c28   Section        0  stm32f4xx_spi.o(i.SPI_I2S_SendData)
    i.SPI_Init                               0x08001c2c   Section        0  stm32f4xx_spi.o(i.SPI_Init)
    i.SPI_ReadWriteByte                      0x08001c68   Section        0  spi.o(i.SPI_ReadWriteByte)
    i.SVC_Handler                            0x08001c9c   Section        0  stm32f4xx_it.o(i.SVC_Handler)
    i.SYSCFG_EXTILineConfig                  0x08001ca0   Section        0  stm32f4xx_syscfg.o(i.SYSCFG_EXTILineConfig)
    i.SetSysClock                            0x08001ce0   Section        0  system_stm32f4xx.o(i.SetSysClock)
    SetSysClock                              0x08001ce1   Thumb Code   220  system_stm32f4xx.o(i.SetSysClock)
    i.SysTick_Handler                        0x08001dcc   Section        0  stm32f4xx_it.o(i.SysTick_Handler)
    i.SystemInit                             0x08001dd0   Section        0  system_stm32f4xx.o(i.SystemInit)
    i.USART1_Configuration                   0x08001e38   Section        0  usart.o(i.USART1_Configuration)
    i.USART1_IRQHandler                      0x08001ee4   Section        0  usart.o(i.USART1_IRQHandler)
    i.USART2_IRQHandler                      0x08001f78   Section        0  usart.o(i.USART2_IRQHandler)
    i.USART3_IRQHandler                      0x0800200c   Section        0  usart.o(i.USART3_IRQHandler)
    i.USART_Cmd                              0x080020a0   Section        0  stm32f4xx_usart.o(i.USART_Cmd)
    i.USART_GetITStatus                      0x080020b8   Section        0  stm32f4xx_usart.o(i.USART_GetITStatus)
    i.USART_ITConfig                         0x0800210c   Section        0  stm32f4xx_usart.o(i.USART_ITConfig)
    i.USART_Init                             0x08002158   Section        0  stm32f4xx_usart.o(i.USART_Init)
    i.USART_ReceiveData                      0x0800222c   Section        0  stm32f4xx_usart.o(i.USART_ReceiveData)
    i.UsageFault_Handler                     0x08002236   Section        0  stm32f4xx_it.o(i.UsageFault_Handler)
    i.__ARM_fpclassify                       0x0800223a   Section        0  fpclassify.o(i.__ARM_fpclassify)
    i._is_digit                              0x0800226a   Section        0  __printf_wp.o(i._is_digit)
    i._sys_exit                              0x08002278   Section        0  usart.o(i._sys_exit)
    i.delay_ms                               0x0800227e   Section        0  delay.o(i.delay_ms)
    i.delay_us                               0x08002296   Section        0  delay.o(i.delay_us)
    i.fputc                                  0x080022d8   Section        0  usart.o(i.fputc)
    i.main                                   0x080022f4   Section        0  main.o(i.main)
    locale$$code                             0x080023a8   Section       44  lc_numeric_c.o(locale$$code)
    x$fpl$d2f                                0x080023d4   Section       98  d2f.o(x$fpl$d2f)
    $v0                                      0x080023d4   Number         0  d2f.o(x$fpl$d2f)
    x$fpl$ddiv                               0x08002438   Section      688  ddiv.o(x$fpl$ddiv)
    $v0                                      0x08002438   Number         0  ddiv.o(x$fpl$ddiv)
    ddiv_entry                               0x0800243f   Thumb Code     0  ddiv.o(x$fpl$ddiv)
    x$fpl$dflt                               0x080026e8   Section       46  dflt_clz.o(x$fpl$dflt)
    $v0                                      0x080026e8   Number         0  dflt_clz.o(x$fpl$dflt)
    x$fpl$dmul                               0x08002718   Section      340  dmul.o(x$fpl$dmul)
    $v0                                      0x08002718   Number         0  dmul.o(x$fpl$dmul)
    x$fpl$dnaninf                            0x0800286c   Section      156  dnaninf.o(x$fpl$dnaninf)
    $v0                                      0x0800286c   Number         0  dnaninf.o(x$fpl$dnaninf)
    x$fpl$dretinf                            0x08002908   Section       12  dretinf.o(x$fpl$dretinf)
    $v0                                      0x08002908   Number         0  dretinf.o(x$fpl$dretinf)
    x$fpl$f2d                                0x08002914   Section       86  f2d.o(x$fpl$f2d)
    $v0                                      0x08002914   Number         0  f2d.o(x$fpl$f2d)
    x$fpl$fnaninf                            0x0800296a   Section      140  fnaninf.o(x$fpl$fnaninf)
    $v0                                      0x0800296a   Number         0  fnaninf.o(x$fpl$fnaninf)
    x$fpl$fpinit                             0x080029f6   Section       10  fpinit.o(x$fpl$fpinit)
    $v0                                      0x080029f6   Number         0  fpinit.o(x$fpl$fpinit)
    x$fpl$fretinf                            0x08002a00   Section       10  fretinf.o(x$fpl$fretinf)
    $v0                                      0x08002a00   Number         0  fretinf.o(x$fpl$fretinf)
    x$fpl$printf1                            0x08002a0a   Section        4  printf1.o(x$fpl$printf1)
    $v0                                      0x08002a0a   Number         0  printf1.o(x$fpl$printf1)
    .constdata                               0x08002a0e   Section       17  __printf_flags_ss_wp.o(.constdata)
    x$fpl$usenofp                            0x08002a0e   Section        0  usenofp.o(x$fpl$usenofp)
    maptable                                 0x08002a0e   Data          17  __printf_flags_ss_wp.o(.constdata)
    .constdata                               0x08002a20   Section      148  bigflt0.o(.constdata)
    tenpwrs_x                                0x08002a20   Data          60  bigflt0.o(.constdata)
    tenpwrs_i                                0x08002a5c   Data          64  bigflt0.o(.constdata)
    locale$$data                             0x08002ad4   Section       28  lc_numeric_c.o(locale$$data)
    __lcnum_c_name                           0x08002ad8   Data           2  lc_numeric_c.o(locale$$data)
    __lcnum_c_start                          0x08002ae0   Data           0  lc_numeric_c.o(locale$$data)
    __lcnum_c_point                          0x08002aec   Data           0  lc_numeric_c.o(locale$$data)
    __lcnum_c_thousands                      0x08002aee   Data           0  lc_numeric_c.o(locale$$data)
    __lcnum_c_grouping                       0x08002aef   Data           0  lc_numeric_c.o(locale$$data)
    __lcnum_c_end                            0x08002af0   Data           0  lc_numeric_c.o(locale$$data)
    .data                                    0x20000000   Section       16  stm32f4xx_rcc.o(.data)
    APBAHBPrescTable                         0x20000000   Data          16  stm32f4xx_rcc.o(.data)
    .data                                    0x20000010   Section       10  usart.o(.data)
    .bss                                     0x2000001c   Section      600  usart.o(.bss)
    .bss                                     0x20000274   Section       96  libspace.o(.bss)
    HEAP                                     0x200002d8   Section      512  startup_stm32f40_41xxx.o(HEAP)
    Heap_Mem                                 0x200002d8   Data         512  startup_stm32f40_41xxx.o(HEAP)
    STACK                                    0x200004d8   Section     1024  startup_stm32f40_41xxx.o(STACK)
    Stack_Mem                                0x200004d8   Data        1024  startup_stm32f40_41xxx.o(STACK)
    __initial_sp                             0x200008d8   Data           0  startup_stm32f40_41xxx.o(STACK)

    Global Symbols

    Symbol Name                              Value     Ov Type        Size  Object(Section)

    BuildAttributes$$THM_ISAv4$E$P$D$K$B$S$7EM$VFPi3$EXTD16$VFPS$VFMA$PE$A:L22UL41UL21$X:L11$S22US41US21$IEEE1$IW$USESV6$~STKCKD$USESV7$~SHL$OTIME$ROPI$IEEEJ$EBA8$UX$STANDARDLIB$REQ8$PRES8$EABIv2 0x00000000   Number         0  anon$$obj.o ABSOLUTE
    __ARM_use_no_argv                        0x00000000   Number         0  main.o ABSOLUTE
    _printf_flags                            0x00000000   Number         0  printf_stubs.o ABSOLUTE
    _printf_return_value                     0x00000000   Number         0  printf_stubs.o ABSOLUTE
    _printf_sizespec                         0x00000000   Number         0  printf_stubs.o ABSOLUTE
    _printf_widthprec                        0x00000000   Number         0  printf_stubs.o ABSOLUTE
    __ARM_exceptions_init                     - Undefined Weak Reference
    __alloca_initialize                       - Undefined Weak Reference
    __arm_preinit_                            - Undefined Weak Reference
    __cpp_initialize__aeabi_                  - Undefined Weak Reference
    __cxa_finalize                            - Undefined Weak Reference
    __sigvec_lookup                           - Undefined Weak Reference
    _atexit_init                              - Undefined Weak Reference
    _call_atexit_fns                          - Undefined Weak Reference
    _clock_init                               - Undefined Weak Reference
    _fp_trap_init                             - Undefined Weak Reference
    _fp_trap_shutdown                         - Undefined Weak Reference
    _get_lc_collate                           - Undefined Weak Reference
    _get_lc_monetary                          - Undefined Weak Reference
    _get_lc_time                              - Undefined Weak Reference
    _getenv_init                              - Undefined Weak Reference
    _handle_redirection                       - Undefined Weak Reference
    _init_alloc                               - Undefined Weak Reference
    _init_user_alloc                          - Undefined Weak Reference
    _initio                                   - Undefined Weak Reference
    _mutex_acquire                            - Undefined Weak Reference
    _mutex_release                            - Undefined Weak Reference
    _printf_mbtowc                            - Undefined Weak Reference
    _printf_wc                                - Undefined Weak Reference
    _rand_init                                - Undefined Weak Reference
    _signal_finish                            - Undefined Weak Reference
    _signal_init                              - Undefined Weak Reference
    _terminate_alloc                          - Undefined Weak Reference
    _terminate_user_alloc                     - Undefined Weak Reference
    _terminateio                              - Undefined Weak Reference
    __Vectors_Size                           0x00000188   Number         0  startup_stm32f40_41xxx.o ABSOLUTE
    __Vectors                                0x08000000   Data           4  startup_stm32f40_41xxx.o(RESET)
    __Vectors_End                            0x08000188   Data           0  startup_stm32f40_41xxx.o(RESET)
    __main                                   0x08000189   Thumb Code     8  __main.o(!!!main)
    __scatterload                            0x08000191   Thumb Code     0  __scatter.o(!!!scatter)
    __scatterload_rt2                        0x08000191   Thumb Code    44  __scatter.o(!!!scatter)
    __scatterload_rt2_thumb_only             0x08000191   Thumb Code     0  __scatter.o(!!!scatter)
    __scatterload_null                       0x0800019f   Thumb Code     0  __scatter.o(!!!scatter)
    __scatterload_copy                       0x080001c5   Thumb Code    26  __scatter_copy.o(!!handler_copy)
    __scatterload_zeroinit                   0x080001e1   Thumb Code    28  __scatter_zi.o(!!handler_zi)
    _printf_f                                0x080001fd   Thumb Code     0  _printf_f.o(.ARM.Collect$$_printf_percent$$00000003)
    _printf_percent                          0x080001fd   Thumb Code     0  _printf_percent.o(.ARM.Collect$$_printf_percent$$00000000)
    _printf_c                                0x08000203   Thumb Code     0  _printf_c.o(.ARM.Collect$$_printf_percent$$00000013)
    _printf_percent_end                      0x08000209   Thumb Code     0  _printf_percent_end.o(.ARM.Collect$$_printf_percent$$00000017)
    __rt_lib_init                            0x0800020d   Thumb Code     0  libinit.o(.ARM.Collect$$libinit$$00000000)
    __rt_lib_init_fp_1                       0x0800020f   Thumb Code     0  libinit2.o(.ARM.Collect$$libinit$$00000001)
    __rt_lib_init_heap_1                     0x08000213   Thumb Code     0  libinit2.o(.ARM.Collect$$libinit$$0000000A)
    __rt_lib_init_lc_common                  0x08000213   Thumb Code     0  libinit2.o(.ARM.Collect$$libinit$$0000000F)
    __rt_lib_init_preinit_1                  0x08000213   Thumb Code     0  libinit2.o(.ARM.Collect$$libinit$$00000004)
    __rt_lib_init_rand_1                     0x08000213   Thumb Code     0  libinit2.o(.ARM.Collect$$libinit$$0000000E)
    __rt_lib_init_user_alloc_1               0x08000213   Thumb Code     0  libinit2.o(.ARM.Collect$$libinit$$0000000C)
    __rt_lib_init_lc_collate_1               0x08000219   Thumb Code     0  libinit2.o(.ARM.Collect$$libinit$$00000011)
    __rt_lib_init_lc_ctype_1                 0x08000219   Thumb Code     0  libinit2.o(.ARM.Collect$$libinit$$00000013)
    __rt_lib_init_lc_monetary_1              0x08000219   Thumb Code     0  libinit2.o(.ARM.Collect$$libinit$$00000015)
    __rt_lib_init_lc_numeric_2               0x08000219   Thumb Code     0  libinit2.o(.ARM.Collect$$libinit$$00000016)
    __rt_lib_init_alloca_1                   0x08000223   Thumb Code     0  libinit2.o(.ARM.Collect$$libinit$$0000002E)
    __rt_lib_init_argv_1                     0x08000223   Thumb Code     0  libinit2.o(.ARM.Collect$$libinit$$0000002C)
    __rt_lib_init_atexit_1                   0x08000223   Thumb Code     0  libinit2.o(.ARM.Collect$$libinit$$0000001B)
    __rt_lib_init_clock_1                    0x08000223   Thumb Code     0  libinit2.o(.ARM.Collect$$libinit$$00000021)
    __rt_lib_init_cpp_1                      0x08000223   Thumb Code     0  libinit2.o(.ARM.Collect$$libinit$$00000032)
    __rt_lib_init_exceptions_1               0x08000223   Thumb Code     0  libinit2.o(.ARM.Collect$$libinit$$00000030)
    __rt_lib_init_fp_trap_1                  0x08000223   Thumb Code     0  libinit2.o(.ARM.Collect$$libinit$$0000001F)
    __rt_lib_init_getenv_1                   0x08000223   Thumb Code     0  libinit2.o(.ARM.Collect$$libinit$$00000023)
    __rt_lib_init_lc_numeric_1               0x08000223   Thumb Code     0  libinit2.o(.ARM.Collect$$libinit$$00000017)
    __rt_lib_init_lc_time_1                  0x08000223   Thumb Code     0  libinit2.o(.ARM.Collect$$libinit$$00000019)
    __rt_lib_init_return                     0x08000223   Thumb Code     0  libinit2.o(.ARM.Collect$$libinit$$00000033)
    __rt_lib_init_signal_1                   0x08000223   Thumb Code     0  libinit2.o(.ARM.Collect$$libinit$$0000001D)
    __rt_lib_init_stdio_1                    0x08000223   Thumb Code     0  libinit2.o(.ARM.Collect$$libinit$$00000025)
    __rt_lib_shutdown                        0x08000225   Thumb Code     0  libshutdown.o(.ARM.Collect$$libshutdown$$00000000)
    __rt_lib_shutdown_cpp_1                  0x08000227   Thumb Code     0  libshutdown2.o(.ARM.Collect$$libshutdown$$00000002)
    __rt_lib_shutdown_fp_trap_1              0x08000227   Thumb Code     0  libshutdown2.o(.ARM.Collect$$libshutdown$$00000007)
    __rt_lib_shutdown_heap_1                 0x08000227   Thumb Code     0  libshutdown2.o(.ARM.Collect$$libshutdown$$0000000F)
    __rt_lib_shutdown_return                 0x08000227   Thumb Code     0  libshutdown2.o(.ARM.Collect$$libshutdown$$00000010)
    __rt_lib_shutdown_signal_1               0x08000227   Thumb Code     0  libshutdown2.o(.ARM.Collect$$libshutdown$$0000000A)
    __rt_lib_shutdown_stdio_1                0x08000227   Thumb Code     0  libshutdown2.o(.ARM.Collect$$libshutdown$$00000004)
    __rt_lib_shutdown_user_alloc_1           0x08000227   Thumb Code     0  libshutdown2.o(.ARM.Collect$$libshutdown$$0000000C)
    __rt_entry                               0x08000229   Thumb Code     0  __rtentry.o(.ARM.Collect$$rtentry$$00000000)
    __rt_entry_presh_1                       0x08000229   Thumb Code     0  __rtentry2.o(.ARM.Collect$$rtentry$$00000002)
    __rt_entry_sh                            0x08000229   Thumb Code     0  __rtentry4.o(.ARM.Collect$$rtentry$$00000004)
    __rt_entry_li                            0x0800022f   Thumb Code     0  __rtentry2.o(.ARM.Collect$$rtentry$$0000000A)
    __rt_entry_postsh_1                      0x0800022f   Thumb Code     0  __rtentry2.o(.ARM.Collect$$rtentry$$00000009)
    __rt_entry_main                          0x08000233   Thumb Code     0  __rtentry2.o(.ARM.Collect$$rtentry$$0000000D)
    __rt_entry_postli_1                      0x08000233   Thumb Code     0  __rtentry2.o(.ARM.Collect$$rtentry$$0000000C)
    __rt_exit                                0x0800023b   Thumb Code     0  rtexit.o(.ARM.Collect$$rtexit$$00000000)
    __rt_exit_ls                             0x0800023d   Thumb Code     0  rtexit2.o(.ARM.Collect$$rtexit$$00000003)
    __rt_exit_prels_1                        0x0800023d   Thumb Code     0  rtexit2.o(.ARM.Collect$$rtexit$$00000002)
    __rt_exit_exit                           0x08000241   Thumb Code     0  rtexit2.o(.ARM.Collect$$rtexit$$00000004)
    Reset_Handler                            0x08000249   Thumb Code     8  startup_stm32f40_41xxx.o(.text)
    ADC_IRQHandler                           0x08000263   Thumb Code     0  startup_stm32f40_41xxx.o(.text)
    CAN1_RX0_IRQHandler                      0x08000263   Thumb Code     0  startup_stm32f40_41xxx.o(.text)
    CAN1_RX1_IRQHandler                      0x08000263   Thumb Code     0  startup_stm32f40_41xxx.o(.text)
    CAN1_SCE_IRQHandler                      0x08000263   Thumb Code     0  startup_stm32f40_41xxx.o(.text)
    CAN1_TX_IRQHandler                       0x08000263   Thumb Code     0  startup_stm32f40_41xxx.o(.text)
    CAN2_RX0_IRQHandler                      0x08000263   Thumb Code     0  startup_stm32f40_41xxx.o(.text)
    CAN2_RX1_IRQHandler                      0x08000263   Thumb Code     0  startup_stm32f40_41xxx.o(.text)
    CAN2_SCE_IRQHandler                      0x08000263   Thumb Code     0  startup_stm32f40_41xxx.o(.text)
    CAN2_TX_IRQHandler                       0x08000263   Thumb Code     0  startup_stm32f40_41xxx.o(.text)
    CRYP_IRQHandler                          0x08000263   Thumb Code     0  startup_stm32f40_41xxx.o(.text)
    DCMI_IRQHandler                          0x08000263   Thumb Code     0  startup_stm32f40_41xxx.o(.text)
    DMA1_Stream0_IRQHandler                  0x08000263   Thumb Code     0  startup_stm32f40_41xxx.o(.text)
    DMA1_Stream1_IRQHandler                  0x08000263   Thumb Code     0  startup_stm32f40_41xxx.o(.text)
    DMA1_Stream2_IRQHandler                  0x08000263   Thumb Code     0  startup_stm32f40_41xxx.o(.text)
    DMA1_Stream3_IRQHandler                  0x08000263   Thumb Code     0  startup_stm32f40_41xxx.o(.text)
    DMA1_Stream4_IRQHandler                  0x08000263   Thumb Code     0  startup_stm32f40_41xxx.o(.text)
    DMA1_Stream5_IRQHandler                  0x08000263   Thumb Code     0  startup_stm32f40_41xxx.o(.text)
    DMA1_Stream6_IRQHandler                  0x08000263   Thumb Code     0  startup_stm32f40_41xxx.o(.text)
    DMA1_Stream7_IRQHandler                  0x08000263   Thumb Code     0  startup_stm32f40_41xxx.o(.text)
    DMA2_Stream0_IRQHandler                  0x08000263   Thumb Code     0  startup_stm32f40_41xxx.o(.text)
    DMA2_Stream1_IRQHandler                  0x08000263   Thumb Code     0  startup_stm32f40_41xxx.o(.text)
    DMA2_Stream2_IRQHandler                  0x08000263   Thumb Code     0  startup_stm32f40_41xxx.o(.text)
    DMA2_Stream3_IRQHandler                  0x08000263   Thumb Code     0  startup_stm32f40_41xxx.o(.text)
    DMA2_Stream4_IRQHandler                  0x08000263   Thumb Code     0  startup_stm32f40_41xxx.o(.text)
    DMA2_Stream5_IRQHandler                  0x08000263   Thumb Code     0  startup_stm32f40_41xxx.o(.text)
    DMA2_Stream6_IRQHandler                  0x08000263   Thumb Code     0  startup_stm32f40_41xxx.o(.text)
    DMA2_Stream7_IRQHandler                  0x08000263   Thumb Code     0  startup_stm32f40_41xxx.o(.text)
    ETH_IRQHandler                           0x08000263   Thumb Code     0  startup_stm32f40_41xxx.o(.text)
    ETH_WKUP_IRQHandler                      0x08000263   Thumb Code     0  startup_stm32f40_41xxx.o(.text)
    EXTI0_IRQHandler                         0x08000263   Thumb Code     0  startup_stm32f40_41xxx.o(.text)
    EXTI15_10_IRQHandler                     0x08000263   Thumb Code     0  startup_stm32f40_41xxx.o(.text)
    EXTI2_IRQHandler                         0x08000263   Thumb Code     0  startup_stm32f40_41xxx.o(.text)
    EXTI4_IRQHandler                         0x08000263   Thumb Code     0  startup_stm32f40_41xxx.o(.text)
    EXTI9_5_IRQHandler                       0x08000263   Thumb Code     0  startup_stm32f40_41xxx.o(.text)
    FLASH_IRQHandler                         0x08000263   Thumb Code     0  startup_stm32f40_41xxx.o(.text)
    FPU_IRQHandler                           0x08000263   Thumb Code     0  startup_stm32f40_41xxx.o(.text)
    FSMC_IRQHandler                          0x08000263   Thumb Code     0  startup_stm32f40_41xxx.o(.text)
    HASH_RNG_IRQHandler                      0x08000263   Thumb Code     0  startup_stm32f40_41xxx.o(.text)
    I2C1_ER_IRQHandler                       0x08000263   Thumb Code     0  startup_stm32f40_41xxx.o(.text)
    I2C1_EV_IRQHandler                       0x08000263   Thumb Code     0  startup_stm32f40_41xxx.o(.text)
    I2C2_ER_IRQHandler                       0x08000263   Thumb Code     0  startup_stm32f40_41xxx.o(.text)
    I2C2_EV_IRQHandler                       0x08000263   Thumb Code     0  startup_stm32f40_41xxx.o(.text)
    I2C3_ER_IRQHandler                       0x08000263   Thumb Code     0  startup_stm32f40_41xxx.o(.text)
    I2C3_EV_IRQHandler                       0x08000263   Thumb Code     0  startup_stm32f40_41xxx.o(.text)
    OTG_FS_IRQHandler                        0x08000263   Thumb Code     0  startup_stm32f40_41xxx.o(.text)
    OTG_FS_WKUP_IRQHandler                   0x08000263   Thumb Code     0  startup_stm32f40_41xxx.o(.text)
    OTG_HS_EP1_IN_IRQHandler                 0x08000263   Thumb Code     0  startup_stm32f40_41xxx.o(.text)
    OTG_HS_EP1_OUT_IRQHandler                0x08000263   Thumb Code     0  startup_stm32f40_41xxx.o(.text)
    OTG_HS_IRQHandler                        0x08000263   Thumb Code     0  startup_stm32f40_41xxx.o(.text)
    OTG_HS_WKUP_IRQHandler                   0x08000263   Thumb Code     0  startup_stm32f40_41xxx.o(.text)
    PVD_IRQHandler                           0x08000263   Thumb Code     0  startup_stm32f40_41xxx.o(.text)
    RCC_IRQHandler                           0x08000263   Thumb Code     0  startup_stm32f40_41xxx.o(.text)
    RTC_Alarm_IRQHandler                     0x08000263   Thumb Code     0  startup_stm32f40_41xxx.o(.text)
    RTC_WKUP_IRQHandler                      0x08000263   Thumb Code     0  startup_stm32f40_41xxx.o(.text)
    SDIO_IRQHandler                          0x08000263   Thumb Code     0  startup_stm32f40_41xxx.o(.text)
    SPI1_IRQHandler                          0x08000263   Thumb Code     0  startup_stm32f40_41xxx.o(.text)
    SPI2_IRQHandler                          0x08000263   Thumb Code     0  startup_stm32f40_41xxx.o(.text)
    SPI3_IRQHandler                          0x08000263   Thumb Code     0  startup_stm32f40_41xxx.o(.text)
    TAMP_STAMP_IRQHandler                    0x08000263   Thumb Code     0  startup_stm32f40_41xxx.o(.text)
    TIM1_BRK_TIM9_IRQHandler                 0x08000263   Thumb Code     0  startup_stm32f40_41xxx.o(.text)
    TIM1_CC_IRQHandler                       0x08000263   Thumb Code     0  startup_stm32f40_41xxx.o(.text)
    TIM1_TRG_COM_TIM11_IRQHandler            0x08000263   Thumb Code     0  startup_stm32f40_41xxx.o(.text)
    TIM1_UP_TIM10_IRQHandler                 0x08000263   Thumb Code     0  startup_stm32f40_41xxx.o(.text)
    TIM2_IRQHandler                          0x08000263   Thumb Code     0  startup_stm32f40_41xxx.o(.text)
    TIM3_IRQHandler                          0x08000263   Thumb Code     0  startup_stm32f40_41xxx.o(.text)
    TIM4_IRQHandler                          0x08000263   Thumb Code     0  startup_stm32f40_41xxx.o(.text)
    TIM5_IRQHandler                          0x08000263   Thumb Code     0  startup_stm32f40_41xxx.o(.text)
    TIM6_DAC_IRQHandler                      0x08000263   Thumb Code     0  startup_stm32f40_41xxx.o(.text)
    TIM7_IRQHandler                          0x08000263   Thumb Code     0  startup_stm32f40_41xxx.o(.text)
    TIM8_BRK_TIM12_IRQHandler                0x08000263   Thumb Code     0  startup_stm32f40_41xxx.o(.text)
    TIM8_CC_IRQHandler                       0x08000263   Thumb Code     0  startup_stm32f40_41xxx.o(.text)
    TIM8_TRG_COM_TIM14_IRQHandler            0x08000263   Thumb Code     0  startup_stm32f40_41xxx.o(.text)
    TIM8_UP_TIM13_IRQHandler                 0x08000263   Thumb Code     0  startup_stm32f40_41xxx.o(.text)
    UART4_IRQHandler                         0x08000263   Thumb Code     0  startup_stm32f40_41xxx.o(.text)
    UART5_IRQHandler                         0x08000263   Thumb Code     0  startup_stm32f40_41xxx.o(.text)
    USART6_IRQHandler                        0x08000263   Thumb Code     0  startup_stm32f40_41xxx.o(.text)
    WWDG_IRQHandler                          0x08000263   Thumb Code     0  startup_stm32f40_41xxx.o(.text)
    __user_initial_stackheap                 0x08000265   Thumb Code     0  startup_stm32f40_41xxx.o(.text)
    __use_no_semihosting                     0x08000289   Thumb Code     2  use_no_semi_2.o(.text)
    __2printf                                0x0800028d   Thumb Code    20  __2printf.o(.text)
    _printf_str                              0x080002a5   Thumb Code    82  _printf_str.o(.text)
    __printf                                 0x080002f9   Thumb Code   388  __printf_flags_ss_wp.o(.text)
    __use_two_region_memory                  0x08000481   Thumb Code     2  heapauxi.o(.text)
    __rt_heap_escrow$2region                 0x08000483   Thumb Code     2  heapauxi.o(.text)
    __rt_heap_expand$2region                 0x08000485   Thumb Code     2  heapauxi.o(.text)
    __I$use$semihosting                      0x08000487   Thumb Code     0  use_no_semi.o(.text)
    __use_no_semihosting_swi                 0x08000487   Thumb Code     2  use_no_semi.o(.text)
    __lib_sel_fp_printf                      0x08000489   Thumb Code     2  _printf_fp_dec.o(.text)
    _printf_fp_dec_real                      0x0800063b   Thumb Code   620  _printf_fp_dec.o(.text)
    _printf_char_common                      0x080008b3   Thumb Code    32  _printf_char_common.o(.text)
    _printf_cs_common                        0x080008d9   Thumb Code    20  _printf_char.o(.text)
    _printf_char                             0x080008ed   Thumb Code    16  _printf_char.o(.text)
    _printf_string                           0x080008fd   Thumb Code     8  _printf_char.o(.text)
    _printf_char_file                        0x08000905   Thumb Code    32  _printf_char_file.o(.text)
    __rt_locale                              0x08000929   Thumb Code     8  rt_locale_intlibspace.o(.text)
    _ll_udiv10                               0x08000931   Thumb Code   138  lludiv10.o(.text)
    _printf_fp_infnan                        0x080009bd   Thumb Code   112  _printf_fp_infnan.o(.text)
    _btod_etento                             0x08000a3d   Thumb Code   224  bigflt0.o(.text)
    ferror                                   0x08000b21   Thumb Code     8  ferror.o(.text)
    __user_libspace                          0x08000b29   Thumb Code     8  libspace.o(.text)
    __user_perproc_libspace                  0x08000b29   Thumb Code     0  libspace.o(.text)
    __user_perthread_libspace                0x08000b29   Thumb Code     0  libspace.o(.text)
    __user_setup_stackheap                   0x08000b31   Thumb Code    74  sys_stackheap_outer.o(.text)
    exit                                     0x08000b7b   Thumb Code    18  exit.o(.text)
    strcmp                                   0x08000b8d   Thumb Code   128  strcmpv7m.o(.text)
    _btod_d2e                                0x08000c0d   Thumb Code    62  btod.o(CL$$btod_d2e)
    _d2e_denorm_low                          0x08000c4b   Thumb Code    70  btod.o(CL$$btod_d2e_denorm_low)
    _d2e_norm_op1                            0x08000c91   Thumb Code    96  btod.o(CL$$btod_d2e_norm_op1)
    __btod_div_common                        0x08000cf1   Thumb Code   696  btod.o(CL$$btod_div_common)
    _e2e                                     0x08001029   Thumb Code   220  btod.o(CL$$btod_e2e)
    _btod_ediv                               0x08001105   Thumb Code    42  btod.o(CL$$btod_ediv)
    _btod_emul                               0x0800112f   Thumb Code    42  btod.o(CL$$btod_emul)
    __btod_mult_common                       0x08001159   Thumb Code   580  btod.o(CL$$btod_mult_common)
    BMI055_Configuration                     0x0800139d   Thumb Code   264  bmi055.o(i.BMI055_Configuration)
    BMI055_ReadBuffer                        0x080014b1   Thumb Code    90  bmi055.o(i.BMI055_ReadBuffer)
    BMI055_SendData                          0x08001515   Thumb Code    76  bmi055.o(i.BMI055_SendData)
    BusFault_Handler                         0x08001569   Thumb Code     4  stm32f4xx_it.o(i.BusFault_Handler)
    DebugMon_Handler                         0x0800156d   Thumb Code     2  stm32f4xx_it.o(i.DebugMon_Handler)
    EXTI1_IRQHandler                         0x0800156f   Thumb Code    16  bmi055.o(i.EXTI1_IRQHandler)
    EXTI3_IRQHandler                         0x0800157f   Thumb Code    16  bmi055.o(i.EXTI3_IRQHandler)
    EXTI_ClearITPendingBit                   0x08001591   Thumb Code     6  stm32f4xx_exti.o(i.EXTI_ClearITPendingBit)
    EXTI_GetITStatus                         0x0800159d   Thumb Code    20  stm32f4xx_exti.o(i.EXTI_GetITStatus)
    EXTI_Init                                0x080015b5   Thumb Code   142  stm32f4xx_exti.o(i.EXTI_Init)
    FLASH_PrefetchBufferCmd                  0x08001649   Thumb Code    30  stm32f4xx_flash.o(i.FLASH_PrefetchBufferCmd)
    FLASH_SetLatency                         0x0800166d   Thumb Code     6  stm32f4xx_flash.o(i.FLASH_SetLatency)
    GPIO_Init                                0x08001679   Thumb Code   144  stm32f4xx_gpio.o(i.GPIO_Init)
    GPIO_PinAFConfig                         0x08001709   Thumb Code    70  stm32f4xx_gpio.o(i.GPIO_PinAFConfig)
    HardFault_Handler                        0x0800174f   Thumb Code     4  stm32f4xx_it.o(i.HardFault_Handler)
    LED_Init                                 0x08001755   Thumb Code    46  led.o(i.LED_Init)
    MemManage_Handler                        0x0800178d   Thumb Code     4  stm32f4xx_it.o(i.MemManage_Handler)
    NMI_Handler                              0x08001791   Thumb Code     2  stm32f4xx_it.o(i.NMI_Handler)
    NVIC_Configuration                       0x08001793   Thumb Code    12  sys.o(i.NVIC_Configuration)
    NVIC_Init                                0x080017a1   Thumb Code   106  misc.o(i.NVIC_Init)
    NVIC_PriorityGroupConfig                 0x08001819   Thumb Code    10  misc.o(i.NVIC_PriorityGroupConfig)
    PendSV_Handler                           0x0800182d   Thumb Code     2  stm32f4xx_it.o(i.PendSV_Handler)
    RCC_AHB1PeriphClockCmd                   0x08001831   Thumb Code    26  stm32f4xx_rcc.o(i.RCC_AHB1PeriphClockCmd)
    RCC_APB2PeriphClockCmd                   0x08001851   Thumb Code    26  stm32f4xx_rcc.o(i.RCC_APB2PeriphClockCmd)
    RCC_Configuration                        0x08001871   Thumb Code   108  sys.o(i.RCC_Configuration)
    RCC_DeInit                               0x080018dd   Thumb Code    82  stm32f4xx_rcc.o(i.RCC_DeInit)
    RCC_GetClocksFreq                        0x08001941   Thumb Code   214  stm32f4xx_rcc.o(i.RCC_GetClocksFreq)
    RCC_GetFlagStatus                        0x08001a29   Thumb Code    60  stm32f4xx_rcc.o(i.RCC_GetFlagStatus)
    RCC_GetSYSCLKSource                      0x08001a69   Thumb Code    10  stm32f4xx_rcc.o(i.RCC_GetSYSCLKSource)
    RCC_HCLKConfig                           0x08001a79   Thumb Code    18  stm32f4xx_rcc.o(i.RCC_HCLKConfig)
    RCC_HSEConfig                            0x08001a91   Thumb Code    12  stm32f4xx_rcc.o(i.RCC_HSEConfig)
    RCC_PCLK1Config                          0x08001aa1   Thumb Code    18  stm32f4xx_rcc.o(i.RCC_PCLK1Config)
    RCC_PCLK2Config                          0x08001ab9   Thumb Code    20  stm32f4xx_rcc.o(i.RCC_PCLK2Config)
    RCC_PLLCmd                               0x08001ad1   Thumb Code     6  stm32f4xx_rcc.o(i.RCC_PLLCmd)
    RCC_PLLConfig                            0x08001add   Thumb Code    30  stm32f4xx_rcc.o(i.RCC_PLLConfig)
    RCC_SYSCLKConfig                         0x08001b01   Thumb Code    18  stm32f4xx_rcc.o(i.RCC_SYSCLKConfig)
    RCC_WaitForHSEStartUp                    0x08001b19   Thumb Code    56  stm32f4xx_rcc.o(i.RCC_WaitForHSEStartUp)
    SPI1_Configuration                       0x08001b51   Thumb Code   160  spi.o(i.SPI1_Configuration)
    SPI_Cmd                                  0x08001bf9   Thumb Code    24  stm32f4xx_spi.o(i.SPI_Cmd)
    SPI_I2S_GetFlagStatus                    0x08001c11   Thumb Code    18  stm32f4xx_spi.o(i.SPI_I2S_GetFlagStatus)
    SPI_I2S_ReceiveData                      0x08001c23   Thumb Code     6  stm32f4xx_spi.o(i.SPI_I2S_ReceiveData)
    SPI_I2S_SendData                         0x08001c29   Thumb Code     4  stm32f4xx_spi.o(i.SPI_I2S_SendData)
    SPI_Init                                 0x08001c2d   Thumb Code    60  stm32f4xx_spi.o(i.SPI_Init)
    SPI_ReadWriteByte                        0x08001c69   Thumb Code    52  spi.o(i.SPI_ReadWriteByte)
    SVC_Handler                              0x08001c9d   Thumb Code     2  stm32f4xx_it.o(i.SVC_Handler)
    SYSCFG_EXTILineConfig                    0x08001ca1   Thumb Code    60  stm32f4xx_syscfg.o(i.SYSCFG_EXTILineConfig)
    SysTick_Handler                          0x08001dcd   Thumb Code     2  stm32f4xx_it.o(i.SysTick_Handler)
    SystemInit                               0x08001dd1   Thumb Code    88  system_stm32f4xx.o(i.SystemInit)
    USART1_Configuration                     0x08001e39   Thumb Code   164  usart.o(i.USART1_Configuration)
    USART1_IRQHandler                        0x08001ee5   Thumb Code   132  usart.o(i.USART1_IRQHandler)
    USART2_IRQHandler                        0x08001f79   Thumb Code   132  usart.o(i.USART2_IRQHandler)
    USART3_IRQHandler                        0x0800200d   Thumb Code   132  usart.o(i.USART3_IRQHandler)
    USART_Cmd                                0x080020a1   Thumb Code    24  stm32f4xx_usart.o(i.USART_Cmd)
    USART_GetITStatus                        0x080020b9   Thumb Code    84  stm32f4xx_usart.o(i.USART_GetITStatus)
    USART_ITConfig                           0x0800210d   Thumb Code    74  stm32f4xx_usart.o(i.USART_ITConfig)
    USART_Init                               0x08002159   Thumb Code   204  stm32f4xx_usart.o(i.USART_Init)
    USART_ReceiveData                        0x0800222d   Thumb Code    10  stm32f4xx_usart.o(i.USART_ReceiveData)
    UsageFault_Handler                       0x08002237   Thumb Code     4  stm32f4xx_it.o(i.UsageFault_Handler)
    __ARM_fpclassify                         0x0800223b   Thumb Code    48  fpclassify.o(i.__ARM_fpclassify)
    _is_digit                                0x0800226b   Thumb Code    14  __printf_wp.o(i._is_digit)
    _sys_exit                                0x08002279   Thumb Code     6  usart.o(i._sys_exit)
    delay_ms                                 0x0800227f   Thumb Code    24  delay.o(i.delay_ms)
    delay_us                                 0x08002297   Thumb Code    66  delay.o(i.delay_us)
    fputc                                    0x080022d9   Thumb Code    22  usart.o(i.fputc)
    main                                     0x080022f5   Thumb Code   152  main.o(i.main)
    _get_lc_numeric                          0x080023a9   Thumb Code    44  lc_numeric_c.o(locale$$code)
    __aeabi_d2f                              0x080023d5   Thumb Code     0  d2f.o(x$fpl$d2f)
    _d2f                                     0x080023d5   Thumb Code    98  d2f.o(x$fpl$d2f)
    __aeabi_ddiv                             0x08002439   Thumb Code     0  ddiv.o(x$fpl$ddiv)
    _ddiv                                    0x08002439   Thumb Code   552  ddiv.o(x$fpl$ddiv)
    __aeabi_i2d                              0x080026e9   Thumb Code     0  dflt_clz.o(x$fpl$dflt)
    _dflt                                    0x080026e9   Thumb Code    46  dflt_clz.o(x$fpl$dflt)
    __aeabi_dmul                             0x08002719   Thumb Code     0  dmul.o(x$fpl$dmul)
    _dmul                                    0x08002719   Thumb Code   332  dmul.o(x$fpl$dmul)
    __fpl_dnaninf                            0x0800286d   Thumb Code   156  dnaninf.o(x$fpl$dnaninf)
    __fpl_dretinf                            0x08002909   Thumb Code    12  dretinf.o(x$fpl$dretinf)
    __aeabi_f2d                              0x08002915   Thumb Code     0  f2d.o(x$fpl$f2d)
    _f2d                                     0x08002915   Thumb Code    86  f2d.o(x$fpl$f2d)
    __fpl_fnaninf                            0x0800296b   Thumb Code   140  fnaninf.o(x$fpl$fnaninf)
    _fp_init                                 0x080029f7   Thumb Code    10  fpinit.o(x$fpl$fpinit)
    __fplib_config_fpu_vfp                   0x080029ff   Thumb Code     0  fpinit.o(x$fpl$fpinit)
    __fplib_config_pureend_doubles           0x080029ff   Thumb Code     0  fpinit.o(x$fpl$fpinit)
    __fpl_fretinf                            0x08002a01   Thumb Code    10  fretinf.o(x$fpl$fretinf)
    _printf_fp_dec                           0x08002a0b   Thumb Code     4  printf1.o(x$fpl$printf1)
    __I$use$fp                               0x08002a0e   Number         0  usenofp.o(x$fpl$usenofp)
    Region$$Table$$Base                      0x08002ab4   Number         0  anon$$obj.o(Region$$Table)
    Region$$Table$$Limit                     0x08002ad4   Number         0  anon$$obj.o(Region$$Table)
    __stdout                                 0x20000010   Data           4  usart.o(.data)
    USART1_RX_STA                            0x20000014   Data           2  usart.o(.data)
    USART2_RX_STA                            0x20000016   Data           2  usart.o(.data)
    USART3_RX_STA                            0x20000018   Data           2  usart.o(.data)
    USART1_RX_BUF                            0x2000001c   Data         200  usart.o(.bss)
    USART2_RX_BUF                            0x200000e4   Data         200  usart.o(.bss)
    USART3_RX_BUF                            0x200001ac   Data         200  usart.o(.bss)
    __libspace_start                         0x20000274   Data          96  libspace.o(.bss)
    __temporary_stack_top$libspace           0x200002d4   Data           0  libspace.o(.bss)



==============================================================================

Memory Map of the image

  Image Entry point : 0x08000189

  Load Region LR_IROM1 (Base: 0x08000000, Size: 0x00002b0c, Max: 0x00100000, ABSOLUTE)

    Execution Region ER_IROM1 (Exec base: 0x08000000, Load base: 0x08000000, Size: 0x00002af0, Max: 0x00100000, ABSOLUTE)

    Exec Addr    Load Addr    Size         Type   Attr      Idx    E Section Name        Object

    0x08000000   0x08000000   0x00000188   Data   RO         4840    RESET               startup_stm32f40_41xxx.o
    0x08000188   0x08000188   0x00000008   Code   RO         5430  * !!!main             c_w.l(__main.o)
    0x08000190   0x08000190   0x00000034   Code   RO         5754    !!!scatter          c_w.l(__scatter.o)
    0x080001c4   0x080001c4   0x0000001a   Code   RO         5756    !!handler_copy      c_w.l(__scatter_copy.o)
    0x080001de   0x080001de   0x00000002   PAD
    0x080001e0   0x080001e0   0x0000001c   Code   RO         5758    !!handler_zi        c_w.l(__scatter_zi.o)
    0x080001fc   0x080001fc   0x00000000   Code   RO         5425    .ARM.Collect$$_printf_percent$$00000000  c_w.l(_printf_percent.o)
    0x080001fc   0x080001fc   0x00000006   Code   RO         5424    .ARM.Collect$$_printf_percent$$00000003  c_w.l(_printf_f.o)
    0x08000202   0x08000202   0x00000006   Code   RO         5423    .ARM.Collect$$_printf_percent$$00000013  c_w.l(_printf_c.o)
    0x08000208   0x08000208   0x00000004   Code   RO         5516    .ARM.Collect$$_printf_percent$$00000017  c_w.l(_printf_percent_end.o)
    0x0800020c   0x0800020c   0x00000002   Code   RO         5628    .ARM.Collect$$libinit$$00000000  c_w.l(libinit.o)
    0x0800020e   0x0800020e   0x00000004   Code   RO         5629    .ARM.Collect$$libinit$$00000001  c_w.l(libinit2.o)
    0x08000212   0x08000212   0x00000000   Code   RO         5632    .ARM.Collect$$libinit$$00000004  c_w.l(libinit2.o)
    0x08000212   0x08000212   0x00000000   Code   RO         5635    .ARM.Collect$$libinit$$0000000A  c_w.l(libinit2.o)
    0x08000212   0x08000212   0x00000000   Code   RO         5637    .ARM.Collect$$libinit$$0000000C  c_w.l(libinit2.o)
    0x08000212   0x08000212   0x00000000   Code   RO         5639    .ARM.Collect$$libinit$$0000000E  c_w.l(libinit2.o)
    0x08000212   0x08000212   0x00000006   Code   RO         5640    .ARM.Collect$$libinit$$0000000F  c_w.l(libinit2.o)
    0x08000218   0x08000218   0x00000000   Code   RO         5642    .ARM.Collect$$libinit$$00000011  c_w.l(libinit2.o)
    0x08000218   0x08000218   0x00000000   Code   RO         5644    .ARM.Collect$$libinit$$00000013  c_w.l(libinit2.o)
    0x08000218   0x08000218   0x00000000   Code   RO         5646    .ARM.Collect$$libinit$$00000015  c_w.l(libinit2.o)
    0x08000218   0x08000218   0x0000000a   Code   RO         5647    .ARM.Collect$$libinit$$00000016  c_w.l(libinit2.o)
    0x08000222   0x08000222   0x00000000   Code   RO         5648    .ARM.Collect$$libinit$$00000017  c_w.l(libinit2.o)
    0x08000222   0x08000222   0x00000000   Code   RO         5650    .ARM.Collect$$libinit$$00000019  c_w.l(libinit2.o)
    0x08000222   0x08000222   0x00000000   Code   RO         5652    .ARM.Collect$$libinit$$0000001B  c_w.l(libinit2.o)
    0x08000222   0x08000222   0x00000000   Code   RO         5654    .ARM.Collect$$libinit$$0000001D  c_w.l(libinit2.o)
    0x08000222   0x08000222   0x00000000   Code   RO         5656    .ARM.Collect$$libinit$$0000001F  c_w.l(libinit2.o)
    0x08000222   0x08000222   0x00000000   Code   RO         5658    .ARM.Collect$$libinit$$00000021  c_w.l(libinit2.o)
    0x08000222   0x08000222   0x00000000   Code   RO         5660    .ARM.Collect$$libinit$$00000023  c_w.l(libinit2.o)
    0x08000222   0x08000222   0x00000000   Code   RO         5662    .ARM.Collect$$libinit$$00000025  c_w.l(libinit2.o)
    0x08000222   0x08000222   0x00000000   Code   RO         5666    .ARM.Collect$$libinit$$0000002C  c_w.l(libinit2.o)
    0x08000222   0x08000222   0x00000000   Code   RO         5668    .ARM.Collect$$libinit$$0000002E  c_w.l(libinit2.o)
    0x08000222   0x08000222   0x00000000   Code   RO         5670    .ARM.Collect$$libinit$$00000030  c_w.l(libinit2.o)
    0x08000222   0x08000222   0x00000000   Code   RO         5672    .ARM.Collect$$libinit$$00000032  c_w.l(libinit2.o)
    0x08000222   0x08000222   0x00000002   Code   RO         5673    .ARM.Collect$$libinit$$00000033  c_w.l(libinit2.o)
    0x08000224   0x08000224   0x00000002   Code   RO         5704    .ARM.Collect$$libshutdown$$00000000  c_w.l(libshutdown.o)
    0x08000226   0x08000226   0x00000000   Code   RO         5713    .ARM.Collect$$libshutdown$$00000002  c_w.l(libshutdown2.o)
    0x08000226   0x08000226   0x00000000   Code   RO         5715    .ARM.Collect$$libshutdown$$00000004  c_w.l(libshutdown2.o)
    0x08000226   0x08000226   0x00000000   Code   RO         5718    .ARM.Collect$$libshutdown$$00000007  c_w.l(libshutdown2.o)
    0x08000226   0x08000226   0x00000000   Code   RO         5721    .ARM.Collect$$libshutdown$$0000000A  c_w.l(libshutdown2.o)
    0x08000226   0x08000226   0x00000000   Code   RO         5723    .ARM.Collect$$libshutdown$$0000000C  c_w.l(libshutdown2.o)
    0x08000226   0x08000226   0x00000000   Code   RO         5726    .ARM.Collect$$libshutdown$$0000000F  c_w.l(libshutdown2.o)
    0x08000226   0x08000226   0x00000002   Code   RO         5727    .ARM.Collect$$libshutdown$$00000010  c_w.l(libshutdown2.o)
    0x08000228   0x08000228   0x00000000   Code   RO         5452    .ARM.Collect$$rtentry$$00000000  c_w.l(__rtentry.o)
    0x08000228   0x08000228   0x00000000   Code   RO         5542    .ARM.Collect$$rtentry$$00000002  c_w.l(__rtentry2.o)
    0x08000228   0x08000228   0x00000006   Code   RO         5554    .ARM.Collect$$rtentry$$00000004  c_w.l(__rtentry4.o)
    0x0800022e   0x0800022e   0x00000000   Code   RO         5544    .ARM.Collect$$rtentry$$00000009  c_w.l(__rtentry2.o)
    0x0800022e   0x0800022e   0x00000004   Code   RO         5545    .ARM.Collect$$rtentry$$0000000A  c_w.l(__rtentry2.o)
    0x08000232   0x08000232   0x00000000   Code   RO         5547    .ARM.Collect$$rtentry$$0000000C  c_w.l(__rtentry2.o)
    0x08000232   0x08000232   0x00000008   Code   RO         5548    .ARM.Collect$$rtentry$$0000000D  c_w.l(__rtentry2.o)
    0x0800023a   0x0800023a   0x00000002   Code   RO         5674    .ARM.Collect$$rtexit$$00000000  c_w.l(rtexit.o)
    0x0800023c   0x0800023c   0x00000000   Code   RO         5684    .ARM.Collect$$rtexit$$00000002  c_w.l(rtexit2.o)
    0x0800023c   0x0800023c   0x00000004   Code   RO         5685    .ARM.Collect$$rtexit$$00000003  c_w.l(rtexit2.o)
    0x08000240   0x08000240   0x00000006   Code   RO         5686    .ARM.Collect$$rtexit$$00000004  c_w.l(rtexit2.o)
    0x08000246   0x08000246   0x00000002   PAD
    0x08000248   0x08000248   0x00000040   Code   RO         4841    .text               startup_stm32f40_41xxx.o
    0x08000288   0x08000288   0x00000002   Code   RO         5391    .text               c_w.l(use_no_semi_2.o)
    0x0800028a   0x0800028a   0x00000002   PAD
    0x0800028c   0x0800028c   0x00000018   Code   RO         5395    .text               c_w.l(__2printf.o)
    0x080002a4   0x080002a4   0x00000052   Code   RO         5401    .text               c_w.l(_printf_str.o)
    0x080002f6   0x080002f6   0x00000002   PAD
    0x080002f8   0x080002f8   0x00000188   Code   RO         5420    .text               c_w.l(__printf_flags_ss_wp.o)
    0x08000480   0x08000480   0x00000006   Code   RO         5428    .text               c_w.l(heapauxi.o)
    0x08000486   0x08000486   0x00000002   Code   RO         5450    .text               c_w.l(use_no_semi.o)
    0x08000488   0x08000488   0x0000041e   Code   RO         5461    .text               c_w.l(_printf_fp_dec.o)
    0x080008a6   0x080008a6   0x00000002   PAD
    0x080008a8   0x080008a8   0x00000030   Code   RO         5463    .text               c_w.l(_printf_char_common.o)
    0x080008d8   0x080008d8   0x0000002c   Code   RO         5469    .text               c_w.l(_printf_char.o)
    0x08000904   0x08000904   0x00000024   Code   RO         5471    .text               c_w.l(_printf_char_file.o)
    0x08000928   0x08000928   0x00000008   Code   RO         5559    .text               c_w.l(rt_locale_intlibspace.o)
    0x08000930   0x08000930   0x0000008a   Code   RO         5561    .text               c_w.l(lludiv10.o)
    0x080009ba   0x080009ba   0x00000002   PAD
    0x080009bc   0x080009bc   0x00000080   Code   RO         5568    .text               c_w.l(_printf_fp_infnan.o)
    0x08000a3c   0x08000a3c   0x000000e4   Code   RO         5574    .text               c_w.l(bigflt0.o)
    0x08000b20   0x08000b20   0x00000008   Code   RO         5599    .text               c_w.l(ferror.o)
    0x08000b28   0x08000b28   0x00000008   Code   RO         5612    .text               c_w.l(libspace.o)
    0x08000b30   0x08000b30   0x0000004a   Code   RO         5615    .text               c_w.l(sys_stackheap_outer.o)
    0x08000b7a   0x08000b7a   0x00000012   Code   RO         5619    .text               c_w.l(exit.o)
    0x08000b8c   0x08000b8c   0x00000080   Code   RO         5621    .text               c_w.l(strcmpv7m.o)
    0x08000c0c   0x08000c0c   0x0000003e   Code   RO         5577    CL$$btod_d2e        c_w.l(btod.o)
    0x08000c4a   0x08000c4a   0x00000046   Code   RO         5579    CL$$btod_d2e_denorm_low  c_w.l(btod.o)
    0x08000c90   0x08000c90   0x00000060   Code   RO         5578    CL$$btod_d2e_norm_op1  c_w.l(btod.o)
    0x08000cf0   0x08000cf0   0x00000338   Code   RO         5587    CL$$btod_div_common  c_w.l(btod.o)
    0x08001028   0x08001028   0x000000dc   Code   RO         5584    CL$$btod_e2e        c_w.l(btod.o)
    0x08001104   0x08001104   0x0000002a   Code   RO         5581    CL$$btod_ediv       c_w.l(btod.o)
    0x0800112e   0x0800112e   0x0000002a   Code   RO         5580    CL$$btod_emul       c_w.l(btod.o)
    0x08001158   0x08001158   0x00000244   Code   RO         5586    CL$$btod_mult_common  c_w.l(btod.o)
    0x0800139c   0x0800139c   0x00000114   Code   RO         5106    i.BMI055_Configuration  bmi055.o
    0x080014b0   0x080014b0   0x00000064   Code   RO         5107    i.BMI055_ReadBuffer  bmi055.o
    0x08001514   0x08001514   0x00000054   Code   RO         5109    i.BMI055_SendData   bmi055.o
    0x08001568   0x08001568   0x00000004   Code   RO         5283    i.BusFault_Handler  stm32f4xx_it.o
    0x0800156c   0x0800156c   0x00000002   Code   RO         5284    i.DebugMon_Handler  stm32f4xx_it.o
    0x0800156e   0x0800156e   0x00000010   Code   RO         5110    i.EXTI1_IRQHandler  bmi055.o
    0x0800157e   0x0800157e   0x00000010   Code   RO         5111    i.EXTI3_IRQHandler  bmi055.o
    0x0800158e   0x0800158e   0x00000002   PAD
    0x08001590   0x08001590   0x0000000c   Code   RO         1357    i.EXTI_ClearITPendingBit  stm32f4xx_exti.o
    0x0800159c   0x0800159c   0x00000018   Code   RO         1361    i.EXTI_GetITStatus  stm32f4xx_exti.o
    0x080015b4   0x080015b4   0x00000094   Code   RO         1362    i.EXTI_Init         stm32f4xx_exti.o
    0x08001648   0x08001648   0x00000024   Code   RO         1450    i.FLASH_PrefetchBufferCmd  stm32f4xx_flash.o
    0x0800166c   0x0800166c   0x0000000c   Code   RO         1455    i.FLASH_SetLatency  stm32f4xx_flash.o
    0x08001678   0x08001678   0x00000090   Code   RO         1833    i.GPIO_Init         stm32f4xx_gpio.o
    0x08001708   0x08001708   0x00000046   Code   RO         1834    i.GPIO_PinAFConfig  stm32f4xx_gpio.o
    0x0800174e   0x0800174e   0x00000004   Code   RO         5285    i.HardFault_Handler  stm32f4xx_it.o
    0x08001752   0x08001752   0x00000002   PAD
    0x08001754   0x08001754   0x00000038   Code   RO         5159    i.LED_Init          led.o
    0x0800178c   0x0800178c   0x00000004   Code   RO         5286    i.MemManage_Handler  stm32f4xx_it.o
    0x08001790   0x08001790   0x00000002   Code   RO         5287    i.NMI_Handler       stm32f4xx_it.o
    0x08001792   0x08001792   0x0000000c   Code   RO         5226    i.NVIC_Configuration  sys.o
    0x0800179e   0x0800179e   0x00000002   PAD
    0x080017a0   0x080017a0   0x00000078   Code   RO            3    i.NVIC_Init         misc.o
    0x08001818   0x08001818   0x00000014   Code   RO            4    i.NVIC_PriorityGroupConfig  misc.o
    0x0800182c   0x0800182c   0x00000002   Code   RO         5288    i.PendSV_Handler    stm32f4xx_it.o
    0x0800182e   0x0800182e   0x00000002   PAD
    0x08001830   0x08001830   0x00000020   Code   RO         2697    i.RCC_AHB1PeriphClockCmd  stm32f4xx_rcc.o
    0x08001850   0x08001850   0x00000020   Code   RO         2709    i.RCC_APB2PeriphClockCmd  stm32f4xx_rcc.o
    0x08001870   0x08001870   0x0000006c   Code   RO         5227    i.RCC_Configuration  sys.o
    0x080018dc   0x080018dc   0x00000064   Code   RO         2717    i.RCC_DeInit        stm32f4xx_rcc.o
    0x08001940   0x08001940   0x000000e8   Code   RO         2718    i.RCC_GetClocksFreq  stm32f4xx_rcc.o
    0x08001a28   0x08001a28   0x00000040   Code   RO         2719    i.RCC_GetFlagStatus  stm32f4xx_rcc.o
    0x08001a68   0x08001a68   0x00000010   Code   RO         2721    i.RCC_GetSYSCLKSource  stm32f4xx_rcc.o
    0x08001a78   0x08001a78   0x00000018   Code   RO         2722    i.RCC_HCLKConfig    stm32f4xx_rcc.o
    0x08001a90   0x08001a90   0x00000010   Code   RO         2723    i.RCC_HSEConfig     stm32f4xx_rcc.o
    0x08001aa0   0x08001aa0   0x00000018   Code   RO         2733    i.RCC_PCLK1Config   stm32f4xx_rcc.o
    0x08001ab8   0x08001ab8   0x00000018   Code   RO         2734    i.RCC_PCLK2Config   stm32f4xx_rcc.o
    0x08001ad0   0x08001ad0   0x0000000c   Code   RO         2735    i.RCC_PLLCmd        stm32f4xx_rcc.o
    0x08001adc   0x08001adc   0x00000024   Code   RO         2736    i.RCC_PLLConfig     stm32f4xx_rcc.o
    0x08001b00   0x08001b00   0x00000018   Code   RO         2747    i.RCC_SYSCLKConfig  stm32f4xx_rcc.o
    0x08001b18   0x08001b18   0x00000038   Code   RO         2749    i.RCC_WaitForHSEStartUp  stm32f4xx_rcc.o
    0x08001b50   0x08001b50   0x000000a8   Code   RO         5071    i.SPI1_Configuration  spi.o
    0x08001bf8   0x08001bf8   0x00000018   Code   RO         3814    i.SPI_Cmd           stm32f4xx_spi.o
    0x08001c10   0x08001c10   0x00000012   Code   RO         3822    i.SPI_I2S_GetFlagStatus  stm32f4xx_spi.o
    0x08001c22   0x08001c22   0x00000006   Code   RO         3825    i.SPI_I2S_ReceiveData  stm32f4xx_spi.o
    0x08001c28   0x08001c28   0x00000004   Code   RO         3826    i.SPI_I2S_SendData  stm32f4xx_spi.o
    0x08001c2c   0x08001c2c   0x0000003c   Code   RO         3827    i.SPI_Init          stm32f4xx_spi.o
    0x08001c68   0x08001c68   0x00000034   Code   RO         5073    i.SPI_ReadWriteByte  spi.o
    0x08001c9c   0x08001c9c   0x00000002   Code   RO         5289    i.SVC_Handler       stm32f4xx_it.o
    0x08001c9e   0x08001c9e   0x00000002   PAD
    0x08001ca0   0x08001ca0   0x00000040   Code   RO         3975    i.SYSCFG_EXTILineConfig  stm32f4xx_syscfg.o
    0x08001ce0   0x08001ce0   0x000000ec   Code   RO         5354    i.SetSysClock       system_stm32f4xx.o
    0x08001dcc   0x08001dcc   0x00000002   Code   RO         5290    i.SysTick_Handler   stm32f4xx_it.o
    0x08001dce   0x08001dce   0x00000002   PAD
    0x08001dd0   0x08001dd0   0x00000068   Code   RO         5356    i.SystemInit        system_stm32f4xx.o
    0x08001e38   0x08001e38   0x000000ac   Code   RO         4971    i.USART1_Configuration  usart.o
    0x08001ee4   0x08001ee4   0x00000094   Code   RO         4972    i.USART1_IRQHandler  usart.o
    0x08001f78   0x08001f78   0x00000094   Code   RO         4975    i.USART2_IRQHandler  usart.o
    0x0800200c   0x0800200c   0x00000094   Code   RO         4978    i.USART3_IRQHandler  usart.o
    0x080020a0   0x080020a0   0x00000018   Code   RO         4594    i.USART_Cmd         stm32f4xx_usart.o
    0x080020b8   0x080020b8   0x00000054   Code   RO         4598    i.USART_GetITStatus  stm32f4xx_usart.o
    0x0800210c   0x0800210c   0x0000004a   Code   RO         4600    i.USART_ITConfig    stm32f4xx_usart.o
    0x08002156   0x08002156   0x00000002   PAD
    0x08002158   0x08002158   0x000000d4   Code   RO         4601    i.USART_Init        stm32f4xx_usart.o
    0x0800222c   0x0800222c   0x0000000a   Code   RO         4608    i.USART_ReceiveData  stm32f4xx_usart.o
    0x08002236   0x08002236   0x00000004   Code   RO         5291    i.UsageFault_Handler  stm32f4xx_it.o
    0x0800223a   0x0800223a   0x00000030   Code   RO         5610    i.__ARM_fpclassify  m_wm.l(fpclassify.o)
    0x0800226a   0x0800226a   0x0000000e   Code   RO         5413    i._is_digit         c_w.l(__printf_wp.o)
    0x08002278   0x08002278   0x00000006   Code   RO         4980    i._sys_exit         usart.o
    0x0800227e   0x0800227e   0x00000018   Code   RO         5199    i.delay_ms          delay.o
    0x08002296   0x08002296   0x00000042   Code   RO         5200    i.delay_us          delay.o
    0x080022d8   0x080022d8   0x0000001c   Code   RO         4981    i.fputc             usart.o
    0x080022f4   0x080022f4   0x000000b4   Code   RO         5255    i.main              main.o
    0x080023a8   0x080023a8   0x0000002c   Code   RO         5606    locale$$code        c_w.l(lc_numeric_c.o)
    0x080023d4   0x080023d4   0x00000062   Code   RO         5432    x$fpl$d2f           fz_wm.l(d2f.o)
    0x08002436   0x08002436   0x00000002   PAD
    0x08002438   0x08002438   0x000002b0   Code   RO         5435    x$fpl$ddiv          fz_wm.l(ddiv.o)
    0x080026e8   0x080026e8   0x0000002e   Code   RO         5439    x$fpl$dflt          fz_wm.l(dflt_clz.o)
    0x08002716   0x08002716   0x00000002   PAD
    0x08002718   0x08002718   0x00000154   Code   RO         5444    x$fpl$dmul          fz_wm.l(dmul.o)
    0x0800286c   0x0800286c   0x0000009c   Code   RO         5526    x$fpl$dnaninf       fz_wm.l(dnaninf.o)
    0x08002908   0x08002908   0x0000000c   Code   RO         5528    x$fpl$dretinf       fz_wm.l(dretinf.o)
    0x08002914   0x08002914   0x00000056   Code   RO         5446    x$fpl$f2d           fz_wm.l(f2d.o)
    0x0800296a   0x0800296a   0x0000008c   Code   RO         5530    x$fpl$fnaninf       fz_wm.l(fnaninf.o)
    0x080029f6   0x080029f6   0x0000000a   Code   RO         5681    x$fpl$fpinit        fz_wm.l(fpinit.o)
    0x08002a00   0x08002a00   0x0000000a   Code   RO         5532    x$fpl$fretinf       fz_wm.l(fretinf.o)
    0x08002a0a   0x08002a0a   0x00000004   Code   RO         5448    x$fpl$printf1       fz_wm.l(printf1.o)
    0x08002a0e   0x08002a0e   0x00000000   Code   RO         5540    x$fpl$usenofp       fz_wm.l(usenofp.o)
    0x08002a0e   0x08002a0e   0x00000011   Data   RO         5421    .constdata          c_w.l(__printf_flags_ss_wp.o)
    0x08002a1f   0x08002a1f   0x00000001   PAD
    0x08002a20   0x08002a20   0x00000094   Data   RO         5575    .constdata          c_w.l(bigflt0.o)
    0x08002ab4   0x08002ab4   0x00000020   Data   RO         5752    Region$$Table       anon$$obj.o
    0x08002ad4   0x08002ad4   0x0000001c   Data   RO         5605    locale$$data        c_w.l(lc_numeric_c.o)


    Execution Region RW_IRAM1 (Exec base: 0x20000000, Load base: 0x08002af0, Size: 0x000008d8, Max: 0x00020000, ABSOLUTE)

    Exec Addr    Load Addr    Size         Type   Attr      Idx    E Section Name        Object

    0x20000000   0x08002af0   0x00000010   Data   RW         2750    .data               stm32f4xx_rcc.o
    0x20000010   0x08002b00   0x0000000a   Data   RW         4983    .data               usart.o
    0x2000001a   0x08002b0a   0x00000002   PAD
    0x2000001c        -       0x00000258   Zero   RW         4982    .bss                usart.o
    0x20000274        -       0x00000060   Zero   RW         5613    .bss                c_w.l(libspace.o)
    0x200002d4   0x08002b0a   0x00000004   PAD
    0x200002d8        -       0x00000200   Zero   RW         4839    HEAP                startup_stm32f40_41xxx.o
    0x200004d8        -       0x00000400   Zero   RW         4838    STACK               startup_stm32f40_41xxx.o


==============================================================================

Image component sizes


      Code (inc. data)   RO Data    RW Data    ZI Data      Debug   Object Name

       492         30          0          0          0       4575   bmi055.o
        90          0          0          0          0       1038   delay.o
        56         10          0          0          0        515   led.o
       180         28          0          0          0       1191   main.o
       140         24          0          0          0     273951   misc.o
       220          8          0          0          0       1665   spi.o
        64         26        392          0       1536        832   startup_stm32f40_41xxx.o
       184         16          0          0          0       2160   stm32f4xx_exti.o
        48         12          0          0          0       1057   stm32f4xx_flash.o
       214          0          0          0          0       1851   stm32f4xx_gpio.o
        26          0          0          0          0       4094   stm32f4xx_it.o
       692         96          0         16          0      10294   stm32f4xx_rcc.o
       112          0          0          0          0       3534   stm32f4xx_spi.o
        64          4          0          0          0        640   stm32f4xx_syscfg.o
       404          8          0          0          0       4306   stm32f4xx_usart.o
       120          0          0          0          0       1073   sys.o
       340         32          0          0          0       1621   system_stm32f4xx.o
       650         62          0         10        600       6457   usart.o

    ----------------------------------------------------------------------
      4110        356        424         28       2136     320854   Object Totals
         0          0         32          0          0          0   (incl. Generated)
        14          0          0          2          0          0   (incl. Padding)

    ----------------------------------------------------------------------

      Code (inc. data)   RO Data    RW Data    ZI Data      Debug   Library Member Name

        24          4          0          0          0         84   __2printf.o
         8          0          0          0          0         68   __main.o
       392          4         17          0          0         92   __printf_flags_ss_wp.o
        14          0          0          0          0         68   __printf_wp.o
         0          0          0          0          0          0   __rtentry.o
        12          0          0          0          0          0   __rtentry2.o
         6          0          0          0          0          0   __rtentry4.o
        52          8          0          0          0          0   __scatter.o
        26          0          0          0          0          0   __scatter_copy.o
        28          0          0          0          0          0   __scatter_zi.o
         6          0          0          0          0          0   _printf_c.o
        44          0          0          0          0        108   _printf_char.o
        48          6          0          0          0         96   _printf_char_common.o
        36          4          0          0          0         80   _printf_char_file.o
         6          0          0          0          0          0   _printf_f.o
      1054          0          0          0          0        216   _printf_fp_dec.o
       128         16          0          0          0         84   _printf_fp_infnan.o
         0          0          0          0          0          0   _printf_percent.o
         4          0          0          0          0          0   _printf_percent_end.o
        82          0          0          0          0         80   _printf_str.o
       228          4        148          0          0         96   bigflt0.o
      1936        128          0          0          0        672   btod.o
        18          0          0          0          0         80   exit.o
         8          0          0          0          0         68   ferror.o
         6          0          0          0          0        152   heapauxi.o
        44         10         28          0          0         76   lc_numeric_c.o
         2          0          0          0          0          0   libinit.o
        22          0          0          0          0          0   libinit2.o
         2          0          0          0          0          0   libshutdown.o
         2          0          0          0          0          0   libshutdown2.o
         8          4          0          0         96         68   libspace.o
       138          0          0          0          0         80   lludiv10.o
         8          4          0          0          0         68   rt_locale_intlibspace.o
         2          0          0          0          0          0   rtexit.o
        10          0          0          0          0          0   rtexit2.o
       128          0          0          0          0         68   strcmpv7m.o
        74          0          0          0          0         80   sys_stackheap_outer.o
         2          0          0          0          0         68   use_no_semi.o
         2          0          0          0          0         68   use_no_semi_2.o
        98          4          0          0          0        140   d2f.o
       688        140          0          0          0        256   ddiv.o
        46          0          0          0          0        116   dflt_clz.o
       340         12          0          0          0        152   dmul.o
       156          4          0          0          0        140   dnaninf.o
        12          0          0          0          0        116   dretinf.o
        86          4          0          0          0        132   f2d.o
       140          4          0          0          0        132   fnaninf.o
        10          0          0          0          0        116   fpinit.o
        10          0          0          0          0        116   fretinf.o
         4          0          0          0          0        116   printf1.o
         0          0          0          0          0          0   usenofp.o
        48          0          0          0          0        124   fpclassify.o

    ----------------------------------------------------------------------
      6264        360        194          0        100       4276   Library Totals
        16          0          1          0          4          0   (incl. Padding)

    ----------------------------------------------------------------------

      Code (inc. data)   RO Data    RW Data    ZI Data      Debug   Library Name

      4610        192        193          0         96       2620   c_w.l
      1590        168          0          0          0       1532   fz_wm.l
        48          0          0          0          0        124   m_wm.l

    ----------------------------------------------------------------------
      6264        360        194          0        100       4276   Library Totals

    ----------------------------------------------------------------------

==============================================================================


      Code (inc. data)   RO Data    RW Data    ZI Data      Debug   

     10374        716        618         28       2236     316826   Grand Totals
     10374        716        618         28       2236     316826   ELF Image Totals
     10374        716        618         28          0          0   ROM Totals

==============================================================================

    Total RO  Size (Code + RO Data)                10992 (  10.73kB)
    Total RW  Size (RW Data + ZI Data)              2264 (   2.21kB)
    Total ROM Size (Code + RO Data + RW Data)      11020 (  10.76kB)

==============================================================================

